Archive member included to satisfy reference by file (symbol)

c:/program files (x86)/gnu tools arm embedded/5.2 2015q4/bin/../lib/gcc/arm-none-eabi/5.2.1/../../../../arm-none-eabi/lib/armv7-m\libc.a(lib_a-exit.o)
                              c:/program files (x86)/gnu tools arm embedded/5.2 2015q4/bin/../lib/gcc/arm-none-eabi/5.2.1/../../../../arm-none-eabi/lib/armv7-m/crt0.o (exit)
c:/program files (x86)/gnu tools arm embedded/5.2 2015q4/bin/../lib/gcc/arm-none-eabi/5.2.1/../../../../arm-none-eabi/lib/armv7-m\libc.a(lib_a-impure.o)
                              c:/program files (x86)/gnu tools arm embedded/5.2 2015q4/bin/../lib/gcc/arm-none-eabi/5.2.1/../../../../arm-none-eabi/lib/armv7-m\libc.a(lib_a-exit.o) (_global_impure_ptr)
c:/program files (x86)/gnu tools arm embedded/5.2 2015q4/bin/../lib/gcc/arm-none-eabi/5.2.1/../../../../arm-none-eabi/lib/armv7-m\libc.a(lib_a-init.o)
                              c:/program files (x86)/gnu tools arm embedded/5.2 2015q4/bin/../lib/gcc/arm-none-eabi/5.2.1/../../../../arm-none-eabi/lib/armv7-m/crt0.o (__libc_init_array)
c:/program files (x86)/gnu tools arm embedded/5.2 2015q4/bin/../lib/gcc/arm-none-eabi/5.2.1/../../../../arm-none-eabi/lib/armv7-m\libc.a(lib_a-memset.o)
                              c:/program files (x86)/gnu tools arm embedded/5.2 2015q4/bin/../lib/gcc/arm-none-eabi/5.2.1/../../../../arm-none-eabi/lib/armv7-m/crt0.o (memset)
c:/program files (x86)/gnu tools arm embedded/5.2 2015q4/bin/../lib/gcc/arm-none-eabi/5.2.1/../../../../arm-none-eabi/lib/armv7-m\libc.a(lib_a-__call_atexit.o)
                              c:/program files (x86)/gnu tools arm embedded/5.2 2015q4/bin/../lib/gcc/arm-none-eabi/5.2.1/../../../../arm-none-eabi/lib/armv7-m\libc.a(lib_a-exit.o) (__call_exitprocs)
c:/program files (x86)/gnu tools arm embedded/5.2 2015q4/bin/../lib/gcc/arm-none-eabi/5.2.1/../../../../arm-none-eabi/lib/armv7-m\libc.a(lib_a-atexit.o)
                              c:/program files (x86)/gnu tools arm embedded/5.2 2015q4/bin/../lib/gcc/arm-none-eabi/5.2.1/../../../../arm-none-eabi/lib/armv7-m\libc.a(lib_a-__call_atexit.o) (atexit)
c:/program files (x86)/gnu tools arm embedded/5.2 2015q4/bin/../lib/gcc/arm-none-eabi/5.2.1/../../../../arm-none-eabi/lib/armv7-m\libc.a(lib_a-fini.o)
                              c:/program files (x86)/gnu tools arm embedded/5.2 2015q4/bin/../lib/gcc/arm-none-eabi/5.2.1/../../../../arm-none-eabi/lib/armv7-m\libc.a(lib_a-__call_atexit.o) (__libc_fini_array)
c:/program files (x86)/gnu tools arm embedded/5.2 2015q4/bin/../lib/gcc/arm-none-eabi/5.2.1/../../../../arm-none-eabi/lib/armv7-m\libc.a(lib_a-__atexit.o)
                              c:/program files (x86)/gnu tools arm embedded/5.2 2015q4/bin/../lib/gcc/arm-none-eabi/5.2.1/../../../../arm-none-eabi/lib/armv7-m\libc.a(lib_a-atexit.o) (__register_exitproc)
c:/program files (x86)/gnu tools arm embedded/5.2 2015q4/bin/../lib/gcc/arm-none-eabi/5.2.1/../../../../arm-none-eabi/lib/armv7-m\libg.a(lib_a-strlen-stub.o)
                              ..\obj\stm32f1xx_it.o (strlen)

Allocating common symbols
Common symbol       size              file

htim4               0x3c              ..\obj\main.o
hi2c1               0x3c              ..\obj\main.o
pFlash              0x20              ..\obj\stm32f1xx_hal_flash.o
hrtc                0x14              ..\obj\main.o
huart2              0x40              ..\obj\main.o

Discarded input sections

 .text          0x00000000        0x0 c:/program files (x86)/gnu tools arm embedded/5.2 2015q4/bin/../lib/gcc/arm-none-eabi/5.2.1/armv7-m/crti.o
 .data          0x00000000        0x0 c:/program files (x86)/gnu tools arm embedded/5.2 2015q4/bin/../lib/gcc/arm-none-eabi/5.2.1/armv7-m/crti.o
 .bss           0x00000000        0x0 c:/program files (x86)/gnu tools arm embedded/5.2 2015q4/bin/../lib/gcc/arm-none-eabi/5.2.1/armv7-m/crti.o
 .data          0x00000000        0x4 c:/program files (x86)/gnu tools arm embedded/5.2 2015q4/bin/../lib/gcc/arm-none-eabi/5.2.1/armv7-m/crtbegin.o
 .text          0x00000000       0x74 c:/program files (x86)/gnu tools arm embedded/5.2 2015q4/bin/../lib/gcc/arm-none-eabi/5.2.1/../../../../arm-none-eabi/lib/armv7-m/crt0.o
 .data          0x00000000        0x0 c:/program files (x86)/gnu tools arm embedded/5.2 2015q4/bin/../lib/gcc/arm-none-eabi/5.2.1/../../../../arm-none-eabi/lib/armv7-m/crt0.o
 .bss           0x00000000        0x0 c:/program files (x86)/gnu tools arm embedded/5.2 2015q4/bin/../lib/gcc/arm-none-eabi/5.2.1/../../../../arm-none-eabi/lib/armv7-m/crt0.o
 .ARM.extab     0x00000000        0x0 c:/program files (x86)/gnu tools arm embedded/5.2 2015q4/bin/../lib/gcc/arm-none-eabi/5.2.1/../../../../arm-none-eabi/lib/armv7-m/crt0.o
 .ARM.exidx     0x00000000        0x8 c:/program files (x86)/gnu tools arm embedded/5.2 2015q4/bin/../lib/gcc/arm-none-eabi/5.2.1/../../../../arm-none-eabi/lib/armv7-m/crt0.o
 .ARM.attributes
                0x00000000       0x1b c:/program files (x86)/gnu tools arm embedded/5.2 2015q4/bin/../lib/gcc/arm-none-eabi/5.2.1/../../../../arm-none-eabi/lib/armv7-m/crt0.o
 .text          0x00000000        0x0 c:/program files (x86)/gnu tools arm embedded/5.2 2015q4/bin/../lib/gcc/arm-none-eabi/5.2.1/../../../../arm-none-eabi/lib/armv7-m\libc.a(lib_a-exit.o)
 .data          0x00000000        0x0 c:/program files (x86)/gnu tools arm embedded/5.2 2015q4/bin/../lib/gcc/arm-none-eabi/5.2.1/../../../../arm-none-eabi/lib/armv7-m\libc.a(lib_a-exit.o)
 .bss           0x00000000        0x0 c:/program files (x86)/gnu tools arm embedded/5.2 2015q4/bin/../lib/gcc/arm-none-eabi/5.2.1/../../../../arm-none-eabi/lib/armv7-m\libc.a(lib_a-exit.o)
 .text.exit     0x00000000       0x20 c:/program files (x86)/gnu tools arm embedded/5.2 2015q4/bin/../lib/gcc/arm-none-eabi/5.2.1/../../../../arm-none-eabi/lib/armv7-m\libc.a(lib_a-exit.o)
 .debug_frame   0x00000000       0x28 c:/program files (x86)/gnu tools arm embedded/5.2 2015q4/bin/../lib/gcc/arm-none-eabi/5.2.1/../../../../arm-none-eabi/lib/armv7-m\libc.a(lib_a-exit.o)
 .ARM.attributes
                0x00000000       0x2d c:/program files (x86)/gnu tools arm embedded/5.2 2015q4/bin/../lib/gcc/arm-none-eabi/5.2.1/../../../../arm-none-eabi/lib/armv7-m\libc.a(lib_a-exit.o)
 .text          0x00000000        0x0 c:/program files (x86)/gnu tools arm embedded/5.2 2015q4/bin/../lib/gcc/arm-none-eabi/5.2.1/../../../../arm-none-eabi/lib/armv7-m\libc.a(lib_a-impure.o)
 .data          0x00000000        0x0 c:/program files (x86)/gnu tools arm embedded/5.2 2015q4/bin/../lib/gcc/arm-none-eabi/5.2.1/../../../../arm-none-eabi/lib/armv7-m\libc.a(lib_a-impure.o)
 .bss           0x00000000        0x0 c:/program files (x86)/gnu tools arm embedded/5.2 2015q4/bin/../lib/gcc/arm-none-eabi/5.2.1/../../../../arm-none-eabi/lib/armv7-m\libc.a(lib_a-impure.o)
 .data._impure_ptr
                0x00000000        0x4 c:/program files (x86)/gnu tools arm embedded/5.2 2015q4/bin/../lib/gcc/arm-none-eabi/5.2.1/../../../../arm-none-eabi/lib/armv7-m\libc.a(lib_a-impure.o)
 .ARM.attributes
                0x00000000       0x2d c:/program files (x86)/gnu tools arm embedded/5.2 2015q4/bin/../lib/gcc/arm-none-eabi/5.2.1/../../../../arm-none-eabi/lib/armv7-m\libc.a(lib_a-impure.o)
 .text          0x00000000        0x0 c:/program files (x86)/gnu tools arm embedded/5.2 2015q4/bin/../lib/gcc/arm-none-eabi/5.2.1/../../../../arm-none-eabi/lib/armv7-m\libc.a(lib_a-init.o)
 .data          0x00000000        0x0 c:/program files (x86)/gnu tools arm embedded/5.2 2015q4/bin/../lib/gcc/arm-none-eabi/5.2.1/../../../../arm-none-eabi/lib/armv7-m\libc.a(lib_a-init.o)
 .bss           0x00000000        0x0 c:/program files (x86)/gnu tools arm embedded/5.2 2015q4/bin/../lib/gcc/arm-none-eabi/5.2.1/../../../../arm-none-eabi/lib/armv7-m\libc.a(lib_a-init.o)
 .debug_frame   0x00000000       0x2c c:/program files (x86)/gnu tools arm embedded/5.2 2015q4/bin/../lib/gcc/arm-none-eabi/5.2.1/../../../../arm-none-eabi/lib/armv7-m\libc.a(lib_a-init.o)
 .ARM.attributes
                0x00000000       0x2d c:/program files (x86)/gnu tools arm embedded/5.2 2015q4/bin/../lib/gcc/arm-none-eabi/5.2.1/../../../../arm-none-eabi/lib/armv7-m\libc.a(lib_a-init.o)
 .text          0x00000000        0x0 c:/program files (x86)/gnu tools arm embedded/5.2 2015q4/bin/../lib/gcc/arm-none-eabi/5.2.1/../../../../arm-none-eabi/lib/armv7-m\libc.a(lib_a-memset.o)
 .data          0x00000000        0x0 c:/program files (x86)/gnu tools arm embedded/5.2 2015q4/bin/../lib/gcc/arm-none-eabi/5.2.1/../../../../arm-none-eabi/lib/armv7-m\libc.a(lib_a-memset.o)
 .bss           0x00000000        0x0 c:/program files (x86)/gnu tools arm embedded/5.2 2015q4/bin/../lib/gcc/arm-none-eabi/5.2.1/../../../../arm-none-eabi/lib/armv7-m\libc.a(lib_a-memset.o)
 .text.memset   0x00000000       0x9c c:/program files (x86)/gnu tools arm embedded/5.2 2015q4/bin/../lib/gcc/arm-none-eabi/5.2.1/../../../../arm-none-eabi/lib/armv7-m\libc.a(lib_a-memset.o)
 .debug_frame   0x00000000       0x34 c:/program files (x86)/gnu tools arm embedded/5.2 2015q4/bin/../lib/gcc/arm-none-eabi/5.2.1/../../../../arm-none-eabi/lib/armv7-m\libc.a(lib_a-memset.o)
 .ARM.attributes
                0x00000000       0x2d c:/program files (x86)/gnu tools arm embedded/5.2 2015q4/bin/../lib/gcc/arm-none-eabi/5.2.1/../../../../arm-none-eabi/lib/armv7-m\libc.a(lib_a-memset.o)
 .text          0x00000000        0x0 c:/program files (x86)/gnu tools arm embedded/5.2 2015q4/bin/../lib/gcc/arm-none-eabi/5.2.1/../../../../arm-none-eabi/lib/armv7-m\libc.a(lib_a-__call_atexit.o)
 .data          0x00000000        0x0 c:/program files (x86)/gnu tools arm embedded/5.2 2015q4/bin/../lib/gcc/arm-none-eabi/5.2.1/../../../../arm-none-eabi/lib/armv7-m\libc.a(lib_a-__call_atexit.o)
 .bss           0x00000000        0x0 c:/program files (x86)/gnu tools arm embedded/5.2 2015q4/bin/../lib/gcc/arm-none-eabi/5.2.1/../../../../arm-none-eabi/lib/armv7-m\libc.a(lib_a-__call_atexit.o)
 .text.__call_exitprocs
                0x00000000       0xd8 c:/program files (x86)/gnu tools arm embedded/5.2 2015q4/bin/../lib/gcc/arm-none-eabi/5.2.1/../../../../arm-none-eabi/lib/armv7-m\libc.a(lib_a-__call_atexit.o)
 .debug_frame   0x00000000       0x50 c:/program files (x86)/gnu tools arm embedded/5.2 2015q4/bin/../lib/gcc/arm-none-eabi/5.2.1/../../../../arm-none-eabi/lib/armv7-m\libc.a(lib_a-__call_atexit.o)
 .ARM.attributes
                0x00000000       0x2d c:/program files (x86)/gnu tools arm embedded/5.2 2015q4/bin/../lib/gcc/arm-none-eabi/5.2.1/../../../../arm-none-eabi/lib/armv7-m\libc.a(lib_a-__call_atexit.o)
 .text          0x00000000        0x0 c:/program files (x86)/gnu tools arm embedded/5.2 2015q4/bin/../lib/gcc/arm-none-eabi/5.2.1/../../../../arm-none-eabi/lib/armv7-m\libc.a(lib_a-atexit.o)
 .data          0x00000000        0x0 c:/program files (x86)/gnu tools arm embedded/5.2 2015q4/bin/../lib/gcc/arm-none-eabi/5.2.1/../../../../arm-none-eabi/lib/armv7-m\libc.a(lib_a-atexit.o)
 .bss           0x00000000        0x0 c:/program files (x86)/gnu tools arm embedded/5.2 2015q4/bin/../lib/gcc/arm-none-eabi/5.2.1/../../../../arm-none-eabi/lib/armv7-m\libc.a(lib_a-atexit.o)
 .debug_frame   0x00000000       0x20 c:/program files (x86)/gnu tools arm embedded/5.2 2015q4/bin/../lib/gcc/arm-none-eabi/5.2.1/../../../../arm-none-eabi/lib/armv7-m\libc.a(lib_a-atexit.o)
 .ARM.attributes
                0x00000000       0x2d c:/program files (x86)/gnu tools arm embedded/5.2 2015q4/bin/../lib/gcc/arm-none-eabi/5.2.1/../../../../arm-none-eabi/lib/armv7-m\libc.a(lib_a-atexit.o)
 .text          0x00000000        0x0 c:/program files (x86)/gnu tools arm embedded/5.2 2015q4/bin/../lib/gcc/arm-none-eabi/5.2.1/../../../../arm-none-eabi/lib/armv7-m\libc.a(lib_a-fini.o)
 .data          0x00000000        0x0 c:/program files (x86)/gnu tools arm embedded/5.2 2015q4/bin/../lib/gcc/arm-none-eabi/5.2.1/../../../../arm-none-eabi/lib/armv7-m\libc.a(lib_a-fini.o)
 .bss           0x00000000        0x0 c:/program files (x86)/gnu tools arm embedded/5.2 2015q4/bin/../lib/gcc/arm-none-eabi/5.2.1/../../../../arm-none-eabi/lib/armv7-m\libc.a(lib_a-fini.o)
 .debug_frame   0x00000000       0x34 c:/program files (x86)/gnu tools arm embedded/5.2 2015q4/bin/../lib/gcc/arm-none-eabi/5.2.1/../../../../arm-none-eabi/lib/armv7-m\libc.a(lib_a-fini.o)
 .ARM.attributes
                0x00000000       0x2d c:/program files (x86)/gnu tools arm embedded/5.2 2015q4/bin/../lib/gcc/arm-none-eabi/5.2.1/../../../../arm-none-eabi/lib/armv7-m\libc.a(lib_a-fini.o)
 .text          0x00000000        0x0 c:/program files (x86)/gnu tools arm embedded/5.2 2015q4/bin/../lib/gcc/arm-none-eabi/5.2.1/../../../../arm-none-eabi/lib/armv7-m\libc.a(lib_a-__atexit.o)
 .data          0x00000000        0x0 c:/program files (x86)/gnu tools arm embedded/5.2 2015q4/bin/../lib/gcc/arm-none-eabi/5.2.1/../../../../arm-none-eabi/lib/armv7-m\libc.a(lib_a-__atexit.o)
 .bss           0x00000000        0x0 c:/program files (x86)/gnu tools arm embedded/5.2 2015q4/bin/../lib/gcc/arm-none-eabi/5.2.1/../../../../arm-none-eabi/lib/armv7-m\libc.a(lib_a-__atexit.o)
 .debug_frame   0x00000000       0x34 c:/program files (x86)/gnu tools arm embedded/5.2 2015q4/bin/../lib/gcc/arm-none-eabi/5.2.1/../../../../arm-none-eabi/lib/armv7-m\libc.a(lib_a-__atexit.o)
 .ARM.attributes
                0x00000000       0x2d c:/program files (x86)/gnu tools arm embedded/5.2 2015q4/bin/../lib/gcc/arm-none-eabi/5.2.1/../../../../arm-none-eabi/lib/armv7-m\libc.a(lib_a-__atexit.o)
 .text          0x00000000        0x0 ..\obj\stm32f1xx_hal_dac_ex.o
 .data          0x00000000        0x0 ..\obj\stm32f1xx_hal_dac_ex.o
 .bss           0x00000000        0x0 ..\obj\stm32f1xx_hal_dac_ex.o
 .debug_info    0x00000000       0xa0 ..\obj\stm32f1xx_hal_dac_ex.o
 .debug_abbrev  0x00000000       0x4b ..\obj\stm32f1xx_hal_dac_ex.o
 .debug_aranges
                0x00000000       0x18 ..\obj\stm32f1xx_hal_dac_ex.o
 .debug_line    0x00000000      0x138 ..\obj\stm32f1xx_hal_dac_ex.o
 .debug_str     0x00000000      0x1cd ..\obj\stm32f1xx_hal_dac_ex.o
 .comment       0x00000000       0x6f ..\obj\stm32f1xx_hal_dac_ex.o
 .ARM.attributes
                0x00000000       0x33 ..\obj\stm32f1xx_hal_dac_ex.o
 .text          0x00000000        0x0 ..\obj\stm32f1xx_hal_dac.o
 .data          0x00000000        0x0 ..\obj\stm32f1xx_hal_dac.o
 .bss           0x00000000        0x0 ..\obj\stm32f1xx_hal_dac.o
 .debug_info    0x00000000       0xa0 ..\obj\stm32f1xx_hal_dac.o
 .debug_abbrev  0x00000000       0x4b ..\obj\stm32f1xx_hal_dac.o
 .debug_aranges
                0x00000000       0x18 ..\obj\stm32f1xx_hal_dac.o
 .debug_line    0x00000000      0x138 ..\obj\stm32f1xx_hal_dac.o
 .debug_str     0x00000000      0x1ca ..\obj\stm32f1xx_hal_dac.o
 .comment       0x00000000       0x6f ..\obj\stm32f1xx_hal_dac.o
 .ARM.attributes
                0x00000000       0x33 ..\obj\stm32f1xx_hal_dac.o
 .text          0x00000000       0x64 ..\obj\stm32f1xx_hal_gpio_ex.o
 .data          0x00000000        0x0 ..\obj\stm32f1xx_hal_gpio_ex.o
 .bss           0x00000000        0x0 ..\obj\stm32f1xx_hal_gpio_ex.o
 .debug_info    0x00000000      0x183 ..\obj\stm32f1xx_hal_gpio_ex.o
 .debug_abbrev  0x00000000       0xcb ..\obj\stm32f1xx_hal_gpio_ex.o
 .debug_aranges
                0x00000000       0x20 ..\obj\stm32f1xx_hal_gpio_ex.o
 .debug_line    0x00000000      0x21f ..\obj\stm32f1xx_hal_gpio_ex.o
 .debug_str     0x00000000      0x27e ..\obj\stm32f1xx_hal_gpio_ex.o
 .comment       0x00000000       0x6f ..\obj\stm32f1xx_hal_gpio_ex.o
 .debug_frame   0x00000000       0x78 ..\obj\stm32f1xx_hal_gpio_ex.o
 .ARM.attributes
                0x00000000       0x33 ..\obj\stm32f1xx_hal_gpio_ex.o
 .text          0x00000000        0x0 ..\obj\stm32f1xx_hal_spi_ex.o
 .data          0x00000000        0x0 ..\obj\stm32f1xx_hal_spi_ex.o
 .bss           0x00000000        0x0 ..\obj\stm32f1xx_hal_spi_ex.o
 .debug_info    0x00000000       0xa0 ..\obj\stm32f1xx_hal_spi_ex.o
 .debug_abbrev  0x00000000       0x4b ..\obj\stm32f1xx_hal_spi_ex.o
 .debug_aranges
                0x00000000       0x18 ..\obj\stm32f1xx_hal_spi_ex.o
 .debug_line    0x00000000      0x138 ..\obj\stm32f1xx_hal_spi_ex.o
 .debug_str     0x00000000      0x1cd ..\obj\stm32f1xx_hal_spi_ex.o
 .comment       0x00000000       0x6f ..\obj\stm32f1xx_hal_spi_ex.o
 .ARM.attributes
                0x00000000       0x33 ..\obj\stm32f1xx_hal_spi_ex.o
 .text          0x00000000        0x0 ..\obj\stm32f1xx_hal_wwdg.o
 .data          0x00000000        0x0 ..\obj\stm32f1xx_hal_wwdg.o
 .bss           0x00000000        0x0 ..\obj\stm32f1xx_hal_wwdg.o
 .debug_info    0x00000000       0xa0 ..\obj\stm32f1xx_hal_wwdg.o
 .debug_abbrev  0x00000000       0x4b ..\obj\stm32f1xx_hal_wwdg.o
 .debug_aranges
                0x00000000       0x18 ..\obj\stm32f1xx_hal_wwdg.o
 .debug_line    0x00000000      0x138 ..\obj\stm32f1xx_hal_wwdg.o
 .debug_str     0x00000000      0x1cb ..\obj\stm32f1xx_hal_wwdg.o
 .comment       0x00000000       0x6f ..\obj\stm32f1xx_hal_wwdg.o
 .ARM.attributes
                0x00000000       0x33 ..\obj\stm32f1xx_hal_wwdg.o
 .data          0x00000000        0x0 ..\obj\stm32f1xx_hal_i2c.o
 .bss           0x00000000        0x0 ..\obj\stm32f1xx_hal_i2c.o
 .text          0x00000000        0x0 ..\obj\stm32f1xx_hal_cec.o
 .data          0x00000000        0x0 ..\obj\stm32f1xx_hal_cec.o
 .bss           0x00000000        0x0 ..\obj\stm32f1xx_hal_cec.o
 .debug_info    0x00000000       0xa0 ..\obj\stm32f1xx_hal_cec.o
 .debug_abbrev  0x00000000       0x4b ..\obj\stm32f1xx_hal_cec.o
 .debug_aranges
                0x00000000       0x18 ..\obj\stm32f1xx_hal_cec.o
 .debug_line    0x00000000      0x138 ..\obj\stm32f1xx_hal_cec.o
 .debug_str     0x00000000      0x1ca ..\obj\stm32f1xx_hal_cec.o
 .comment       0x00000000       0x6f ..\obj\stm32f1xx_hal_cec.o
 .ARM.attributes
                0x00000000       0x33 ..\obj\stm32f1xx_hal_cec.o
 .text          0x00000000        0x0 ..\obj\stm32f1xx_hal_hcd.o
 .data          0x00000000        0x0 ..\obj\stm32f1xx_hal_hcd.o
 .bss           0x00000000        0x0 ..\obj\stm32f1xx_hal_hcd.o
 .debug_info    0x00000000       0xa0 ..\obj\stm32f1xx_hal_hcd.o
 .debug_abbrev  0x00000000       0x4b ..\obj\stm32f1xx_hal_hcd.o
 .debug_aranges
                0x00000000       0x18 ..\obj\stm32f1xx_hal_hcd.o
 .debug_line    0x00000000      0x138 ..\obj\stm32f1xx_hal_hcd.o
 .debug_str     0x00000000      0x1ca ..\obj\stm32f1xx_hal_hcd.o
 .comment       0x00000000       0x6f ..\obj\stm32f1xx_hal_hcd.o
 .ARM.attributes
                0x00000000       0x33 ..\obj\stm32f1xx_hal_hcd.o
 .text          0x00000000      0x568 ..\obj\stm32f1xx_hal_flash.o
 .data          0x00000000        0x0 ..\obj\stm32f1xx_hal_flash.o
 .bss           0x00000000        0x0 ..\obj\stm32f1xx_hal_flash.o
 .debug_info    0x00000000      0x4e8 ..\obj\stm32f1xx_hal_flash.o
 .debug_abbrev  0x00000000      0x1df ..\obj\stm32f1xx_hal_flash.o
 .debug_aranges
                0x00000000       0x20 ..\obj\stm32f1xx_hal_flash.o
 .debug_line    0x00000000      0x3cc ..\obj\stm32f1xx_hal_flash.o
 .debug_str     0x00000000      0x51f ..\obj\stm32f1xx_hal_flash.o
 .comment       0x00000000       0x6f ..\obj\stm32f1xx_hal_flash.o
 .debug_frame   0x00000000      0x204 ..\obj\stm32f1xx_hal_flash.o
 .ARM.attributes
                0x00000000       0x33 ..\obj\stm32f1xx_hal_flash.o
 COMMON         0x00000000       0x20 ..\obj\stm32f1xx_hal_flash.o
 .data          0x00000000        0x0 ..\obj\stm32f1xx_hal_pwr.o
 .bss           0x00000000        0x0 ..\obj\stm32f1xx_hal_pwr.o
 .text          0x00000000        0x0 ..\obj\stm32f1xx_hal_usart.o
 .data          0x00000000        0x0 ..\obj\stm32f1xx_hal_usart.o
 .bss           0x00000000        0x0 ..\obj\stm32f1xx_hal_usart.o
 .debug_info    0x00000000       0xa0 ..\obj\stm32f1xx_hal_usart.o
 .debug_abbrev  0x00000000       0x4b ..\obj\stm32f1xx_hal_usart.o
 .debug_aranges
                0x00000000       0x18 ..\obj\stm32f1xx_hal_usart.o
 .debug_line    0x00000000      0x138 ..\obj\stm32f1xx_hal_usart.o
 .debug_str     0x00000000      0x1cc ..\obj\stm32f1xx_hal_usart.o
 .comment       0x00000000       0x6f ..\obj\stm32f1xx_hal_usart.o
 .ARM.attributes
                0x00000000       0x33 ..\obj\stm32f1xx_hal_usart.o
 .text          0x00000000        0x0 ..\obj\stm32f1xx_hal_sd.o
 .data          0x00000000        0x0 ..\obj\stm32f1xx_hal_sd.o
 .bss           0x00000000        0x0 ..\obj\stm32f1xx_hal_sd.o
 .debug_info    0x00000000       0xa0 ..\obj\stm32f1xx_hal_sd.o
 .debug_abbrev  0x00000000       0x4b ..\obj\stm32f1xx_hal_sd.o
 .debug_aranges
                0x00000000       0x18 ..\obj\stm32f1xx_hal_sd.o
 .debug_line    0x00000000      0x138 ..\obj\stm32f1xx_hal_sd.o
 .debug_str     0x00000000      0x1c9 ..\obj\stm32f1xx_hal_sd.o
 .comment       0x00000000       0x6f ..\obj\stm32f1xx_hal_sd.o
 .ARM.attributes
                0x00000000       0x33 ..\obj\stm32f1xx_hal_sd.o
 .data          0x00000000        0x0 ..\obj\stm32f1xx_hal.o
 .text          0x00000000        0x0 ..\obj\stm32f1xx_hal_nand.o
 .data          0x00000000        0x0 ..\obj\stm32f1xx_hal_nand.o
 .bss           0x00000000        0x0 ..\obj\stm32f1xx_hal_nand.o
 .debug_info    0x00000000       0xa0 ..\obj\stm32f1xx_hal_nand.o
 .debug_abbrev  0x00000000       0x4b ..\obj\stm32f1xx_hal_nand.o
 .debug_aranges
                0x00000000       0x18 ..\obj\stm32f1xx_hal_nand.o
 .debug_line    0x00000000      0x138 ..\obj\stm32f1xx_hal_nand.o
 .debug_str     0x00000000      0x1cb ..\obj\stm32f1xx_hal_nand.o
 .comment       0x00000000       0x6f ..\obj\stm32f1xx_hal_nand.o
 .ARM.attributes
                0x00000000       0x33 ..\obj\stm32f1xx_hal_nand.o
 .text          0x00000000        0x0 ..\obj\stm32f1xx_ll_fsmc.o
 .data          0x00000000        0x0 ..\obj\stm32f1xx_ll_fsmc.o
 .bss           0x00000000        0x0 ..\obj\stm32f1xx_ll_fsmc.o
 .debug_info    0x00000000       0xa0 ..\obj\stm32f1xx_ll_fsmc.o
 .debug_abbrev  0x00000000       0x4b ..\obj\stm32f1xx_ll_fsmc.o
 .debug_aranges
                0x00000000       0x18 ..\obj\stm32f1xx_ll_fsmc.o
 .debug_line    0x00000000      0x138 ..\obj\stm32f1xx_ll_fsmc.o
 .debug_str     0x00000000      0x1ca ..\obj\stm32f1xx_ll_fsmc.o
 .comment       0x00000000       0x6f ..\obj\stm32f1xx_ll_fsmc.o
 .ARM.attributes
                0x00000000       0x33 ..\obj\stm32f1xx_ll_fsmc.o
 .text          0x00000000        0x0 ..\obj\stm32f1xx_hal_adc.o
 .data          0x00000000        0x0 ..\obj\stm32f1xx_hal_adc.o
 .bss           0x00000000        0x0 ..\obj\stm32f1xx_hal_adc.o
 .debug_info    0x00000000       0xa0 ..\obj\stm32f1xx_hal_adc.o
 .debug_abbrev  0x00000000       0x4b ..\obj\stm32f1xx_hal_adc.o
 .debug_aranges
                0x00000000       0x18 ..\obj\stm32f1xx_hal_adc.o
 .debug_line    0x00000000      0x138 ..\obj\stm32f1xx_hal_adc.o
 .debug_str     0x00000000      0x1ca ..\obj\stm32f1xx_hal_adc.o
 .comment       0x00000000       0x6f ..\obj\stm32f1xx_hal_adc.o
 .ARM.attributes
                0x00000000       0x33 ..\obj\stm32f1xx_hal_adc.o
 .text          0x00000000       0x14 ..\obj\startup_stm32f103xb.o
 .data          0x00000000        0x0 ..\obj\startup_stm32f103xb.o
 .bss           0x00000000        0x0 ..\obj\startup_stm32f103xb.o
 .data          0x00000000        0x0 ..\obj\stm32f1xx_hal_rtc.o
 .bss           0x00000000        0x0 ..\obj\stm32f1xx_hal_rtc.o
 .text          0x00000000        0x0 ..\obj\stm32f1xx_hal_nor.o
 .data          0x00000000        0x0 ..\obj\stm32f1xx_hal_nor.o
 .bss           0x00000000        0x0 ..\obj\stm32f1xx_hal_nor.o
 .debug_info    0x00000000       0xa0 ..\obj\stm32f1xx_hal_nor.o
 .debug_abbrev  0x00000000       0x4b ..\obj\stm32f1xx_hal_nor.o
 .debug_aranges
                0x00000000       0x18 ..\obj\stm32f1xx_hal_nor.o
 .debug_line    0x00000000      0x138 ..\obj\stm32f1xx_hal_nor.o
 .debug_str     0x00000000      0x1ca ..\obj\stm32f1xx_hal_nor.o
 .comment       0x00000000       0x6f ..\obj\stm32f1xx_hal_nor.o
 .ARM.attributes
                0x00000000       0x33 ..\obj\stm32f1xx_hal_nor.o
 .data          0x00000000        0x0 ..\obj\stm32f1xx_hal_rtc_ex.o
 .bss           0x00000000        0x0 ..\obj\stm32f1xx_hal_rtc_ex.o
 .text          0x00000000        0x0 ..\obj\stm32f1xx_hal_pcd.o
 .data          0x00000000        0x0 ..\obj\stm32f1xx_hal_pcd.o
 .bss           0x00000000        0x0 ..\obj\stm32f1xx_hal_pcd.o
 .debug_info    0x00000000       0xa0 ..\obj\stm32f1xx_hal_pcd.o
 .debug_abbrev  0x00000000       0x4b ..\obj\stm32f1xx_hal_pcd.o
 .debug_aranges
                0x00000000       0x18 ..\obj\stm32f1xx_hal_pcd.o
 .debug_line    0x00000000      0x138 ..\obj\stm32f1xx_hal_pcd.o
 .debug_str     0x00000000      0x1ca ..\obj\stm32f1xx_hal_pcd.o
 .comment       0x00000000       0x6f ..\obj\stm32f1xx_hal_pcd.o
 .ARM.attributes
                0x00000000       0x33 ..\obj\stm32f1xx_hal_pcd.o
 .text          0x00000000        0x0 ..\obj\stm32f1xx_hal_sram.o
 .data          0x00000000        0x0 ..\obj\stm32f1xx_hal_sram.o
 .bss           0x00000000        0x0 ..\obj\stm32f1xx_hal_sram.o
 .debug_info    0x00000000       0xa0 ..\obj\stm32f1xx_hal_sram.o
 .debug_abbrev  0x00000000       0x4b ..\obj\stm32f1xx_hal_sram.o
 .debug_aranges
                0x00000000       0x18 ..\obj\stm32f1xx_hal_sram.o
 .debug_line    0x00000000      0x138 ..\obj\stm32f1xx_hal_sram.o
 .debug_str     0x00000000      0x1cb ..\obj\stm32f1xx_hal_sram.o
 .comment       0x00000000       0x6f ..\obj\stm32f1xx_hal_sram.o
 .ARM.attributes
                0x00000000       0x33 ..\obj\stm32f1xx_hal_sram.o
 .data          0x00000000        0x0 ..\obj\stm32f1xx_hal_rcc.o
 .bss           0x00000000        0x0 ..\obj\stm32f1xx_hal_rcc.o
 .data          0x00000000        0x0 ..\obj\stm32f1xx_hal_cortex.o
 .bss           0x00000000        0x0 ..\obj\stm32f1xx_hal_cortex.o
 .text          0x00000000        0x0 ..\obj\stm32f1xx_hal_pccard.o
 .data          0x00000000        0x0 ..\obj\stm32f1xx_hal_pccard.o
 .bss           0x00000000        0x0 ..\obj\stm32f1xx_hal_pccard.o
 .debug_info    0x00000000       0xa0 ..\obj\stm32f1xx_hal_pccard.o
 .debug_abbrev  0x00000000       0x4b ..\obj\stm32f1xx_hal_pccard.o
 .debug_aranges
                0x00000000       0x18 ..\obj\stm32f1xx_hal_pccard.o
 .debug_line    0x00000000      0x138 ..\obj\stm32f1xx_hal_pccard.o
 .debug_str     0x00000000      0x1cd ..\obj\stm32f1xx_hal_pccard.o
 .comment       0x00000000       0x6f ..\obj\stm32f1xx_hal_pccard.o
 .ARM.attributes
                0x00000000       0x33 ..\obj\stm32f1xx_hal_pccard.o
 .data          0x00000000        0x0 ..\obj\stm32f1xx_hal_msp.o
 .bss           0x00000000        0x0 ..\obj\stm32f1xx_hal_msp.o
 .text          0x00000000        0x0 ..\obj\stm32f1xx_ll_sdmmc.o
 .data          0x00000000        0x0 ..\obj\stm32f1xx_ll_sdmmc.o
 .bss           0x00000000        0x0 ..\obj\stm32f1xx_ll_sdmmc.o
 .debug_info    0x00000000       0xa0 ..\obj\stm32f1xx_ll_sdmmc.o
 .debug_abbrev  0x00000000       0x4b ..\obj\stm32f1xx_ll_sdmmc.o
 .debug_aranges
                0x00000000       0x18 ..\obj\stm32f1xx_ll_sdmmc.o
 .debug_line    0x00000000      0x138 ..\obj\stm32f1xx_ll_sdmmc.o
 .debug_str     0x00000000      0x1cb ..\obj\stm32f1xx_ll_sdmmc.o
 .comment       0x00000000       0x6f ..\obj\stm32f1xx_ll_sdmmc.o
 .ARM.attributes
                0x00000000       0x33 ..\obj\stm32f1xx_ll_sdmmc.o
 .data          0x00000000        0x0 ..\obj\stm32f1xx_hal_gpio.o
 .bss           0x00000000        0x0 ..\obj\stm32f1xx_hal_gpio.o
 .data          0x00000000        0x0 ..\obj\stm32f1xx_hal_tim_ex.o
 .bss           0x00000000        0x0 ..\obj\stm32f1xx_hal_tim_ex.o
 .text          0x00000000        0x0 ..\obj\stm32f1xx_ll_usb.o
 .data          0x00000000        0x0 ..\obj\stm32f1xx_ll_usb.o
 .bss           0x00000000        0x0 ..\obj\stm32f1xx_ll_usb.o
 .debug_info    0x00000000       0xa0 ..\obj\stm32f1xx_ll_usb.o
 .debug_abbrev  0x00000000       0x4b ..\obj\stm32f1xx_ll_usb.o
 .debug_aranges
                0x00000000       0x18 ..\obj\stm32f1xx_ll_usb.o
 .debug_line    0x00000000      0x138 ..\obj\stm32f1xx_ll_usb.o
 .debug_str     0x00000000      0x1c9 ..\obj\stm32f1xx_ll_usb.o
 .comment       0x00000000       0x6f ..\obj\stm32f1xx_ll_usb.o
 .ARM.attributes
                0x00000000       0x33 ..\obj\stm32f1xx_ll_usb.o
 .text          0x00000000      0x208 ..\obj\WS2812.o
 .data          0x00000000        0x0 ..\obj\WS2812.o
 .bss           0x00000000        0x0 ..\obj\WS2812.o
 .debug_info    0x00000000      0x2a5 ..\obj\WS2812.o
 .debug_abbrev  0x00000000      0x104 ..\obj\WS2812.o
 .debug_aranges
                0x00000000       0x20 ..\obj\WS2812.o
 .debug_line    0x00000000      0x259 ..\obj\WS2812.o
 .debug_str     0x00000000      0x24f ..\obj\WS2812.o
 .comment       0x00000000       0x6f ..\obj\WS2812.o
 .debug_frame   0x00000000       0x64 ..\obj\WS2812.o
 .ARM.attributes
                0x00000000       0x33 ..\obj\WS2812.o
 .bss           0x00000000        0x0 ..\obj\main.o
 .data          0x00000000        0x0 ..\obj\stm32f1xx_hal_uart.o
 .bss           0x00000000        0x0 ..\obj\stm32f1xx_hal_uart.o
 .data          0x00000000        0x0 ..\obj\stm32f1xx_it.o
 .bss           0x00000000        0x0 ..\obj\stm32f1xx_it.o
 .text          0x00000000        0x0 ..\obj\stm32f1xx_hal_eth.o
 .data          0x00000000        0x0 ..\obj\stm32f1xx_hal_eth.o
 .bss           0x00000000        0x0 ..\obj\stm32f1xx_hal_eth.o
 .debug_info    0x00000000       0xa0 ..\obj\stm32f1xx_hal_eth.o
 .debug_abbrev  0x00000000       0x4b ..\obj\stm32f1xx_hal_eth.o
 .debug_aranges
                0x00000000       0x18 ..\obj\stm32f1xx_hal_eth.o
 .debug_line    0x00000000      0x138 ..\obj\stm32f1xx_hal_eth.o
 .debug_str     0x00000000      0x1ca ..\obj\stm32f1xx_hal_eth.o
 .comment       0x00000000       0x6f ..\obj\stm32f1xx_hal_eth.o
 .ARM.attributes
                0x00000000       0x33 ..\obj\stm32f1xx_hal_eth.o
 .data          0x00000000        0x0 ..\obj\stm32f1xx_hal_dma.o
 .bss           0x00000000        0x0 ..\obj\stm32f1xx_hal_dma.o
 .data          0x00000000        0x0 ..\obj\stm32f1xx_hal_tim.o
 .bss           0x00000000        0x0 ..\obj\stm32f1xx_hal_tim.o
 .text          0x00000000        0x0 ..\obj\stm32f1xx_hal_crc.o
 .data          0x00000000        0x0 ..\obj\stm32f1xx_hal_crc.o
 .bss           0x00000000        0x0 ..\obj\stm32f1xx_hal_crc.o
 .debug_info    0x00000000       0xa0 ..\obj\stm32f1xx_hal_crc.o
 .debug_abbrev  0x00000000       0x4b ..\obj\stm32f1xx_hal_crc.o
 .debug_aranges
                0x00000000       0x18 ..\obj\stm32f1xx_hal_crc.o
 .debug_line    0x00000000      0x138 ..\obj\stm32f1xx_hal_crc.o
 .debug_str     0x00000000      0x1ca ..\obj\stm32f1xx_hal_crc.o
 .comment       0x00000000       0x6f ..\obj\stm32f1xx_hal_crc.o
 .ARM.attributes
                0x00000000       0x33 ..\obj\stm32f1xx_hal_crc.o
 .text          0x00000000        0x0 ..\obj\stm32f1xx_hal_pcd_ex.o
 .data          0x00000000        0x0 ..\obj\stm32f1xx_hal_pcd_ex.o
 .bss           0x00000000        0x0 ..\obj\stm32f1xx_hal_pcd_ex.o
 .debug_info    0x00000000       0xa0 ..\obj\stm32f1xx_hal_pcd_ex.o
 .debug_abbrev  0x00000000       0x4b ..\obj\stm32f1xx_hal_pcd_ex.o
 .debug_aranges
                0x00000000       0x18 ..\obj\stm32f1xx_hal_pcd_ex.o
 .debug_line    0x00000000      0x138 ..\obj\stm32f1xx_hal_pcd_ex.o
 .debug_str     0x00000000      0x1cd ..\obj\stm32f1xx_hal_pcd_ex.o
 .comment       0x00000000       0x6f ..\obj\stm32f1xx_hal_pcd_ex.o
 .ARM.attributes
                0x00000000       0x33 ..\obj\stm32f1xx_hal_pcd_ex.o
 .text          0x00000000        0x0 ..\obj\stm32f1xx_hal_can.o
 .data          0x00000000        0x0 ..\obj\stm32f1xx_hal_can.o
 .bss           0x00000000        0x0 ..\obj\stm32f1xx_hal_can.o
 .debug_info    0x00000000       0xa0 ..\obj\stm32f1xx_hal_can.o
 .debug_abbrev  0x00000000       0x4b ..\obj\stm32f1xx_hal_can.o
 .debug_aranges
                0x00000000       0x18 ..\obj\stm32f1xx_hal_can.o
 .debug_line    0x00000000      0x138 ..\obj\stm32f1xx_hal_can.o
 .debug_str     0x00000000      0x1ca ..\obj\stm32f1xx_hal_can.o
 .comment       0x00000000       0x6f ..\obj\stm32f1xx_hal_can.o
 .ARM.attributes
                0x00000000       0x33 ..\obj\stm32f1xx_hal_can.o
 .text          0x00000000        0x0 ..\obj\stm32f1xx_hal_i2s.o
 .data          0x00000000        0x0 ..\obj\stm32f1xx_hal_i2s.o
 .bss           0x00000000        0x0 ..\obj\stm32f1xx_hal_i2s.o
 .debug_info    0x00000000       0xa0 ..\obj\stm32f1xx_hal_i2s.o
 .debug_abbrev  0x00000000       0x4b ..\obj\stm32f1xx_hal_i2s.o
 .debug_aranges
                0x00000000       0x18 ..\obj\stm32f1xx_hal_i2s.o
 .debug_line    0x00000000      0x138 ..\obj\stm32f1xx_hal_i2s.o
 .debug_str     0x00000000      0x1ca ..\obj\stm32f1xx_hal_i2s.o
 .comment       0x00000000       0x6f ..\obj\stm32f1xx_hal_i2s.o
 .ARM.attributes
                0x00000000       0x33 ..\obj\stm32f1xx_hal_i2s.o
 .data          0x00000000        0x0 ..\obj\stm32f1xx_hal_rcc_ex.o
 .bss           0x00000000        0x0 ..\obj\stm32f1xx_hal_rcc_ex.o
 .text          0x00000000        0x0 ..\obj\stm32f1xx_hal_smartcard.o
 .data          0x00000000        0x0 ..\obj\stm32f1xx_hal_smartcard.o
 .bss           0x00000000        0x0 ..\obj\stm32f1xx_hal_smartcard.o
 .debug_info    0x00000000       0xa0 ..\obj\stm32f1xx_hal_smartcard.o
 .debug_abbrev  0x00000000       0x4b ..\obj\stm32f1xx_hal_smartcard.o
 .debug_aranges
                0x00000000       0x18 ..\obj\stm32f1xx_hal_smartcard.o
 .debug_line    0x00000000      0x138 ..\obj\stm32f1xx_hal_smartcard.o
 .debug_str     0x00000000      0x1d0 ..\obj\stm32f1xx_hal_smartcard.o
 .comment       0x00000000       0x6f ..\obj\stm32f1xx_hal_smartcard.o
 .ARM.attributes
                0x00000000       0x33 ..\obj\stm32f1xx_hal_smartcard.o
 .text          0x00000000        0x0 ..\obj\stm32f1xx_hal_iwdg.o
 .data          0x00000000        0x0 ..\obj\stm32f1xx_hal_iwdg.o
 .bss           0x00000000        0x0 ..\obj\stm32f1xx_hal_iwdg.o
 .debug_info    0x00000000       0xa0 ..\obj\stm32f1xx_hal_iwdg.o
 .debug_abbrev  0x00000000       0x4b ..\obj\stm32f1xx_hal_iwdg.o
 .debug_aranges
                0x00000000       0x18 ..\obj\stm32f1xx_hal_iwdg.o
 .debug_line    0x00000000      0x138 ..\obj\stm32f1xx_hal_iwdg.o
 .debug_str     0x00000000      0x1cb ..\obj\stm32f1xx_hal_iwdg.o
 .comment       0x00000000       0x6f ..\obj\stm32f1xx_hal_iwdg.o
 .ARM.attributes
                0x00000000       0x33 ..\obj\stm32f1xx_hal_iwdg.o
 .text          0x00000000        0x0 ..\obj\stm32f1xx_hal_irda.o
 .data          0x00000000        0x0 ..\obj\stm32f1xx_hal_irda.o
 .bss           0x00000000        0x0 ..\obj\stm32f1xx_hal_irda.o
 .debug_info    0x00000000       0xa0 ..\obj\stm32f1xx_hal_irda.o
 .debug_abbrev  0x00000000       0x4b ..\obj\stm32f1xx_hal_irda.o
 .debug_aranges
                0x00000000       0x18 ..\obj\stm32f1xx_hal_irda.o
 .debug_line    0x00000000      0x138 ..\obj\stm32f1xx_hal_irda.o
 .debug_str     0x00000000      0x1cb ..\obj\stm32f1xx_hal_irda.o
 .comment       0x00000000       0x6f ..\obj\stm32f1xx_hal_irda.o
 .ARM.attributes
                0x00000000       0x33 ..\obj\stm32f1xx_hal_irda.o
 .text          0x00000000      0x870 ..\obj\stm32f1xx_hal_flash_ex.o
 .data          0x00000000        0x0 ..\obj\stm32f1xx_hal_flash_ex.o
 .bss           0x00000000        0x0 ..\obj\stm32f1xx_hal_flash_ex.o
 .debug_info    0x00000000      0x840 ..\obj\stm32f1xx_hal_flash_ex.o
 .debug_abbrev  0x00000000      0x265 ..\obj\stm32f1xx_hal_flash_ex.o
 .debug_aranges
                0x00000000       0x20 ..\obj\stm32f1xx_hal_flash_ex.o
 .debug_line    0x00000000      0x459 ..\obj\stm32f1xx_hal_flash_ex.o
 .debug_str     0x00000000      0x65f ..\obj\stm32f1xx_hal_flash_ex.o
 .comment       0x00000000       0x6f ..\obj\stm32f1xx_hal_flash_ex.o
 .debug_frame   0x00000000      0x260 ..\obj\stm32f1xx_hal_flash_ex.o
 .ARM.attributes
                0x00000000       0x33 ..\obj\stm32f1xx_hal_flash_ex.o
 .text          0x00000000        0x0 ..\obj\stm32f1xx_hal_adc_ex.o
 .data          0x00000000        0x0 ..\obj\stm32f1xx_hal_adc_ex.o
 .bss           0x00000000        0x0 ..\obj\stm32f1xx_hal_adc_ex.o
 .debug_info    0x00000000       0xa0 ..\obj\stm32f1xx_hal_adc_ex.o
 .debug_abbrev  0x00000000       0x4b ..\obj\stm32f1xx_hal_adc_ex.o
 .debug_aranges
                0x00000000       0x18 ..\obj\stm32f1xx_hal_adc_ex.o
 .debug_line    0x00000000      0x138 ..\obj\stm32f1xx_hal_adc_ex.o
 .debug_str     0x00000000      0x1cd ..\obj\stm32f1xx_hal_adc_ex.o
 .comment       0x00000000       0x6f ..\obj\stm32f1xx_hal_adc_ex.o
 .ARM.attributes
                0x00000000       0x33 ..\obj\stm32f1xx_hal_adc_ex.o
 .bss           0x00000000        0x0 ..\obj\system_stm32f1xx.o
 .text          0x00000000        0x0 ..\obj\stm32f1xx_hal_spi.o
 .data          0x00000000        0x0 ..\obj\stm32f1xx_hal_spi.o
 .bss           0x00000000        0x0 ..\obj\stm32f1xx_hal_spi.o
 .debug_info    0x00000000       0xa0 ..\obj\stm32f1xx_hal_spi.o
 .debug_abbrev  0x00000000       0x4b ..\obj\stm32f1xx_hal_spi.o
 .debug_aranges
                0x00000000       0x18 ..\obj\stm32f1xx_hal_spi.o
 .debug_line    0x00000000      0x138 ..\obj\stm32f1xx_hal_spi.o
 .debug_str     0x00000000      0x1ca ..\obj\stm32f1xx_hal_spi.o
 .comment       0x00000000       0x6f ..\obj\stm32f1xx_hal_spi.o
 .ARM.attributes
                0x00000000       0x33 ..\obj\stm32f1xx_hal_spi.o
 .text          0x00000000        0x0 c:/program files (x86)/gnu tools arm embedded/5.2 2015q4/bin/../lib/gcc/arm-none-eabi/5.2.1/../../../../arm-none-eabi/lib/armv7-m\libg.a(lib_a-strlen-stub.o)
 .data          0x00000000        0x0 c:/program files (x86)/gnu tools arm embedded/5.2 2015q4/bin/../lib/gcc/arm-none-eabi/5.2.1/../../../../arm-none-eabi/lib/armv7-m\libg.a(lib_a-strlen-stub.o)
 .bss           0x00000000        0x0 c:/program files (x86)/gnu tools arm embedded/5.2 2015q4/bin/../lib/gcc/arm-none-eabi/5.2.1/../../../../arm-none-eabi/lib/armv7-m\libg.a(lib_a-strlen-stub.o)
 .text          0x00000000        0x0 c:/program files (x86)/gnu tools arm embedded/5.2 2015q4/bin/../lib/gcc/arm-none-eabi/5.2.1/armv7-m/crtend.o
 .data          0x00000000        0x0 c:/program files (x86)/gnu tools arm embedded/5.2 2015q4/bin/../lib/gcc/arm-none-eabi/5.2.1/armv7-m/crtend.o
 .bss           0x00000000        0x0 c:/program files (x86)/gnu tools arm embedded/5.2 2015q4/bin/../lib/gcc/arm-none-eabi/5.2.1/armv7-m/crtend.o
 .eh_frame      0x00000000        0x4 c:/program files (x86)/gnu tools arm embedded/5.2 2015q4/bin/../lib/gcc/arm-none-eabi/5.2.1/armv7-m/crtend.o
 .jcr           0x00000000        0x4 c:/program files (x86)/gnu tools arm embedded/5.2 2015q4/bin/../lib/gcc/arm-none-eabi/5.2.1/armv7-m/crtend.o
 .text          0x00000000        0x0 c:/program files (x86)/gnu tools arm embedded/5.2 2015q4/bin/../lib/gcc/arm-none-eabi/5.2.1/armv7-m/crtn.o
 .data          0x00000000        0x0 c:/program files (x86)/gnu tools arm embedded/5.2 2015q4/bin/../lib/gcc/arm-none-eabi/5.2.1/armv7-m/crtn.o
 .bss           0x00000000        0x0 c:/program files (x86)/gnu tools arm embedded/5.2 2015q4/bin/../lib/gcc/arm-none-eabi/5.2.1/armv7-m/crtn.o

Memory Configuration

Name             Origin             Length             Attributes
FLASH            0x08000000         0x00010000         xr
RAM              0x20000000         0x00005000         xrw
*default*        0x00000000         0xffffffff

Linker script and memory map

LOAD c:/program files (x86)/gnu tools arm embedded/5.2 2015q4/bin/../lib/gcc/arm-none-eabi/5.2.1/armv7-m/crti.o
LOAD c:/program files (x86)/gnu tools arm embedded/5.2 2015q4/bin/../lib/gcc/arm-none-eabi/5.2.1/armv7-m/crtbegin.o
LOAD c:/program files (x86)/gnu tools arm embedded/5.2 2015q4/bin/../lib/gcc/arm-none-eabi/5.2.1/../../../../arm-none-eabi/lib/armv7-m/crt0.o
                0x20005000                _estack = 0x20005000
                0x00000200                _Min_Heap_Size = 0x200
                0x00000400                _Min_Stack_Size = 0x400

.isr_vector     0x08000000      0x10c
                0x08000000                . = ALIGN (0x4)
 *(.isr_vector)
 .isr_vector    0x08000000      0x10c ..\obj\startup_stm32f103xb.o
                0x08000000                g_pfnVectors
                0x0800010c                . = ALIGN (0x4)

.text           0x0800010c     0xf55c
                0x0800010c                . = ALIGN (0x4)
 *(.text)
 .text          0x0800010c       0xa4 c:/program files (x86)/gnu tools arm embedded/5.2 2015q4/bin/../lib/gcc/arm-none-eabi/5.2.1/armv7-m/crtbegin.o
 .text          0x080001b0     0x36a0 ..\obj\stm32f1xx_hal_i2c.o
                0x080001b0                HAL_I2C_Init
                0x080002bc                HAL_I2C_DeInit
                0x0800033c                HAL_I2C_Master_Transmit
                0x080004d8                HAL_I2C_Master_Receive
                0x080007f8                HAL_I2C_Slave_Transmit
                0x080009bc                HAL_I2C_Slave_Receive
                0x08000b74                HAL_I2C_Master_Transmit_IT
                0x08000c78                HAL_I2C_Master_Receive_IT
                0x08000e0c                HAL_I2C_Slave_Transmit_IT
                0x08000ed8                HAL_I2C_Slave_Receive_IT
                0x08000fa4                HAL_I2C_Master_Transmit_DMA
                0x080010d4                HAL_I2C_Master_Receive_DMA
                0x08001230                HAL_I2C_Slave_Transmit_DMA
                0x080013a0                HAL_I2C_Slave_Receive_DMA
                0x080014c4                HAL_I2C_Mem_Write
                0x08001660                HAL_I2C_Mem_Read
                0x0800198c                HAL_I2C_Mem_Write_IT
                0x08001a8c                HAL_I2C_Mem_Read_IT
                0x08001c2c                HAL_I2C_Mem_Write_DMA
                0x08001d58                HAL_I2C_Mem_Read_DMA
                0x08001ec0                HAL_I2C_IsDeviceReady
                0x080020e4                HAL_I2C_EV_IRQHandler
                0x080023d8                HAL_I2C_ER_IRQHandler
                0x080025c0                HAL_I2C_MasterTxCpltCallback
                0x080025d4                HAL_I2C_MasterRxCpltCallback
                0x080025e8                HAL_I2C_SlaveTxCpltCallback
                0x080025fc                HAL_I2C_SlaveRxCpltCallback
                0x08002610                HAL_I2C_MemTxCpltCallback
                0x08002624                HAL_I2C_MemRxCpltCallback
                0x08002638                HAL_I2C_ErrorCallback
                0x0800264c                HAL_I2C_GetState
                0x08002668                HAL_I2C_GetError
 .text          0x08003850      0x3a0 ..\obj\stm32f1xx_hal_pwr.o
                0x08003860                HAL_PWR_DeInit
                0x08003888                HAL_PWR_EnableBkUpAccess
                0x080038bc                HAL_PWR_DisableBkUpAccess
                0x080038f0                HAL_PWR_ConfigPVD
                0x080039ac                HAL_PWR_EnablePVD
                0x080039e0                HAL_PWR_DisablePVD
                0x08003a14                HAL_PWR_EnableWakeUpPin
                0x08003a4c                HAL_PWR_DisableWakeUpPin
                0x08003a84                HAL_PWR_EnterSLEEPMode
                0x08003abc                HAL_PWR_EnterSTOPMode
                0x08003b20                HAL_PWR_EnterSTANDBYMode
                0x08003b50                HAL_PWR_EnableSleepOnExit
                0x08003b6c                HAL_PWR_DisableSleepOnExit
                0x08003b88                HAL_PWR_EnableSEVOnPend
                0x08003ba4                HAL_PWR_DisableSEVOnPend
                0x08003bc0                HAL_PWR_PVD_IRQHandler
                0x08003be4                HAL_PWR_PVDCallback
 .text          0x08003bf0      0x248 ..\obj\stm32f1xx_hal.o
                0x08003bf0                HAL_Init
                0x08003c1c                HAL_DeInit
                0x08003c58                HAL_MspDeInit
                0x08003c64                HAL_InitTick
                0x08003c9c                HAL_IncTick
                0x08003cb8                HAL_GetTick
                0x08003ccc                HAL_Delay
                0x08003cf8                HAL_SuspendTick
                0x08003d14                HAL_ResumeTick
                0x08003d30                HAL_GetHalVersion
                0x08003d44                HAL_GetREVID
                0x08003d78                HAL_GetDEVID
                0x08003d90                HAL_DBGMCU_EnableDBGSleepMode
                0x08003dac                HAL_DBGMCU_DisableDBGSleepMode
                0x08003dc8                HAL_DBGMCU_EnableDBGStopMode
                0x08003de4                HAL_DBGMCU_DisableDBGStopMode
                0x08003e00                HAL_DBGMCU_EnableDBGStandbyMode
                0x08003e1c                HAL_DBGMCU_DisableDBGStandbyMode
 .text          0x08003e38     0x1180 ..\obj\stm32f1xx_hal_rtc.o
                0x08003e38                HAL_RTC_Init
                0x08003f64                HAL_RTC_DeInit
                0x08004040                HAL_RTC_SetTime
                0x08004170                HAL_RTC_GetTime
                0x08004320                HAL_RTC_SetDate
                0x0800448c                HAL_RTC_GetDate
                0x08004534                HAL_RTC_SetAlarm
                0x08004668                HAL_RTC_SetAlarm_IT
                0x080047d0                HAL_RTC_GetAlarm
                0x080048bc                HAL_RTC_DeactivateAlarm
                0x08004974                HAL_RTC_AlarmIRQHandler
                0x080049c4                HAL_RTC_AlarmAEventCallback
                0x080049d8                HAL_RTC_PollForAlarmAEvent
                0x08004a44                HAL_RTC_GetState
                0x08004a5c                HAL_RTC_WaitForSynchro
 .text          0x08004fb8      0x454 ..\obj\stm32f1xx_hal_rtc_ex.o
                0x08004fb8                HAL_RTCEx_SetTamper
                0x0800503c                HAL_RTCEx_SetTamper_IT
                0x080050cc                HAL_RTCEx_DeactivateTamper
                0x08005144                HAL_RTCEx_TamperIRQHandler
                0x08005188                HAL_RTCEx_Tamper1EventCallback
                0x0800519c                HAL_RTCEx_PollForTamper1Event
                0x0800520c                HAL_RTCEx_SetSecond_IT
                0x08005260                HAL_RTCEx_DeactivateSecond
                0x080052b4                HAL_RTCEx_RTCIRQHandler
                0x0800531c                HAL_RTCEx_RTCEventCallback
                0x08005330                HAL_RTCEx_RTCEventErrorCallback
                0x08005344                HAL_RTCEx_BKUPWrite
                0x08005378                HAL_RTCEx_BKUPRead
                0x080053b0                HAL_RTCEx_SetSmoothCalib
 .text          0x0800540c     0x1640 ..\obj\stm32f1xx_hal_rcc.o
                0x0800540c                HAL_RCC_DeInit
                0x08005488                HAL_RCC_OscConfig
                0x080062c8                HAL_RCC_ClockConfig
                0x08006640                HAL_RCC_MCOConfig
                0x080066b0                HAL_RCC_EnableCSS
                0x080066e4                HAL_RCC_DisableCSS
                0x08006718                HAL_RCC_GetSysClockFreq
                0x0800680c                HAL_RCC_GetHCLKFreq
                0x08006820                HAL_RCC_GetPCLK1Freq
                0x08006864                HAL_RCC_GetPCLK2Freq
                0x080068a8                HAL_RCC_GetOscConfig
                0x080069b8                HAL_RCC_GetClockConfig
                0x08006a18                HAL_RCC_NMI_IRQHandler
                0x08006a40                HAL_RCC_CSSCallback
 .text          0x08006a4c      0x51c ..\obj\stm32f1xx_hal_cortex.o
                0x08006db8                HAL_NVIC_SetPriorityGrouping
                0x08006dd0                HAL_NVIC_SetPriority
                0x08006e08                HAL_NVIC_EnableIRQ
                0x08006e24                HAL_NVIC_DisableIRQ
                0x08006e40                HAL_NVIC_SystemReset
                0x08006e4c                HAL_SYSTICK_Config
                0x08006e64                HAL_NVIC_GetPriorityGrouping
                0x08006e74                HAL_NVIC_GetPriority
                0x08006ea0                HAL_NVIC_SetPendingIRQ
                0x08006ebc                HAL_NVIC_GetPendingIRQ
                0x08006edc                HAL_NVIC_ClearPendingIRQ
                0x08006ef8                HAL_NVIC_GetActive
                0x08006f18                HAL_SYSTICK_CLKSourceConfig
                0x08006f50                HAL_SYSTICK_IRQHandler
                0x08006f5c                HAL_SYSTICK_Callback
 .text          0x08006f68      0x354 ..\obj\stm32f1xx_hal_msp.o
                0x08006f68                HAL_MspInit
                0x08007010                HAL_I2C_MspInit
                0x08007078                HAL_I2C_MspDeInit
                0x080070b4                HAL_RTC_MspInit
                0x08007118                HAL_RTC_MspDeInit
                0x08007164                HAL_TIM_PWM_MspInit
                0x080071a0                HAL_TIM_MspPostInit
                0x080071dc                HAL_TIM_PWM_MspDeInit
                0x0800720c                HAL_UART_MspInit
                0x0800727c                HAL_UART_MspDeInit
 .text          0x080072bc      0x558 ..\obj\stm32f1xx_hal_gpio.o
                0x080072bc                HAL_GPIO_Init
                0x08007578                HAL_GPIO_DeInit
                0x080076fc                HAL_GPIO_ReadPin
                0x0800772c                HAL_GPIO_WritePin
                0x0800775c                HAL_GPIO_TogglePin
                0x08007780                HAL_GPIO_LockPin
                0x080077d0                HAL_GPIO_EXTI_IRQHandler
                0x08007800                HAL_GPIO_EXTI_Callback
 .text          0x08007814     0x147c ..\obj\stm32f1xx_hal_tim_ex.o
                0x08007814                HAL_TIMEx_HallSensor_Init
                0x08007940                HAL_TIMEx_HallSensor_DeInit
                0x080079a0                HAL_TIMEx_HallSensor_MspInit
                0x080079b4                HAL_TIMEx_HallSensor_MspDeInit
                0x080079c8                HAL_TIMEx_HallSensor_Start
                0x080079f8                HAL_TIMEx_HallSensor_Stop
                0x08007a48                HAL_TIMEx_HallSensor_Start_IT
                0x08007a88                HAL_TIMEx_HallSensor_Stop_IT
                0x08007ae8                HAL_TIMEx_HallSensor_Start_DMA
                0x08007b90                HAL_TIMEx_HallSensor_Stop_DMA
                0x08007bf0                HAL_TIMEx_OCN_Start
                0x08007c34                HAL_TIMEx_OCN_Stop
                0x08007cb8                HAL_TIMEx_OCN_Start_IT
                0x08007d98                HAL_TIMEx_OCN_Stop_IT
                0x08007ed0                HAL_TIMEx_OCN_Start_DMA
                0x08008070                HAL_TIMEx_OCN_Stop_DMA
                0x08008188                HAL_TIMEx_PWMN_Start
                0x080081cc                HAL_TIMEx_PWMN_Stop
                0x08008250                HAL_TIMEx_PWMN_Start_IT
                0x08008330                HAL_TIMEx_PWMN_Stop_IT
                0x08008468                HAL_TIMEx_PWMN_Start_DMA
                0x08008608                HAL_TIMEx_PWMN_Stop_DMA
                0x08008720                HAL_TIMEx_OnePulseN_Start
                0x08008754                HAL_TIMEx_OnePulseN_Stop
                0x080087d8                HAL_TIMEx_OnePulseN_Start_IT
                0x0800882c                HAL_TIMEx_OnePulseN_Stop_IT
                0x080088d0                HAL_TIMEx_ConfigCommutationEvent
                0x08008970                HAL_TIMEx_ConfigCommutationEvent_IT
                0x08008a20                HAL_TIMEx_ConfigCommutationEvent_DMA
                0x08008ae8                HAL_TIMEx_ConfigBreakDeadTime
                0x08008b5c                HAL_TIMEx_MasterConfigSynchronization
                0x08008be4                HAL_TIMEx_CommutationCallback
                0x08008bf8                HAL_TIMEx_BreakCallback
                0x08008c0c                TIMEx_DMACommutationCplt
                0x08008c30                HAL_TIMEx_HallSensor_GetState
 .text          0x08008c90      0x41c ..\obj\main.o
                0x08008c90                main
                0x08008ce0                SystemClock_Config
                0x080090a0                Error_Handler
 .text          0x080090ac     0x1594 ..\obj\stm32f1xx_hal_uart.o
                0x080090ac                HAL_UART_Init
                0x08009140                HAL_HalfDuplex_Init
                0x080091e4                HAL_LIN_Init
                0x0800929c                HAL_MultiProcessor_Init
                0x0800935c                HAL_UART_DeInit
                0x080093ec                HAL_UART_Transmit
                0x0800953c                HAL_UART_Receive
                0x080096ac                HAL_UART_Transmit_IT
                0x08009758                HAL_UART_Receive_IT
                0x08009824                HAL_UART_Transmit_DMA
                0x08009918                HAL_UART_Receive_DMA
                0x080099fc                HAL_UART_DMAPause
                0x08009a94                HAL_UART_DMAResume
                0x08009b50                HAL_UART_DMAStop
                0x08009ba0                HAL_UART_IRQHandler
                0x08009d4c                HAL_UART_TxCpltCallback
                0x08009d60                HAL_UART_TxHalfCpltCallback
                0x08009d88                HAL_UART_RxHalfCpltCallback
                0x08009d9c                HAL_UART_ErrorCallback
                0x08009db0                HAL_LIN_SendBreak
                0x08009e04                HAL_MultiProcessor_EnterMuteMode
                0x08009e58                HAL_MultiProcessor_ExitMuteMode
                0x08009eac                HAL_HalfDuplex_EnableTransmitter
                0x08009f04                HAL_HalfDuplex_EnableReceiver
                0x08009f5c                HAL_UART_GetState
                0x08009f78                HAL_UART_GetError
 .text          0x0800a640       0xe0 ..\obj\stm32f1xx_it.o
                0x0800a640                NMI_Handler
                0x0800a660                SysTick_Handler
                0x0800a670                RTC_IRQHandler
                0x0800a698                RCC_IRQHandler
                0x0800a6b4                EXTI2_IRQHandler
                0x0800a6e4                USART2_IRQHandler
                0x0800a6f8                HAL_UART_RxCpltCallback
 .text          0x0800a720      0xbd8 ..\obj\stm32f1xx_hal_dma.o
                0x0800a720                HAL_DMA_Init
                0x0800a7b4                HAL_DMA_DeInit
                0x0800a994                HAL_DMA_Start
                0x0800a9f8                HAL_DMA_Start_IT
                0x0800aa8c                HAL_DMA_Abort
                0x0800ab08                HAL_DMA_PollForTransfer
                0x0800ae9c                HAL_DMA_IRQHandler
                0x0800b27c                HAL_DMA_GetState
                0x0800b294                HAL_DMA_GetError
 .text          0x0800b2f8     0x3c20 ..\obj\stm32f1xx_hal_tim.o
                0x0800b2f8                HAL_TIM_Base_Init
                0x0800b350                HAL_TIM_Base_DeInit
                0x0800b3b0                HAL_TIM_Base_MspInit
                0x0800b3c4                HAL_TIM_Base_MspDeInit
                0x0800b3d8                HAL_TIM_Base_Start
                0x0800b40c                HAL_TIM_Base_Stop
                0x0800b460                HAL_TIM_Base_Start_IT
                0x0800b494                HAL_TIM_Base_Stop_IT
                0x0800b4e8                HAL_TIM_Base_Start_DMA
                0x0800b580                HAL_TIM_Base_Stop_DMA
                0x0800b5dc                HAL_TIM_OC_Init
                0x0800b634                HAL_TIM_OC_DeInit
                0x0800b694                HAL_TIM_OC_MspInit
                0x0800b6a8                HAL_TIM_OC_MspDeInit
                0x0800b6bc                HAL_TIM_OC_Start
                0x0800b70c                HAL_TIM_OC_Stop
                0x0800b79c                HAL_TIM_OC_Start_IT
                0x0800b878                HAL_TIM_OC_Stop_IT
                0x0800b994                HAL_TIM_OC_Start_DMA
                0x0800bb40                HAL_TIM_OC_Stop_DMA
                0x0800bc64                HAL_TIM_PWM_Init
                0x0800bcbc                HAL_TIM_PWM_DeInit
                0x0800bd44                HAL_TIM_PWM_Start
                0x0800bd94                HAL_TIM_PWM_Stop
                0x0800be2c                HAL_TIM_PWM_Start_IT
                0x0800bf08                HAL_TIM_PWM_Stop_IT
                0x0800c024                HAL_TIM_PWM_Start_DMA
                0x0800c1d0                HAL_TIM_PWM_Stop_DMA
                0x0800c2f4                HAL_TIM_IC_Init
                0x0800c34c                HAL_TIM_IC_DeInit
                0x0800c3ac                HAL_TIM_IC_MspInit
                0x0800c3c0                HAL_TIM_IC_MspDeInit
                0x0800c3d4                HAL_TIM_IC_Start
                0x0800c408                HAL_TIM_IC_Stop
                0x0800c45c                HAL_TIM_IC_Start_IT
                0x0800c51c                HAL_TIM_IC_Stop_IT
                0x0800c5fc                HAL_TIM_IC_Start_DMA
                0x0800c78c                HAL_TIM_IC_Stop_DMA
                0x0800c874                HAL_TIM_OnePulse_Init
                0x0800c8ec                HAL_TIM_OnePulse_DeInit
                0x0800c94c                HAL_TIM_OnePulse_MspInit
                0x0800c960                HAL_TIM_OnePulse_MspDeInit
                0x0800c974                HAL_TIM_OnePulse_Start
                0x0800c9c4                HAL_TIM_OnePulse_Stop
                0x0800ca64                HAL_TIM_OnePulse_Start_IT
                0x0800cad4                HAL_TIM_OnePulse_Stop_IT
                0x0800cb94                HAL_TIM_Encoder_Init
                0x0800ccc0                HAL_TIM_Encoder_DeInit
                0x0800cd20                HAL_TIM_Encoder_MspInit
                0x0800cd34                HAL_TIM_Encoder_MspDeInit
                0x0800cd48                HAL_TIM_Encoder_Start
                0x0800cdb8                HAL_TIM_Encoder_Stop
                0x0800ce48                HAL_TIM_Encoder_Start_IT
                0x0800cef8                HAL_TIM_Encoder_Stop_IT
                0x0800cfcc                HAL_TIM_Encoder_Start_DMA
                0x0800d174                HAL_TIM_Encoder_Stop_DMA
                0x0800d248                HAL_TIM_IRQHandler
                0x0800d458                HAL_TIM_OC_ConfigChannel
                0x0800d518                HAL_TIM_IC_ConfigChannel
                0x0800d650                HAL_TIM_PWM_ConfigChannel
                0x0800d7dc                HAL_TIM_OnePulse_ConfigChannel
                0x0800d95c                HAL_TIM_DMABurst_WriteStart
                0x0800db40                HAL_TIM_DMABurst_WriteStop
                0x0800dbf0                HAL_TIM_DMABurst_ReadStart
                0x0800ddd4                HAL_TIM_DMABurst_ReadStop
                0x0800de84                HAL_TIM_GenerateEvent
                0x0800ded0                HAL_TIM_ConfigOCrefClear
                0x0800e058                HAL_TIM_ConfigClockSource
                0x0800e210                HAL_TIM_ConfigTI1Input
                0x0800e24c                HAL_TIM_SlaveConfigSynchronization
                0x0800e2b8                HAL_TIM_SlaveConfigSynchronization_IT
                0x0800e324                HAL_TIM_ReadCapturedValue
                0x0800e3c8                HAL_TIM_PeriodElapsedCallback
                0x0800e3dc                HAL_TIM_OC_DelayElapsedCallback
                0x0800e3f0                HAL_TIM_IC_CaptureCallback
                0x0800e404                HAL_TIM_PWM_PulseFinishedCallback
                0x0800e418                HAL_TIM_TriggerCallback
                0x0800e42c                HAL_TIM_ErrorCallback
                0x0800e440                HAL_TIM_Base_GetState
                0x0800e45c                HAL_TIM_OC_GetState
                0x0800e478                HAL_TIM_PWM_GetState
                0x0800e494                HAL_TIM_IC_GetState
                0x0800e4b0                HAL_TIM_OnePulse_GetState
                0x0800e4cc                HAL_TIM_Encoder_GetState
                0x0800e4e8                TIM_DMAError
                0x0800e50c                TIM_DMADelayPulseCplt
                0x0800e57c                TIM_DMACaptureCplt
                0x0800e634                TIM_Base_SetConfig
                0x0800e7c8                TIM_OC2_SetConfig
                0x0800eb48                TIM_TI1_SetConfig
                0x0800eed4                TIM_CCxChannelCmd
 .text          0x0800ef18      0x414 ..\obj\stm32f1xx_hal_rcc_ex.o
                0x0800ef18                HAL_RCCEx_PeriphCLKConfig
                0x0800f104                HAL_RCCEx_GetPeriphCLKConfig
                0x0800f164                HAL_RCCEx_GetPeriphCLKFreq
 .text          0x0800f32c      0x140 ..\obj\system_stm32f1xx.o
                0x0800f32c                SystemInit
                0x0800f394                SystemCoreClockUpdate
 *(.text*)
 .text.__libc_init_array
                0x0800f46c       0x50 c:/program files (x86)/gnu tools arm embedded/5.2 2015q4/bin/../lib/gcc/arm-none-eabi/5.2.1/../../../../arm-none-eabi/lib/armv7-m\libc.a(lib_a-init.o)
                0x0800f46c                __libc_init_array
 .text.startup.register_fini
                0x0800f4bc       0x14 c:/program files (x86)/gnu tools arm embedded/5.2 2015q4/bin/../lib/gcc/arm-none-eabi/5.2.1/../../../../arm-none-eabi/lib/armv7-m\libc.a(lib_a-__call_atexit.o)
 .text.atexit   0x0800f4d0        0xc c:/program files (x86)/gnu tools arm embedded/5.2 2015q4/bin/../lib/gcc/arm-none-eabi/5.2.1/../../../../arm-none-eabi/lib/armv7-m\libc.a(lib_a-atexit.o)
                0x0800f4d0                atexit
 .text.__libc_fini_array
                0x0800f4dc       0x28 c:/program files (x86)/gnu tools arm embedded/5.2 2015q4/bin/../lib/gcc/arm-none-eabi/5.2.1/../../../../arm-none-eabi/lib/armv7-m\libc.a(lib_a-fini.o)
                0x0800f4dc                __libc_fini_array
 .text.__register_exitproc
                0x0800f504       0xa4 c:/program files (x86)/gnu tools arm embedded/5.2 2015q4/bin/../lib/gcc/arm-none-eabi/5.2.1/../../../../arm-none-eabi/lib/armv7-m\libc.a(lib_a-__atexit.o)
                0x0800f504                __register_exitproc
 .text.Reset_Handler
                0x0800f5a8       0x48 ..\obj\startup_stm32f103xb.o
                0x0800f5a8                Reset_Handler
 .text.Default_Handler
                0x0800f5f0        0x2 ..\obj\startup_stm32f103xb.o
                0x0800f5f0                RTC_Alarm_IRQHandler
                0x0800f5f0                DebugMon_Handler
                0x0800f5f0                TIM1_CC_IRQHandler
                0x0800f5f0                HardFault_Handler
                0x0800f5f0                PVD_IRQHandler
                0x0800f5f0                PendSV_Handler
                0x0800f5f0                EXTI3_IRQHandler
                0x0800f5f0                EXTI0_IRQHandler
                0x0800f5f0                I2C2_EV_IRQHandler
                0x0800f5f0                UsageFault_Handler
                0x0800f5f0                ADC1_2_IRQHandler
                0x0800f5f0                SPI1_IRQHandler
                0x0800f5f0                TAMPER_IRQHandler
                0x0800f5f0                DMA1_Channel4_IRQHandler
                0x0800f5f0                USART3_IRQHandler
                0x0800f5f0                DMA1_Channel7_IRQHandler
                0x0800f5f0                CAN1_RX1_IRQHandler
                0x0800f5f0                TIM4_IRQHandler
                0x0800f5f0                I2C1_EV_IRQHandler
                0x0800f5f0                DMA1_Channel6_IRQHandler
                0x0800f5f0                TIM3_IRQHandler
                0x0800f5f0                TIM1_TRG_COM_IRQHandler
                0x0800f5f0                DMA1_Channel1_IRQHandler
                0x0800f5f0                Default_Handler
                0x0800f5f0                EXTI15_10_IRQHandler
                0x0800f5f0                EXTI9_5_IRQHandler
                0x0800f5f0                SPI2_IRQHandler
                0x0800f5f0                MemManage_Handler
                0x0800f5f0                SVC_Handler
                0x0800f5f0                DMA1_Channel5_IRQHandler
                0x0800f5f0                EXTI4_IRQHandler
                0x0800f5f0                USB_LP_CAN1_RX0_IRQHandler
                0x0800f5f0                USB_HP_CAN1_TX_IRQHandler
                0x0800f5f0                DMA1_Channel3_IRQHandler
                0x0800f5f0                TIM1_UP_IRQHandler
                0x0800f5f0                WWDG_IRQHandler
                0x0800f5f0                TIM2_IRQHandler
                0x0800f5f0                TIM1_BRK_IRQHandler
                0x0800f5f0                EXTI1_IRQHandler
                0x0800f5f0                I2C2_ER_IRQHandler
                0x0800f5f0                DMA1_Channel2_IRQHandler
                0x0800f5f0                CAN1_SCE_IRQHandler
                0x0800f5f0                FLASH_IRQHandler
                0x0800f5f0                BusFault_Handler
                0x0800f5f0                USART1_IRQHandler
                0x0800f5f0                I2C1_ER_IRQHandler
                0x0800f5f0                USBWakeUp_IRQHandler
 *fill*         0x0800f5f2        0x2 
 .text.strlen   0x0800f5f4       0x5c c:/program files (x86)/gnu tools arm embedded/5.2 2015q4/bin/../lib/gcc/arm-none-eabi/5.2.1/../../../../arm-none-eabi/lib/armv7-m\libg.a(lib_a-strlen-stub.o)
                0x0800f5f4                strlen
 *(.glue_7)
 .glue_7        0x0800f650        0x0 linker stubs
 *(.glue_7t)
 .glue_7t       0x0800f650        0x0 linker stubs
 *(.eh_frame)
 .eh_frame      0x0800f650        0x0 c:/program files (x86)/gnu tools arm embedded/5.2 2015q4/bin/../lib/gcc/arm-none-eabi/5.2.1/armv7-m/crtbegin.o
 *(.init)
 .init          0x0800f650        0x4 c:/program files (x86)/gnu tools arm embedded/5.2 2015q4/bin/../lib/gcc/arm-none-eabi/5.2.1/armv7-m/crti.o
                0x0800f650                _init
 .init          0x0800f654        0x8 c:/program files (x86)/gnu tools arm embedded/5.2 2015q4/bin/../lib/gcc/arm-none-eabi/5.2.1/armv7-m/crtn.o
 *(.fini)
 .fini          0x0800f65c        0x4 c:/program files (x86)/gnu tools arm embedded/5.2 2015q4/bin/../lib/gcc/arm-none-eabi/5.2.1/armv7-m/crti.o
                0x0800f65c                _fini
 .fini          0x0800f660        0x8 c:/program files (x86)/gnu tools arm embedded/5.2 2015q4/bin/../lib/gcc/arm-none-eabi/5.2.1/armv7-m/crtn.o
                0x0800f668                . = ALIGN (0x4)
                0x0800f668                _etext = .

.vfp11_veneer   0x0800f668        0x0
 .vfp11_veneer  0x0800f668        0x0 linker stubs

.v4_bx          0x0800f668        0x0
 .v4_bx         0x0800f668        0x0 linker stubs

.iplt           0x0800f668        0x0
 .iplt          0x0800f668        0x0 c:/program files (x86)/gnu tools arm embedded/5.2 2015q4/bin/../lib/gcc/arm-none-eabi/5.2.1/armv7-m/crtbegin.o

.rodata         0x0800f668       0x6c
                0x0800f668                . = ALIGN (0x4)
 *(.rodata)
 .rodata        0x0800f668       0x12 ..\obj\stm32f1xx_hal_rcc.o
 *fill*         0x0800f67a        0x2 
 .rodata        0x0800f67c       0x22 ..\obj\stm32f1xx_it.o
 *fill*         0x0800f69e        0x2 
 .rodata        0x0800f6a0       0x12 ..\obj\stm32f1xx_hal_rcc_ex.o
 *fill*         0x0800f6b2        0x2 
 .rodata        0x0800f6b4       0x18 ..\obj\system_stm32f1xx.o
                0x0800f6b4                AHBPrescTable
                0x0800f6c4                APBPrescTable
 *(.rodata*)
 .rodata.str1.4
                0x0800f6cc        0x4 c:/program files (x86)/gnu tools arm embedded/5.2 2015q4/bin/../lib/gcc/arm-none-eabi/5.2.1/../../../../arm-none-eabi/lib/armv7-m\libc.a(lib_a-impure.o)
                                  0x2 (size before relaxing)
 .rodata._global_impure_ptr
                0x0800f6d0        0x4 c:/program files (x86)/gnu tools arm embedded/5.2 2015q4/bin/../lib/gcc/arm-none-eabi/5.2.1/../../../../arm-none-eabi/lib/armv7-m\libc.a(lib_a-impure.o)
                0x0800f6d0                _global_impure_ptr
                0x0800f6d4                . = ALIGN (0x4)

.rel.dyn        0x0800f6d4        0x0
 .rel.iplt      0x0800f6d4        0x0 c:/program files (x86)/gnu tools arm embedded/5.2 2015q4/bin/../lib/gcc/arm-none-eabi/5.2.1/armv7-m/crtbegin.o

.ARM.extab
 *(.ARM.extab* .gnu.linkonce.armextab.*)

.ARM            0x0800f6d4        0x0
                0x0800f6d4                __exidx_start = .
 *(.ARM.exidx*)
                0x0800f6d4                __exidx_end = .

.preinit_array  0x0800f6d4        0x0
                0x0800f6d4                PROVIDE (__preinit_array_start, .)
 *(.preinit_array*)
                0x0800f6d4                PROVIDE (__preinit_array_end, .)

.init_array     0x0800f6d4        0x8
                0x0800f6d4                PROVIDE (__init_array_start, .)
 *(SORT(.init_array.*))
 .init_array.00000
                0x0800f6d4        0x4 c:/program files (x86)/gnu tools arm embedded/5.2 2015q4/bin/../lib/gcc/arm-none-eabi/5.2.1/../../../../arm-none-eabi/lib/armv7-m\libc.a(lib_a-__call_atexit.o)
 *(.init_array*)
 .init_array    0x0800f6d8        0x4 c:/program files (x86)/gnu tools arm embedded/5.2 2015q4/bin/../lib/gcc/arm-none-eabi/5.2.1/armv7-m/crtbegin.o
                0x0800f6dc                PROVIDE (__init_array_end, .)

.fini_array     0x0800f6dc        0x4
                0x0800f6dc                PROVIDE (__fini_array_start, .)
 *(SORT(.fini_array.*))
 *(.fini_array*)
 .fini_array    0x0800f6dc        0x4 c:/program files (x86)/gnu tools arm embedded/5.2 2015q4/bin/../lib/gcc/arm-none-eabi/5.2.1/armv7-m/crtbegin.o
                0x0800f6e0                PROVIDE (__fini_array_end, .)
                0x0800f6e0                _sidata = LOADADDR (.data)

.data           0x20000000      0x460 load address 0x0800f6e0
                0x20000000                . = ALIGN (0x4)
                0x20000000                _sdata = .
 *(.data)
 .data          0x20000000       0x32 ..\obj\main.o
                0x20000000                datDebug
 *fill*         0x20000032        0x2 
 .data          0x20000034        0x4 ..\obj\system_stm32f1xx.o
                0x20000034                SystemCoreClock
 *(.data*)
 .data.impure_data
                0x20000038      0x428 c:/program files (x86)/gnu tools arm embedded/5.2 2015q4/bin/../lib/gcc/arm-none-eabi/5.2.1/../../../../arm-none-eabi/lib/armv7-m\libc.a(lib_a-impure.o)
                0x20000460                . = ALIGN (0x4)
                0x20000460                _edata = .

.jcr            0x20000460        0x0 load address 0x0800fb40
 .jcr           0x20000460        0x0 c:/program files (x86)/gnu tools arm embedded/5.2 2015q4/bin/../lib/gcc/arm-none-eabi/5.2.1/armv7-m/crtbegin.o

.tm_clone_table
                0x20000460        0x0 load address 0x0800fb40
 .tm_clone_table
                0x20000460        0x0 c:/program files (x86)/gnu tools arm embedded/5.2 2015q4/bin/../lib/gcc/arm-none-eabi/5.2.1/armv7-m/crtbegin.o
 .tm_clone_table
                0x20000460        0x0 c:/program files (x86)/gnu tools arm embedded/5.2 2015q4/bin/../lib/gcc/arm-none-eabi/5.2.1/armv7-m/crtend.o

.igot.plt       0x20000460        0x0 load address 0x0800fb40
 .igot.plt      0x20000460        0x0 c:/program files (x86)/gnu tools arm embedded/5.2 2015q4/bin/../lib/gcc/arm-none-eabi/5.2.1/armv7-m/crtbegin.o
                0x20000460                . = ALIGN (0x4)

.bss            0x20000460       0xec load address 0x0800fb40
                0x20000460                _sbss = .
                0x20000460                __bss_start__ = _sbss
 *(.bss)
 .bss           0x20000460       0x1c c:/program files (x86)/gnu tools arm embedded/5.2 2015q4/bin/../lib/gcc/arm-none-eabi/5.2.1/armv7-m/crtbegin.o
 .bss           0x2000047c        0x4 ..\obj\stm32f1xx_hal.o
 *(.bss*)
 *(COMMON)
 COMMON         0x20000480       0xcc ..\obj\main.o
                0x20000480                htim4
                0x200004bc                hi2c1
                0x200004f8                hrtc
                0x2000050c                huart2
                0x2000054c                . = ALIGN (0x4)
                0x2000054c                _ebss = .
                0x2000054c                __bss_end__ = _ebss

._user_heap_stack
                0x2000054c      0x604 load address 0x0800fb40
                0x20000550                . = ALIGN (0x8)
 *fill*         0x2000054c        0x4 
                [!provide]                PROVIDE (end, .)
                [!provide]                PROVIDE (_end, .)
                0x20000750                . = (. + _Min_Heap_Size)
 *fill*         0x20000550      0x200 
                0x20000b50                . = (. + _Min_Stack_Size)
 *fill*         0x20000750      0x400 
                0x20000b50                . = ALIGN (0x8)

/DISCARD/
 libc.a(*)
 libm.a(*)
 libgcc.a(*)

.ARM.attributes
                0x00000000       0x29
 *(.ARM.attributes)
 .ARM.attributes
                0x00000000       0x1d c:/program files (x86)/gnu tools arm embedded/5.2 2015q4/bin/../lib/gcc/arm-none-eabi/5.2.1/armv7-m/crti.o
 .ARM.attributes
                0x0000001d       0x2d c:/program files (x86)/gnu tools arm embedded/5.2 2015q4/bin/../lib/gcc/arm-none-eabi/5.2.1/armv7-m/crtbegin.o
 .ARM.attributes
                0x0000004a       0x33 ..\obj\stm32f1xx_hal_i2c.o
 .ARM.attributes
                0x0000007d       0x33 ..\obj\stm32f1xx_hal_pwr.o
 .ARM.attributes
                0x000000b0       0x33 ..\obj\stm32f1xx_hal.o
 .ARM.attributes
                0x000000e3       0x21 ..\obj\startup_stm32f103xb.o
 .ARM.attributes
                0x00000104       0x33 ..\obj\stm32f1xx_hal_rtc.o
 .ARM.attributes
                0x00000137       0x33 ..\obj\stm32f1xx_hal_rtc_ex.o
 .ARM.attributes
                0x0000016a       0x33 ..\obj\stm32f1xx_hal_rcc.o
 .ARM.attributes
                0x0000019d       0x33 ..\obj\stm32f1xx_hal_cortex.o
 .ARM.attributes
                0x000001d0       0x33 ..\obj\stm32f1xx_hal_msp.o
 .ARM.attributes
                0x00000203       0x33 ..\obj\stm32f1xx_hal_gpio.o
 .ARM.attributes
                0x00000236       0x33 ..\obj\stm32f1xx_hal_tim_ex.o
 .ARM.attributes
                0x00000269       0x33 ..\obj\main.o
 .ARM.attributes
                0x0000029c       0x33 ..\obj\stm32f1xx_hal_uart.o
 .ARM.attributes
                0x000002cf       0x33 ..\obj\stm32f1xx_it.o
 .ARM.attributes
                0x00000302       0x33 ..\obj\stm32f1xx_hal_dma.o
 .ARM.attributes
                0x00000335       0x33 ..\obj\stm32f1xx_hal_tim.o
 .ARM.attributes
                0x00000368       0x33 ..\obj\stm32f1xx_hal_rcc_ex.o
 .ARM.attributes
                0x0000039b       0x33 ..\obj\system_stm32f1xx.o
 .ARM.attributes
                0x000003ce       0x2d c:/program files (x86)/gnu tools arm embedded/5.2 2015q4/bin/../lib/gcc/arm-none-eabi/5.2.1/../../../../arm-none-eabi/lib/armv7-m\libg.a(lib_a-strlen-stub.o)
 .ARM.attributes
                0x000003fb       0x2d c:/program files (x86)/gnu tools arm embedded/5.2 2015q4/bin/../lib/gcc/arm-none-eabi/5.2.1/armv7-m/crtend.o
 .ARM.attributes
                0x00000428       0x1d c:/program files (x86)/gnu tools arm embedded/5.2 2015q4/bin/../lib/gcc/arm-none-eabi/5.2.1/armv7-m/crtn.o
LOAD ..\obj\stm32f1xx_hal_dac_ex.o
LOAD ..\obj\stm32f1xx_hal_dac.o
LOAD ..\obj\stm32f1xx_hal_gpio_ex.o
LOAD ..\obj\stm32f1xx_hal_spi_ex.o
LOAD ..\obj\stm32f1xx_hal_wwdg.o
LOAD ..\obj\stm32f1xx_hal_i2c.o
LOAD ..\obj\stm32f1xx_hal_cec.o
LOAD ..\obj\stm32f1xx_hal_hcd.o
LOAD ..\obj\stm32f1xx_hal_flash.o
LOAD ..\obj\stm32f1xx_hal_pwr.o
LOAD ..\obj\stm32f1xx_hal_usart.o
LOAD ..\obj\stm32f1xx_hal_sd.o
LOAD ..\obj\stm32f1xx_hal.o
LOAD ..\obj\stm32f1xx_hal_nand.o
LOAD ..\obj\stm32f1xx_ll_fsmc.o
LOAD ..\obj\stm32f1xx_hal_adc.o
LOAD ..\obj\startup_stm32f103xb.o
LOAD ..\obj\stm32f1xx_hal_rtc.o
LOAD ..\obj\stm32f1xx_hal_nor.o
LOAD ..\obj\stm32f1xx_hal_rtc_ex.o
LOAD ..\obj\stm32f1xx_hal_pcd.o
LOAD ..\obj\stm32f1xx_hal_sram.o
LOAD ..\obj\stm32f1xx_hal_rcc.o
LOAD ..\obj\stm32f1xx_hal_cortex.o
LOAD ..\obj\stm32f1xx_hal_pccard.o
LOAD ..\obj\stm32f1xx_hal_msp.o
LOAD ..\obj\stm32f1xx_ll_sdmmc.o
LOAD ..\obj\stm32f1xx_hal_gpio.o
LOAD ..\obj\stm32f1xx_hal_tim_ex.o
LOAD ..\obj\stm32f1xx_ll_usb.o
LOAD ..\obj\WS2812.o
LOAD ..\obj\main.o
LOAD ..\obj\stm32f1xx_hal_uart.o
LOAD ..\obj\stm32f1xx_it.o
LOAD ..\obj\stm32f1xx_hal_eth.o
LOAD ..\obj\stm32f1xx_hal_dma.o
LOAD ..\obj\stm32f1xx_hal_tim.o
LOAD ..\obj\stm32f1xx_hal_crc.o
LOAD ..\obj\stm32f1xx_hal_pcd_ex.o
LOAD ..\obj\stm32f1xx_hal_can.o
LOAD ..\obj\stm32f1xx_hal_i2s.o
LOAD ..\obj\stm32f1xx_hal_rcc_ex.o
LOAD ..\obj\stm32f1xx_hal_smartcard.o
LOAD ..\obj\stm32f1xx_hal_iwdg.o
LOAD ..\obj\stm32f1xx_hal_irda.o
LOAD ..\obj\stm32f1xx_hal_flash_ex.o
LOAD ..\obj\stm32f1xx_hal_adc_ex.o
LOAD ..\obj\system_stm32f1xx.o
LOAD ..\obj\stm32f1xx_hal_spi.o
START GROUP
LOAD c:/program files (x86)/gnu tools arm embedded/5.2 2015q4/bin/../lib/gcc/arm-none-eabi/5.2.1/armv7-m\libgcc.a
LOAD c:/program files (x86)/gnu tools arm embedded/5.2 2015q4/bin/../lib/gcc/arm-none-eabi/5.2.1/../../../../arm-none-eabi/lib/armv7-m\libg.a
LOAD c:/program files (x86)/gnu tools arm embedded/5.2 2015q4/bin/../lib/gcc/arm-none-eabi/5.2.1/../../../../arm-none-eabi/lib/armv7-m\libc.a
END GROUP
LOAD c:/program files (x86)/gnu tools arm embedded/5.2 2015q4/bin/../lib/gcc/arm-none-eabi/5.2.1/armv7-m/crtend.o
LOAD c:/program files (x86)/gnu tools arm embedded/5.2 2015q4/bin/../lib/gcc/arm-none-eabi/5.2.1/armv7-m/crtn.o
OUTPUT(WS2812_clock.elf elf32-littlearm)

.debug_info     0x00000000     0xd66d
 .debug_info    0x00000000     0x1acf ..\obj\stm32f1xx_hal_i2c.o
 .debug_info    0x00001acf      0x785 ..\obj\stm32f1xx_hal_pwr.o
 .debug_info    0x00002254      0x5e3 ..\obj\stm32f1xx_hal.o
 .debug_info    0x00002837       0xe1 ..\obj\startup_stm32f103xb.o
 .debug_info    0x00002918      0xc94 ..\obj\stm32f1xx_hal_rtc.o
 .debug_info    0x000035ac      0x6cd ..\obj\stm32f1xx_hal_rtc_ex.o
 .debug_info    0x00003c79     0x13f4 ..\obj\stm32f1xx_hal_rcc.o
 .debug_info    0x0000506d      0xaaa ..\obj\stm32f1xx_hal_cortex.o
 .debug_info    0x00005b17     0x1052 ..\obj\stm32f1xx_hal_msp.o
 .debug_info    0x00006b69      0x5f5 ..\obj\stm32f1xx_hal_gpio.o
 .debug_info    0x0000715e      0xea3 ..\obj\stm32f1xx_hal_tim_ex.o
 .debug_info    0x00008001     0x118e ..\obj\main.o
 .debug_info    0x0000918f      0xdf0 ..\obj\stm32f1xx_hal_uart.o
 .debug_info    0x00009f7f      0x76c ..\obj\stm32f1xx_it.o
 .debug_info    0x0000a6eb      0x588 ..\obj\stm32f1xx_hal_dma.o
 .debug_info    0x0000ac73     0x2106 ..\obj\stm32f1xx_hal_tim.o
 .debug_info    0x0000cd79      0x53c ..\obj\stm32f1xx_hal_rcc_ex.o
 .debug_info    0x0000d2b5      0x3b8 ..\obj\system_stm32f1xx.o

.debug_abbrev   0x00000000     0x20d0
 .debug_abbrev  0x00000000      0x20a ..\obj\stm32f1xx_hal_i2c.o
 .debug_abbrev  0x0000020a      0x225 ..\obj\stm32f1xx_hal_pwr.o
 .debug_abbrev  0x0000042f      0x1f8 ..\obj\stm32f1xx_hal.o
 .debug_abbrev  0x00000627       0x12 ..\obj\startup_stm32f103xb.o
 .debug_abbrev  0x00000639      0x1fb ..\obj\stm32f1xx_hal_rtc.o
 .debug_abbrev  0x00000834      0x1ba ..\obj\stm32f1xx_hal_rtc_ex.o
 .debug_abbrev  0x000009ee      0x276 ..\obj\stm32f1xx_hal_rcc.o
 .debug_abbrev  0x00000c64      0x270 ..\obj\stm32f1xx_hal_cortex.o
 .debug_abbrev  0x00000ed4      0x200 ..\obj\stm32f1xx_hal_msp.o
 .debug_abbrev  0x000010d4      0x1ac ..\obj\stm32f1xx_hal_gpio.o
 .debug_abbrev  0x00001280      0x1ff ..\obj\stm32f1xx_hal_tim_ex.o
 .debug_abbrev  0x0000147f      0x20e ..\obj\main.o
 .debug_abbrev  0x0000168d      0x217 ..\obj\stm32f1xx_hal_uart.o
 .debug_abbrev  0x000018a4      0x164 ..\obj\stm32f1xx_it.o
 .debug_abbrev  0x00001a08      0x1b5 ..\obj\stm32f1xx_hal_dma.o
 .debug_abbrev  0x00001bbd      0x208 ..\obj\stm32f1xx_hal_tim.o
 .debug_abbrev  0x00001dc5      0x1eb ..\obj\stm32f1xx_hal_rcc_ex.o
 .debug_abbrev  0x00001fb0      0x120 ..\obj\system_stm32f1xx.o

.debug_aranges  0x00000000      0x248
 .debug_aranges
                0x00000000       0x20 ..\obj\stm32f1xx_hal_i2c.o
 .debug_aranges
                0x00000020       0x20 ..\obj\stm32f1xx_hal_pwr.o
 .debug_aranges
                0x00000040       0x20 ..\obj\stm32f1xx_hal.o
 .debug_aranges
                0x00000060       0x28 ..\obj\startup_stm32f103xb.o
 .debug_aranges
                0x00000088       0x20 ..\obj\stm32f1xx_hal_rtc.o
 .debug_aranges
                0x000000a8       0x20 ..\obj\stm32f1xx_hal_rtc_ex.o
 .debug_aranges
                0x000000c8       0x20 ..\obj\stm32f1xx_hal_rcc.o
 .debug_aranges
                0x000000e8       0x20 ..\obj\stm32f1xx_hal_cortex.o
 .debug_aranges
                0x00000108       0x20 ..\obj\stm32f1xx_hal_msp.o
 .debug_aranges
                0x00000128       0x20 ..\obj\stm32f1xx_hal_gpio.o
 .debug_aranges
                0x00000148       0x20 ..\obj\stm32f1xx_hal_tim_ex.o
 .debug_aranges
                0x00000168       0x20 ..\obj\main.o
 .debug_aranges
                0x00000188       0x20 ..\obj\stm32f1xx_hal_uart.o
 .debug_aranges
                0x000001a8       0x20 ..\obj\stm32f1xx_it.o
 .debug_aranges
                0x000001c8       0x20 ..\obj\stm32f1xx_hal_dma.o
 .debug_aranges
                0x000001e8       0x20 ..\obj\stm32f1xx_hal_tim.o
 .debug_aranges
                0x00000208       0x20 ..\obj\stm32f1xx_hal_rcc_ex.o
 .debug_aranges
                0x00000228       0x20 ..\obj\system_stm32f1xx.o

.debug_line     0x00000000     0x63ed
 .debug_line    0x00000000      0xe64 ..\obj\stm32f1xx_hal_i2c.o
 .debug_line    0x00000e64      0x382 ..\obj\stm32f1xx_hal_pwr.o
 .debug_line    0x000011e6      0x2f9 ..\obj\stm32f1xx_hal.o
 .debug_line    0x000014df       0xd5 ..\obj\startup_stm32f103xb.o
 .debug_line    0x000015b4      0x5b1 ..\obj\stm32f1xx_hal_rtc.o
 .debug_line    0x00001b65      0x41b ..\obj\stm32f1xx_hal_rtc_ex.o
 .debug_line    0x00001f80      0xaed ..\obj\stm32f1xx_hal_rcc.o
 .debug_line    0x00002a6d      0x32e ..\obj\stm32f1xx_hal_cortex.o
 .debug_line    0x00002d9b      0x36a ..\obj\stm32f1xx_hal_msp.o
 .debug_line    0x00003105      0x424 ..\obj\stm32f1xx_hal_gpio.o
 .debug_line    0x00003529      0x67d ..\obj\stm32f1xx_hal_tim_ex.o
 .debug_line    0x00003ba6      0x3c2 ..\obj\main.o
 .debug_line    0x00003f68      0x715 ..\obj\stm32f1xx_hal_uart.o
 .debug_line    0x0000467d      0x2c3 ..\obj\stm32f1xx_it.o
 .debug_line    0x00004940      0x7ec ..\obj\stm32f1xx_hal_dma.o
 .debug_line    0x0000512c      0xc84 ..\obj\stm32f1xx_hal_tim.o
 .debug_line    0x00005db0      0x3d8 ..\obj\stm32f1xx_hal_rcc_ex.o
 .debug_line    0x00006188      0x265 ..\obj\system_stm32f1xx.o

.debug_str      0x00000000     0x4141
 .debug_str     0x00000000      0xbac ..\obj\stm32f1xx_hal_i2c.o
                                0xc66 (size before relaxing)
 .debug_str     0x00000bac      0x334 ..\obj\stm32f1xx_hal_pwr.o
                                0x4d4 (size before relaxing)
 .debug_str     0x00000ee0      0x4fe ..\obj\stm32f1xx_hal.o
                                0x71b (size before relaxing)
 .debug_str     0x000013de      0x478 ..\obj\stm32f1xx_hal_rtc.o
                                0x70f (size before relaxing)
 .debug_str     0x00001856      0x24a ..\obj\stm32f1xx_hal_rtc_ex.o
                                0x5bc (size before relaxing)
 .debug_str     0x00001aa0      0x35c ..\obj\stm32f1xx_hal_rcc.o
                                0x5f9 (size before relaxing)
 .debug_str     0x00001dfc      0x2f1 ..\obj\stm32f1xx_hal_cortex.o
                                0x8d2 (size before relaxing)
 .debug_str     0x000020ed      0x417 ..\obj\stm32f1xx_hal_msp.o
                                0xe60 (size before relaxing)
 .debug_str     0x00002504      0x179 ..\obj\stm32f1xx_hal_gpio.o
                                0x42d (size before relaxing)
 .debug_str     0x0000267d      0x600 ..\obj\stm32f1xx_hal_tim_ex.o
                                0xb78 (size before relaxing)
 .debug_str     0x00002c7d      0x149 ..\obj\main.o
                               0x106c (size before relaxing)
 .debug_str     0x00002dc6      0x38b ..\obj\stm32f1xx_hal_uart.o
                                0x950 (size before relaxing)
 .debug_str     0x00003151       0xa3 ..\obj\stm32f1xx_it.o
                                0x6f9 (size before relaxing)
 .debug_str     0x000031f4      0x171 ..\obj\stm32f1xx_hal_dma.o
                                0x50d (size before relaxing)
 .debug_str     0x00003365      0xc55 ..\obj\stm32f1xx_hal_tim.o
                               0x12e3 (size before relaxing)
 .debug_str     0x00003fba       0xe2 ..\obj\stm32f1xx_hal_rcc_ex.o
                                0x3d4 (size before relaxing)
 .debug_str     0x0000409c       0xa5 ..\obj\system_stm32f1xx.o
                                0x2af (size before relaxing)

.comment        0x00000000       0x6e
 .comment       0x00000000       0x6e ..\obj\stm32f1xx_hal_i2c.o
                                 0x6f (size before relaxing)
 .comment       0x0000006e       0x6f ..\obj\stm32f1xx_hal_pwr.o
 .comment       0x0000006e       0x6f ..\obj\stm32f1xx_hal.o
 .comment       0x0000006e       0x6f ..\obj\stm32f1xx_hal_rtc.o
 .comment       0x0000006e       0x6f ..\obj\stm32f1xx_hal_rtc_ex.o
 .comment       0x0000006e       0x6f ..\obj\stm32f1xx_hal_rcc.o
 .comment       0x0000006e       0x6f ..\obj\stm32f1xx_hal_cortex.o
 .comment       0x0000006e       0x6f ..\obj\stm32f1xx_hal_msp.o
 .comment       0x0000006e       0x6f ..\obj\stm32f1xx_hal_gpio.o
 .comment       0x0000006e       0x6f ..\obj\stm32f1xx_hal_tim_ex.o
 .comment       0x0000006e       0x6f ..\obj\main.o
 .comment       0x0000006e       0x6f ..\obj\stm32f1xx_hal_uart.o
 .comment       0x0000006e       0x6f ..\obj\stm32f1xx_it.o
 .comment       0x0000006e       0x6f ..\obj\stm32f1xx_hal_dma.o
 .comment       0x0000006e       0x6f ..\obj\stm32f1xx_hal_tim.o
 .comment       0x0000006e       0x6f ..\obj\stm32f1xx_hal_rcc_ex.o
 .comment       0x0000006e       0x6f ..\obj\system_stm32f1xx.o

.debug_frame    0x00000000     0x3d84
 .debug_frame   0x00000000      0x984 ..\obj\stm32f1xx_hal_i2c.o
 .debug_frame   0x00000984      0x290 ..\obj\stm32f1xx_hal_pwr.o
 .debug_frame   0x00000c14      0x278 ..\obj\stm32f1xx_hal.o
 .debug_frame   0x00000e8c      0x438 ..\obj\stm32f1xx_hal_rtc.o
 .debug_frame   0x000012c4      0x234 ..\obj\stm32f1xx_hal_rtc_ex.o
 .debug_frame   0x000014f8      0x21c ..\obj\stm32f1xx_hal_rcc.o
 .debug_frame   0x00001714      0x428 ..\obj\stm32f1xx_hal_cortex.o
 .debug_frame   0x00001b3c      0x180 ..\obj\stm32f1xx_hal_msp.o
 .debug_frame   0x00001cbc      0x14c ..\obj\stm32f1xx_hal_gpio.o
 .debug_frame   0x00001e08      0x54c ..\obj\stm32f1xx_hal_tim_ex.o
 .debug_frame   0x00002354      0x130 ..\obj\main.o
 .debug_frame   0x00002484      0x5e0 ..\obj\stm32f1xx_hal_uart.o
 .debug_frame   0x00002a64       0xdc ..\obj\stm32f1xx_it.o
 .debug_frame   0x00002b40      0x194 ..\obj\stm32f1xx_hal_dma.o
 .debug_frame   0x00002cd4      0xfb4 ..\obj\stm32f1xx_hal_tim.o
 .debug_frame   0x00003c88       0x84 ..\obj\stm32f1xx_hal_rcc_ex.o
 .debug_frame   0x00003d0c       0x58 ..\obj\system_stm32f1xx.o
 .debug_frame   0x00003d64       0x20 c:/program files (x86)/gnu tools arm embedded/5.2 2015q4/bin/../lib/gcc/arm-none-eabi/5.2.1/../../../../arm-none-eabi/lib/armv7-m\libg.a(lib_a-strlen-stub.o)

.debug_ranges   0x00000000       0x20
 .debug_ranges  0x00000000       0x20 ..\obj\startup_stm32f103xb.o
