Archive member included to satisfy reference by file (symbol)

c:/program files (x86)/gnu tools arm embedded/5.2 2015q4/bin/../lib/gcc/arm-none-eabi/5.2.1/../../../../arm-none-eabi/lib/armv7-m\libc.a(lib_a-exit.o)
                              c:/program files (x86)/gnu tools arm embedded/5.2 2015q4/bin/../lib/gcc/arm-none-eabi/5.2.1/../../../../arm-none-eabi/lib/armv7-m/crt0.o (exit)
c:/program files (x86)/gnu tools arm embedded/5.2 2015q4/bin/../lib/gcc/arm-none-eabi/5.2.1/../../../../arm-none-eabi/lib/armv7-m\libc.a(lib_a-impure.o)
                              c:/program files (x86)/gnu tools arm embedded/5.2 2015q4/bin/../lib/gcc/arm-none-eabi/5.2.1/../../../../arm-none-eabi/lib/armv7-m\libc.a(lib_a-exit.o) (_global_impure_ptr)
c:/program files (x86)/gnu tools arm embedded/5.2 2015q4/bin/../lib/gcc/arm-none-eabi/5.2.1/../../../../arm-none-eabi/lib/armv7-m\libc.a(lib_a-init.o)
                              c:/program files (x86)/gnu tools arm embedded/5.2 2015q4/bin/../lib/gcc/arm-none-eabi/5.2.1/../../../../arm-none-eabi/lib/armv7-m/crt0.o (__libc_init_array)
c:/program files (x86)/gnu tools arm embedded/5.2 2015q4/bin/../lib/gcc/arm-none-eabi/5.2.1/../../../../arm-none-eabi/lib/armv7-m\libc.a(lib_a-memset.o)
                              c:/program files (x86)/gnu tools arm embedded/5.2 2015q4/bin/../lib/gcc/arm-none-eabi/5.2.1/../../../../arm-none-eabi/lib/armv7-m/crt0.o (memset)
c:/program files (x86)/gnu tools arm embedded/5.2 2015q4/bin/../lib/gcc/arm-none-eabi/5.2.1/../../../../arm-none-eabi/lib/armv7-m\libc.a(lib_a-__call_atexit.o)
                              c:/program files (x86)/gnu tools arm embedded/5.2 2015q4/bin/../lib/gcc/arm-none-eabi/5.2.1/../../../../arm-none-eabi/lib/armv7-m\libc.a(lib_a-exit.o) (__call_exitprocs)
c:/program files (x86)/gnu tools arm embedded/5.2 2015q4/bin/../lib/gcc/arm-none-eabi/5.2.1/../../../../arm-none-eabi/lib/armv7-m\libc.a(lib_a-atexit.o)
                              c:/program files (x86)/gnu tools arm embedded/5.2 2015q4/bin/../lib/gcc/arm-none-eabi/5.2.1/../../../../arm-none-eabi/lib/armv7-m\libc.a(lib_a-__call_atexit.o) (atexit)
c:/program files (x86)/gnu tools arm embedded/5.2 2015q4/bin/../lib/gcc/arm-none-eabi/5.2.1/../../../../arm-none-eabi/lib/armv7-m\libc.a(lib_a-fini.o)
                              c:/program files (x86)/gnu tools arm embedded/5.2 2015q4/bin/../lib/gcc/arm-none-eabi/5.2.1/../../../../arm-none-eabi/lib/armv7-m\libc.a(lib_a-__call_atexit.o) (__libc_fini_array)
c:/program files (x86)/gnu tools arm embedded/5.2 2015q4/bin/../lib/gcc/arm-none-eabi/5.2.1/../../../../arm-none-eabi/lib/armv7-m\libc.a(lib_a-__atexit.o)
                              c:/program files (x86)/gnu tools arm embedded/5.2 2015q4/bin/../lib/gcc/arm-none-eabi/5.2.1/../../../../arm-none-eabi/lib/armv7-m\libc.a(lib_a-atexit.o) (__register_exitproc)
c:/program files (x86)/gnu tools arm embedded/5.2 2015q4/bin/../lib/gcc/arm-none-eabi/5.2.1/armv7-m\libgcc.a(_lshrdi3.o)
                              ..\obj\stm32f1xx_hal_flash.o (__aeabi_llsr)
c:/program files (x86)/gnu tools arm embedded/5.2 2015q4/bin/../lib/gcc/arm-none-eabi/5.2.1/../../../../arm-none-eabi/lib/armv7-m\libg.a(lib_a-errno.o)
                              ..\obj\main.o (__errno)
c:/program files (x86)/gnu tools arm embedded/5.2 2015q4/bin/../lib/gcc/arm-none-eabi/5.2.1/../../../../arm-none-eabi/lib/armv7-m\libg.a(lib_a-sprintf.o)
                              ..\obj\main.o (sprintf)
c:/program files (x86)/gnu tools arm embedded/5.2 2015q4/bin/../lib/gcc/arm-none-eabi/5.2.1/../../../../arm-none-eabi/lib/armv7-m\libg.a(lib_a-strlen-stub.o)
                              ..\obj\main.o (strlen)
c:/program files (x86)/gnu tools arm embedded/5.2 2015q4/bin/../lib/gcc/arm-none-eabi/5.2.1/../../../../arm-none-eabi/lib/armv7-m\libg.a(lib_a-svfprintf.o)
                              c:/program files (x86)/gnu tools arm embedded/5.2 2015q4/bin/../lib/gcc/arm-none-eabi/5.2.1/../../../../arm-none-eabi/lib/armv7-m\libg.a(lib_a-sprintf.o) (_svfprintf_r)
c:/program files (x86)/gnu tools arm embedded/5.2 2015q4/bin/../lib/gcc/arm-none-eabi/5.2.1/../../../../arm-none-eabi/lib/armv7-m\libg.a(lib_a-dtoa.o)
                              c:/program files (x86)/gnu tools arm embedded/5.2 2015q4/bin/../lib/gcc/arm-none-eabi/5.2.1/../../../../arm-none-eabi/lib/armv7-m\libg.a(lib_a-svfprintf.o) (_dtoa_r)
c:/program files (x86)/gnu tools arm embedded/5.2 2015q4/bin/../lib/gcc/arm-none-eabi/5.2.1/../../../../arm-none-eabi/lib/armv7-m\libg.a(lib_a-locale.o)
                              c:/program files (x86)/gnu tools arm embedded/5.2 2015q4/bin/../lib/gcc/arm-none-eabi/5.2.1/../../../../arm-none-eabi/lib/armv7-m\libg.a(lib_a-svfprintf.o) (_localeconv_r)
c:/program files (x86)/gnu tools arm embedded/5.2 2015q4/bin/../lib/gcc/arm-none-eabi/5.2.1/../../../../arm-none-eabi/lib/armv7-m\libg.a(lib_a-mallocr.o)
[...]
Memory Configuration

Name             Origin             Length             Attributes
FLASH            0x08000000         0x00010000         xr
RAM              0x20000000         0x00005000         xrw
*default*        0x00000000         0xffffffff

Linker script and memory map

LOAD c:/program files (x86)/gnu tools arm embedded/5.2 2015q4/bin/../lib/gcc/arm-none-eabi/5.2.1/armv7-m/crti.o
LOAD c:/program files (x86)/gnu tools arm embedded/5.2 2015q4/bin/../lib/gcc/arm-none-eabi/5.2.1/armv7-m/crtbegin.o
LOAD c:/program files (x86)/gnu tools arm embedded/5.2 2015q4/bin/../lib/gcc/arm-none-eabi/5.2.1/../../../../arm-none-eabi/lib/armv7-m/crt0.o
                0x20005000                _estack = 0x20005000
                0x00000200                _Min_Heap_Size = 0x200
                0x00000400                _Min_Stack_Size = 0x400

.isr_vector     0x08000000      0x10c
                0x08000000                . = ALIGN (0x4)
 *(.isr_vector)
 .isr_vector    0x08000000      0x10c ..\obj\startup_stm32f103xb.o
                0x08000000                g_pfnVectors
                0x0800010c                . = ALIGN (0x4)

.text           0x08000110     0xc32c
                0x08000110                . = ALIGN (0x4)
 *(.text)
 .text          0x08000110       0xa4 c:/program files (x86)/gnu tools arm embedded/5.2 2015q4/bin/../lib/gcc/arm-none-eabi/5.2.1/armv7-m/crtbegin.o
 .text          0x080001b4     0x1d18 ..\obj\stm32f1xx_hal_i2c.o
                0x08000684                HAL_I2C_Init
                0x0800075a                HAL_I2C_DeInit
                0x0800078a                HAL_I2C_Master_Transmit
                0x080008c0                HAL_I2C_Master_Receive
                0x08000a84                HAL_I2C_Slave_Transmit
                0x08000bac                HAL_I2C_Slave_Receive
                0x08000cc0                HAL_I2C_Master_Transmit_IT
                0x08000d64                HAL_I2C_Master_Receive_IT
                0x08000e58                HAL_I2C_Slave_Transmit_IT
                0x08000ec4                HAL_I2C_Slave_Receive_IT
                0x08000f30                HAL_I2C_Master_Transmit_DMA
                0x08000ff0                HAL_I2C_Master_Receive_DMA
                0x080010c8                HAL_I2C_Slave_Transmit_DMA
                0x080011c0                HAL_I2C_Slave_Receive_DMA
                0x08001284                HAL_I2C_Mem_Write
                0x08001378                HAL_I2C_Mem_Read
                0x0800154c                HAL_I2C_Mem_Write_IT
                0x080015f4                HAL_I2C_Mem_Read_IT
                0x080016f8                HAL_I2C_Mem_Write_DMA
                0x080017b8                HAL_I2C_Mem_Read_DMA
                0x0800189c                HAL_I2C_IsDeviceReady
                0x080019d0                HAL_I2C_MasterTxCpltCallback
                0x080019d2                HAL_I2C_MasterRxCpltCallback
                0x080019d4                HAL_I2C_SlaveTxCpltCallback
                0x080019d6                HAL_I2C_SlaveRxCpltCallback
                0x080019d8                HAL_I2C_MemTxCpltCallback
                0x080019da                HAL_I2C_MemRxCpltCallback
                0x080019dc                HAL_I2C_EV_IRQHandler
                0x08001bd2                HAL_I2C_ErrorCallback
                0x08001de0                HAL_I2C_ER_IRQHandler
                0x08001ec0                HAL_I2C_GetState
                0x08001ec6                HAL_I2C_GetError
 .text          0x08001ecc      0x20c ..\obj\stm32f1xx_hal_pwr.o
                0x08001ed2                HAL_PWR_DeInit
                0x08001eec                HAL_PWR_EnableBkUpAccess
                0x08001f08                HAL_PWR_DisableBkUpAccess
                0x08001f24                HAL_PWR_ConfigPVD
                0x08001f90                HAL_PWR_EnablePVD
                0x08001faa                HAL_PWR_DisablePVD
                0x08001fc4                HAL_PWR_EnableWakeUpPin
                0x08001fdc                HAL_PWR_DisableWakeUpPin
                0x08001ff4                HAL_PWR_EnterSLEEPMode
                0x08002014                HAL_PWR_EnterSTOPMode
                0x0800205c                HAL_PWR_EnterSTANDBYMode
                0x0800207c                HAL_PWR_EnableSleepOnExit
                0x0800208c                HAL_PWR_DisableSleepOnExit
                0x0800209c                HAL_PWR_EnableSEVOnPend
                0x080020ac                HAL_PWR_DisableSEVOnPend
                0x080020bc                HAL_PWR_PVDCallback
                0x080020be                HAL_PWR_PVD_IRQHandler
 .text          0x080020d8      0x158 ..\obj\stm32f1xx_hal.o
                0x080020da                HAL_MspDeInit
                0x080020dc                HAL_DeInit
                0x080020fc                HAL_InitTick
                0x08002120                HAL_Init
                0x08002144                HAL_IncTick
                0x08002154                HAL_GetTick
                0x08002160                HAL_Delay
                0x0800217a                HAL_SuspendTick
                0x0800218c                HAL_ResumeTick
                0x0800219c                HAL_GetHalVersion
                0x080021a4                HAL_GetREVID
                0x080021c0                HAL_GetDEVID
                0x080021d0                HAL_DBGMCU_EnableDBGSleepMode
                0x080021e0                HAL_DBGMCU_DisableDBGSleepMode
                0x080021f0                HAL_DBGMCU_EnableDBGStopMode
                0x08002200                HAL_DBGMCU_DisableDBGStopMode
                0x08002210                HAL_DBGMCU_EnableDBGStandbyMode
                0x08002220                HAL_DBGMCU_DisableDBGStandbyMode
 .text          0x08002230      0x8b0 ..\obj\stm32f1xx_hal_rtc.o
                0x080023b6                HAL_RTC_SetTime
                0x0800245e                HAL_RTC_GetTime
                0x080025c4                HAL_RTC_SetDate
                0x0800267c                HAL_RTC_GetDate
                0x080026d2                HAL_RTC_SetAlarm
                0x08002786                HAL_RTC_SetAlarm_IT
                0x08002860                HAL_RTC_GetAlarm
                0x080028ba                HAL_RTC_DeactivateAlarm
                0x0800292c                HAL_RTC_AlarmAEventCallback
                0x0800292e                HAL_RTC_AlarmIRQHandler
                0x08002960                HAL_RTC_PollForAlarmAEvent
                0x080029a0                HAL_RTC_GetState
                0x080029a4                HAL_RTC_WaitForSynchro
                0x080029da                HAL_RTC_Init
                0x08002a7c                HAL_RTC_DeInit
 .text          0x08002ae0      0x240 ..\obj\stm32f1xx_hal_rtc_ex.o
                0x08002ae0                HAL_RTCEx_SetTamper
                0x08002b2c                HAL_RTCEx_SetTamper_IT
                0x08002b80                HAL_RTCEx_DeactivateTamper
                0x08002bc8                HAL_RTCEx_Tamper1EventCallback
                0x08002bca                HAL_RTCEx_TamperIRQHandler
                0x08002bf4                HAL_RTCEx_PollForTamper1Event
                0x08002c3c                HAL_RTCEx_SetSecond_IT
                0x08002c66                HAL_RTCEx_DeactivateSecond
                0x08002c90                HAL_RTCEx_RTCEventCallback
                0x08002c92                HAL_RTCEx_RTCEventErrorCallback
                0x08002c94                HAL_RTCEx_RTCIRQHandler
                0x08002cce                HAL_RTCEx_BKUPWrite
                0x08002cde                HAL_RTCEx_BKUPRead
                0x08002cee                HAL_RTCEx_SetSmoothCalib
 .text          0x08002d20      0x8e8 ..\obj\stm32f1xx_hal_rcc.o
                0x08002d20                HAL_RCC_DeInit
                0x08002d74                HAL_RCC_OscConfig
                0x08003234                HAL_RCC_MCOConfig
                0x08003284                HAL_RCC_EnableCSS
                0x080032a0                HAL_RCC_DisableCSS
                0x080032bc                HAL_RCC_GetSysClockFreq
                0x0800334c                HAL_RCC_ClockConfig
                0x080034b0                HAL_RCC_GetHCLKFreq
                0x080034bc                HAL_RCC_GetPCLK1Freq
                0x080034ec                HAL_RCC_GetPCLK2Freq
                0x0800351c                HAL_RCC_GetOscConfig
                0x080035ac                HAL_RCC_GetClockConfig
                0x080035e8                HAL_RCC_CSSCallback
                0x080035ea                HAL_RCC_NMI_IRQHandler
 .text          0x08003608      0x210 ..\obj\stm32f1xx_hal_cortex.o
                0x08003608                HAL_NVIC_SetPriorityGrouping
                0x0800362c                HAL_NVIC_SetPriority
                0x08003694                HAL_NVIC_EnableIRQ
                0x080036ac                HAL_NVIC_DisableIRQ
                0x080036c8                HAL_NVIC_SystemReset
                0x080036ec                HAL_SYSTICK_Config
                0x08003718                HAL_NVIC_GetPriorityGrouping
                0x08003728                HAL_NVIC_GetPriority
                0x08003784                HAL_NVIC_SetPendingIRQ
                0x080037a0                HAL_NVIC_GetPendingIRQ
                0x080037bc                HAL_NVIC_ClearPendingIRQ
                0x080037d8                HAL_NVIC_GetActive
                0x080037f4                HAL_SYSTICK_CLKSourceConfig
                0x0800380c                HAL_SYSTICK_Callback
                0x0800380e                HAL_SYSTICK_IRQHandler
 .text          0x08003818      0x2c4 ..\obj\stm32f1xx_hal_msp.o
                0x08003818                HAL_MspInit
                0x080038b4                HAL_I2C_MspInit
                0x08003908                HAL_I2C_MspDeInit
                0x08003934                HAL_RTC_MspInit
                0x0800397c                HAL_RTC_MspDeInit
                0x080039a8                HAL_TIM_PWM_MspInit
                0x080039d0                HAL_TIM_MspPostInit
                0x080039fc                HAL_TIM_PWM_MspDeInit
                0x08003a18                HAL_UART_MspInit
                0x08003aa0                HAL_UART_MspDeInit
 .text          0x08003adc      0x2f0 ..\obj\stm32f1xx_hal_gpio.o
                0x08003adc                HAL_GPIO_Init
                0x08003c8c                HAL_GPIO_DeInit
                0x08003d6c                HAL_GPIO_ReadPin
                0x08003d78                HAL_GPIO_WritePin
                0x08003d80                HAL_GPIO_TogglePin
                0x08003d88                HAL_GPIO_LockPin
                0x08003db2                HAL_GPIO_EXTI_Callback
                0x08003db4                HAL_GPIO_EXTI_IRQHandler
 .text          0x08003dcc      0x774 ..\obj\stm32f1xx_hal_tim_ex.o
                0x08003de6                HAL_TIMEx_HallSensor_MspInit
                0x08003de8                HAL_TIMEx_HallSensor_Init
                0x08003e96                HAL_TIMEx_HallSensor_MspDeInit
                0x08003e98                HAL_TIMEx_HallSensor_DeInit
                0x08003ed2                HAL_TIMEx_HallSensor_Start
                0x08003eee                HAL_TIMEx_HallSensor_Stop
                0x08003f1e                HAL_TIMEx_HallSensor_Start_IT
                0x08003f42                HAL_TIMEx_HallSensor_Stop_IT
                0x08003f7a                HAL_TIMEx_HallSensor_Start_DMA
                0x08003fe0                HAL_TIMEx_HallSensor_Stop_DMA
                0x08004018                HAL_TIMEx_PWMN_Start
                0x0800403a                HAL_TIMEx_OCN_Start
                0x0800403e                HAL_TIMEx_PWMN_Start_IT
                0x0800409e                HAL_TIMEx_OCN_Start_IT
                0x080040a2                HAL_TIMEx_PWMN_Stop_IT
                0x0800413c                HAL_TIMEx_OCN_Stop_IT
                0x08004140                HAL_TIMEx_PWMN_Start_DMA
                0x08004218                HAL_TIMEx_OCN_Start_DMA
                0x0800421c                HAL_TIMEx_PWMN_Stop_DMA
                0x080042aa                HAL_TIMEx_OCN_Stop_DMA
                0x080042ae                HAL_TIMEx_OnePulseN_Start
                0x080042c8                HAL_TIMEx_OnePulseN_Stop
                0x08004312                HAL_TIMEx_PWMN_Stop
                0x08004316                HAL_TIMEx_OCN_Stop
                0x0800431a                HAL_TIMEx_OnePulseN_Start_IT
                0x08004344                HAL_TIMEx_OnePulseN_Stop_IT
                0x0800439e                HAL_TIMEx_ConfigCommutationEvent
                0x080043e8                HAL_TIMEx_ConfigCommutationEvent_IT
                0x0800443a                HAL_TIMEx_ConfigCommutationEvent_DMA
                0x080044a0                HAL_TIMEx_ConfigBreakDeadTime
                0x080044e0                HAL_TIMEx_MasterConfigSynchronization
                0x08004524                HAL_TIMEx_CommutationCallback
                0x08004526                TIMEx_DMACommutationCplt
                0x08004536                HAL_TIMEx_BreakCallback
                0x08004538                HAL_TIMEx_HallSensor_GetState
 .text          0x08004540       0xb0 ..\obj\main.o
                0x08004540                _sbrk
                0x08004574                SystemClock_Config
                0x080045ec                Error_Handler
 .text          0x080045f0      0xa88 ..\obj\stm32f1xx_hal_uart.o
                0x08004786                HAL_UART_Init
                0x080047de                HAL_HalfDuplex_Init
                0x0800483e                HAL_LIN_Init
                0x080048aa                HAL_MultiProcessor_Init
                0x0800491e                HAL_UART_DeInit
                0x08004952                HAL_UART_Transmit
                0x08004a0a                HAL_UART_Receive
                0x08004ac6                HAL_UART_Transmit_IT
                0x08004b1a                HAL_UART_Receive_IT
                0x08004b7e                HAL_UART_Transmit_DMA
                0x08004c00                HAL_UART_Receive_DMA
                0x08004c7c                HAL_UART_DMAPause
                0x08004cd6                HAL_UART_DMAResume
                0x08004d4c                HAL_UART_DMAStop
                0x08004d74                HAL_UART_TxCpltCallback
                0x08004da2                HAL_UART_TxHalfCpltCallback
                0x08004de2                HAL_UART_RxHalfCpltCallback
                0x08004dee                HAL_UART_ErrorCallback
                0x08004e0e                HAL_UART_IRQHandler
                0x08004f92                HAL_LIN_SendBreak
                0x08004fbc                HAL_MultiProcessor_EnterMuteMode
                0x08004fe6                HAL_MultiProcessor_ExitMuteMode
                0x08005010                HAL_HalfDuplex_EnableTransmitter
                0x0800503e                HAL_HalfDuplex_EnableReceiver
                0x0800506c                HAL_UART_GetState
                0x08005072                HAL_UART_GetError
 .text          0x08005078       0x94 ..\obj\stm32f1xx_it.o
                0x08005078                NMI_Handler
                0x08005098                SysTick_Handler
                0x080050a6                RTC_IRQHandler
                0x080050b0                RCC_IRQHandler
                0x080050b2                EXTI2_IRQHandler
                0x080050d4                DMA1_Channel7_IRQHandler
                0x080050e0                USART2_IRQHandler
                0x080050ec                HAL_UART_RxCpltCallback
 .text          0x0800510c      0x708 ..\obj\stm32f1xx_hal_dma.o
                0x0800510c                HAL_DMA_Init
                0x08005156                HAL_DMA_DeInit
                0x08005278                HAL_DMA_Start
                0x080052ba                HAL_DMA_Start_IT
                0x08005314                HAL_DMA_Abort
                0x08005360                HAL_DMA_PollForTransfer
                0x080055b4                HAL_DMA_IRQHandler
                0x08005808                HAL_DMA_GetState
                0x0800580e                HAL_DMA_GetError
 .text          0x08005814     0x1b4c ..\obj\stm32f1xx_hal_tim.o
                0x080059a6                HAL_TIM_Base_MspInit
                0x080059a8                HAL_TIM_Base_MspDeInit
                0x080059aa                HAL_TIM_Base_DeInit
                0x080059e4                HAL_TIM_Base_Start
                0x080059fe                HAL_TIM_Base_Stop
                0x08005a2c                HAL_TIM_Base_Start_IT
                0x08005a42                HAL_TIM_Base_Stop_IT
                0x08005a6c                HAL_TIM_Base_Start_DMA
                0x08005ac0                HAL_TIM_Base_Stop_DMA
                0x08005af0                HAL_TIM_OC_MspInit
                0x08005af2                HAL_TIM_OC_MspDeInit
                0x08005af4                HAL_TIM_OC_DeInit
                0x08005b32                HAL_TIM_PWM_DeInit
                0x08005b6c                HAL_TIM_IC_MspInit
                0x08005b6e                HAL_TIM_IC_MspDeInit
                0x08005b70                HAL_TIM_IC_DeInit
                0x08005baa                HAL_TIM_OnePulse_MspInit
                0x08005bac                HAL_TIM_OnePulse_MspDeInit
                0x08005bae                HAL_TIM_OnePulse_DeInit
                0x08005be8                HAL_TIM_OnePulse_Start
                0x08005c20                HAL_TIM_OnePulse_Stop
                0x08005c80                HAL_TIM_OnePulse_Start_IT
                0x08005cc8                HAL_TIM_OnePulse_Stop_IT
                0x08005d38                HAL_TIM_Encoder_MspInit
                0x08005d3a                HAL_TIM_Encoder_MspDeInit
                0x08005d3c                HAL_TIM_Encoder_DeInit
                0x08005d76                HAL_TIM_Encoder_Start
                0x08005dbc                HAL_TIM_Encoder_Stop
                0x08005e06                HAL_TIM_Encoder_Start_IT
                0x08005e74                HAL_TIM_Encoder_Stop_IT
                0x08005ee8                HAL_TIM_Encoder_Start_DMA
                0x08006018                HAL_TIM_Encoder_Stop_DMA
                0x0800608c                HAL_TIM_DMABurst_WriteStart
                0x08006144                HAL_TIM_DMABurst_ReadStart
                0x080061fc                HAL_TIM_DMABurst_ReadStop
                0x0800625a                HAL_TIM_DMABurst_WriteStop
                0x0800625e                HAL_TIM_GenerateEvent
                0x08006282                HAL_TIM_ConfigOCrefClear
                0x08006348                HAL_TIM_ConfigClockSource
                0x080064bc                HAL_TIM_ConfigTI1Input
                0x080064cc                HAL_TIM_SlaveConfigSynchronization
                0x0800650c                HAL_TIM_SlaveConfigSynchronization_IT
                0x0800654c                HAL_TIM_ReadCapturedValue
                0x08006592                HAL_TIM_PeriodElapsedCallback
                0x080065a4                HAL_TIM_OC_DelayElapsedCallback
                0x080065a6                HAL_TIM_IC_CaptureCallback
                0x080065a8                TIM_DMACaptureCplt
                0x080065e2                HAL_TIM_PWM_PulseFinishedCallback
                0x080065e4                TIM_DMADelayPulseCplt
                0x0800661e                HAL_TIM_TriggerCallback
                0x08006620                HAL_TIM_IRQHandler
                0x08006774                HAL_TIM_ErrorCallback
                0x08006776                TIM_DMAError
                0x08006786                HAL_TIM_Base_GetState
                0x0800678c                HAL_TIM_OC_GetState
                0x08006792                HAL_TIM_PWM_GetState
                0x08006798                HAL_TIM_IC_GetState
                0x0800679e                HAL_TIM_OnePulse_GetState
                0x080067a4                HAL_TIM_Encoder_GetState
                0x080067aa                TIM_Base_SetConfig
                0x08006814                HAL_TIM_Base_Init
                0x08006848                HAL_TIM_OC_Init
                0x0800687c                HAL_TIM_PWM_Init
                0x080068b0                HAL_TIM_IC_Init
                0x080068e4                HAL_TIM_OnePulse_Init
                0x0800692a                HAL_TIM_Encoder_Init
                0x080069bc                TIM_OC2_SetConfig
                0x08006a14                HAL_TIM_OC_ConfigChannel
                0x08006a70                HAL_TIM_PWM_ConfigChannel
                0x08006b36                TIM_TI1_SetConfig
                0x08006b8c                HAL_TIM_IC_ConfigChannel
                0x08006ca0                HAL_TIM_OnePulse_ConfigChannel
                0x08006d90                TIM_CCxChannelCmd
                0x08006daa                HAL_TIM_OC_Stop
                0x08006e00                HAL_TIM_PWM_Start
                0x08006e2c                HAL_TIM_OC_Start
                0x08006e30                HAL_TIM_PWM_Stop
                0x08006e8c                HAL_TIM_PWM_Start_IT
                0x08006ef8                HAL_TIM_OC_Start_IT
                0x08006efc                HAL_TIM_PWM_Stop_IT
                0x08006f90                HAL_TIM_OC_Stop_IT
                0x08006f94                HAL_TIM_PWM_Start_DMA
                0x08007074                HAL_TIM_OC_Start_DMA
                0x08007078                HAL_TIM_PWM_Stop_DMA
                0x08007110                HAL_TIM_OC_Stop_DMA
                0x08007114                HAL_TIM_IC_Start
                0x0800712e                HAL_TIM_IC_Stop
                0x0800715c                HAL_TIM_IC_Start_IT
                0x080071b4                HAL_TIM_IC_Stop_IT
                0x08007220                HAL_TIM_IC_Start_DMA
                0x080072ec                HAL_TIM_IC_Stop_DMA
 .text          0x08007360      0x248 ..\obj\stm32f1xx_hal_rcc_ex.o
                0x08007360                HAL_RCCEx_PeriphCLKConfig
                0x08007474                HAL_RCCEx_GetPeriphCLKConfig
                0x08007498                HAL_RCCEx_GetPeriphCLKFreq
 .text          0x080075a8       0xa8 ..\obj\system_stm32f1xx.o
                0x080075a8                SystemInit
                0x080075f4                SystemCoreClockUpdate
 .text          0x08007650       0xec c:/program files (x86)/gnu tools arm embedded/5.2 2015q4/bin/../lib/gcc/arm-none-eabi/5.2.1/../../../../arm-none-eabi/lib/armv7-m\libg.a(lib_a-memcpy.o)
                0x08007650                memcpy
 .text          0x0800773c      0x370 c:/program files (x86)/gnu tools arm embedded/5.2 2015q4/bin/../lib/gcc/arm-none-eabi/5.2.1/armv7-m\libgcc.a(_arm_addsubdf3.o)
                0x0800773c                __aeabi_drsub
                0x08007744                __aeabi_dsub
                0x08007744                __subdf3
                0x08007748                __aeabi_dadd
                0x08007748                __adddf3
                0x080079c0                __floatunsidf
                0x080079c0                __aeabi_ui2d
                0x080079e0                __floatsidf
                0x080079e0                __aeabi_i2d
                0x08007a04                __aeabi_f2d
                0x08007a04                __extendsfdf2
                0x08007a40                __floatundidf
                0x08007a40                __aeabi_ul2d
                0x08007a50                __floatdidf
                0x08007a50                __aeabi_l2d
 .text          0x08007aac      0x424 c:/program files (x86)/gnu tools arm embedded/5.2 2015q4/bin/../lib/gcc/arm-none-eabi/5.2.1/armv7-m\libgcc.a(_arm_muldivdf3.o)
                0x08007aac                __aeabi_dmul
                0x08007aac                __muldf3
                0x08007d00                __divdf3
                0x08007d00                __aeabi_ddiv
 .text          0x08007ed0      0x110 c:/program files (x86)/gnu tools arm embedded/5.2 2015q4/bin/../lib/gcc/arm-none-eabi/5.2.1/armv7-m\libgcc.a(_arm_cmpdf2.o)
                0x08007ed0                __gtdf2
                0x08007ed0                __gedf2
                0x08007ed8                __ltdf2
                0x08007ed8                __ledf2
                0x08007ee0                __nedf2
                0x08007ee0                __eqdf2
                0x08007ee0                __cmpdf2
                0x08007f5c                __aeabi_cdrcmple
                0x08007f6c                __aeabi_cdcmpeq
                0x08007f6c                __aeabi_cdcmple
                0x08007f7c                __aeabi_dcmpeq
                0x08007f90                __aeabi_dcmplt
                0x08007fa4                __aeabi_dcmple
                0x08007fb8                __aeabi_dcmpge
                0x08007fcc                __aeabi_dcmpgt
 .text          0x08007fe0       0x50 c:/program files (x86)/gnu tools arm embedded/5.2 2015q4/bin/../lib/gcc/arm-none-eabi/5.2.1/armv7-m\libgcc.a(_arm_fixdfsi.o)
                0x08007fe0                __aeabi_d2iz
                0x08007fe0                __fixdfsi
 .text          0x08008030       0x30 c:/program files (x86)/gnu tools arm embedded/5.2 2015q4/bin/../lib/gcc/arm-none-eabi/5.2.1/armv7-m\libgcc.a(_aeabi_uldivmod.o)
                0x08008030                __aeabi_uldivmod
 .text          0x08008060      0x2ec c:/program files (x86)/gnu tools arm embedded/5.2 2015q4/bin/../lib/gcc/arm-none-eabi/5.2.1/armv7-m\libgcc.a(_udivmoddi4.o)
                0x08008060                __udivmoddi4
 .text          0x0800834c        0x4 c:/program files (x86)/gnu tools arm embedded/5.2 2015q4/bin/../lib/gcc/arm-none-eabi/5.2.1/armv7-m\libgcc.a(_dvmd_tls.o)
                0x0800834c                __aeabi_idiv0
                0x0800834c                __aeabi_ldiv0
 *(.text*)
 .text.__libc_init_array
                0x08008350       0x50 c:/program files (x86)/gnu tools arm embedded/5.2 2015q4/bin/../lib/gcc/arm-none-eabi/5.2.1/../../../../arm-none-eabi/lib/armv7-m\libc.a(lib_a-init.o)
                0x08008350                __libc_init_array
 .text.memset   0x080083a0       0x9c c:/program files (x86)/gnu tools arm embedded/5.2 2015q4/bin/../lib/gcc/arm-none-eabi/5.2.1/../../../../arm-none-eabi/lib/armv7-m\libc.a(lib_a-memset.o)
                0x080083a0                memset
 .text.startup.register_fini
                0x0800843c       0x14 c:/program files (x86)/gnu tools arm embedded/5.2 2015q4/bin/../lib/gcc/arm-none-eabi/5.2.1/../../../../arm-none-eabi/lib/armv7-m\libc.a(lib_a-__call_atexit.o)
 .text.atexit   0x08008450        0xc c:/program files (x86)/gnu tools arm embedded/5.2 2015q4/bin/../lib/gcc/arm-none-eabi/5.2.1/../../../../arm-none-eabi/lib/armv7-m\libc.a(lib_a-atexit.o)
                0x08008450                atexit
 .text.__libc_fini_array
                0x0800845c       0x28 c:/program files (x86)/gnu tools arm embedded/5.2 2015q4/bin/../lib/gcc/arm-none-eabi/5.2.1/../../../../arm-none-eabi/lib/armv7-m\libc.a(lib_a-fini.o)
                0x0800845c                __libc_fini_array
 .text.__register_exitproc
                0x08008484       0xa4 c:/program files (x86)/gnu tools arm embedded/5.2 2015q4/bin/../lib/gcc/arm-none-eabi/5.2.1/../../../../arm-none-eabi/lib/armv7-m\libc.a(lib_a-__atexit.o)
                0x08008484                __register_exitproc
 .text.Reset_Handler
                0x08008528       0x48 ..\obj\startup_stm32f103xb.o
                0x08008528                Reset_Handler
 .text.Default_Handler
                0x08008570        0x2 ..\obj\startup_stm32f103xb.o
                0x08008570                RTC_Alarm_IRQHandler
                0x08008570                DebugMon_Handler
                0x08008570                TIM1_CC_IRQHandler
                0x08008570                HardFault_Handler
                0x08008570                PVD_IRQHandler
                0x08008570                PendSV_Handler
                0x08008570                EXTI3_IRQHandler
                0x08008570                EXTI0_IRQHandler
                0x08008570                I2C2_EV_IRQHandler
                0x08008570                UsageFault_Handler
                0x08008570                ADC1_2_IRQHandler
                0x08008570                SPI1_IRQHandler
                0x08008570                TAMPER_IRQHandler
                0x08008570                DMA1_Channel4_IRQHandler
                0x08008570                USART3_IRQHandler
                0x08008570                CAN1_RX1_IRQHandler
                0x08008570                TIM4_IRQHandler
                0x08008570                I2C1_EV_IRQHandler
                0x08008570                DMA1_Channel6_IRQHandler
                0x08008570                TIM3_IRQHandler
                0x08008570                TIM1_TRG_COM_IRQHandler
                0x08008570                DMA1_Channel1_IRQHandler
                0x08008570                Default_Handler
                0x08008570                EXTI15_10_IRQHandler
                0x08008570                EXTI9_5_IRQHandler
                0x08008570                SPI2_IRQHandler
                0x08008570                MemManage_Handler
                0x08008570                SVC_Handler
                0x08008570                DMA1_Channel5_IRQHandler
                0x08008570                EXTI4_IRQHandler
                0x08008570                USB_LP_CAN1_RX0_IRQHandler
                0x08008570                USB_HP_CAN1_TX_IRQHandler
                0x08008570                DMA1_Channel3_IRQHandler
                0x08008570                TIM1_UP_IRQHandler
                0x08008570                WWDG_IRQHandler
                0x08008570                TIM2_IRQHandler
                0x08008570                TIM1_BRK_IRQHandler
                0x08008570                EXTI1_IRQHandler
                0x08008570                I2C2_ER_IRQHandler
                0x08008570                DMA1_Channel2_IRQHandler
                0x08008570                CAN1_SCE_IRQHandler
                0x08008570                FLASH_IRQHandler
                0x08008570                BusFault_Handler
                0x08008570                USART1_IRQHandler
                0x08008570                I2C1_ER_IRQHandler
                0x08008570                USBWakeUp_IRQHandler
 *fill*         0x08008572        0x2 
 .text.startup  0x08008574      0x26c ..\obj\main.o
                0x08008574                main
 .text.__errno  0x080087e0        0xc c:/program files (x86)/gnu tools arm embedded/5.2 2015q4/bin/../lib/gcc/arm-none-eabi/5.2.1/../../../../arm-none-eabi/lib/armv7-m\libg.a(lib_a-errno.o)
                0x080087e0                __errno
 .text.sprintf  0x080087ec       0x4c c:/program files (x86)/gnu tools arm embedded/5.2 2015q4/bin/../lib/gcc/arm-none-eabi/5.2.1/../../../../arm-none-eabi/lib/armv7-m\libg.a(lib_a-sprintf.o)
                0x080087ec                sprintf
 .text.strlen   0x08008838       0x5c c:/program files (x86)/gnu tools arm embedded/5.2 2015q4/bin/../lib/gcc/arm-none-eabi/5.2.1/../../../../arm-none-eabi/lib/armv7-m\libg.a(lib_a-strlen-stub.o)
                0x08008838                strlen
 .text._svfprintf_r
                0x08008894     0x1718 c:/program files (x86)/gnu tools arm embedded/5.2 2015q4/bin/../lib/gcc/arm-none-eabi/5.2.1/../../../../arm-none-eabi/lib/armv7-m\libg.a(lib_a-svfprintf.o)
                0x08008894                _svfprintf_r
 .text.quorem   0x08009fac      0x12c c:/program files (x86)/gnu tools arm embedded/5.2 2015q4/bin/../lib/gcc/arm-none-eabi/5.2.1/../../../../arm-none-eabi/lib/armv7-m\libg.a(lib_a-dtoa.o)
 .text._dtoa_r  0x0800a0d8      0xe4c c:/program files (x86)/gnu tools arm embedded/5.2 2015q4/bin/../lib/gcc/arm-none-eabi/5.2.1/../../../../arm-none-eabi/lib/armv7-m\libg.a(lib_a-dtoa.o)
                0x0800a0d8                _dtoa_r
 .text._localeconv_r
                0x0800af24        0x8 c:/program files (x86)/gnu tools arm embedded/5.2 2015q4/bin/../lib/gcc/arm-none-eabi/5.2.1/../../../../arm-none-eabi/lib/armv7-m\libg.a(lib_a-locale.o)
                0x0800af24                _localeconv_r
 .text._malloc_r
                0x0800af2c      0x558 c:/program files (x86)/gnu tools arm embedded/5.2 2015q4/bin/../lib/gcc/arm-none-eabi/5.2.1/../../../../arm-none-eabi/lib/armv7-m\libg.a(lib_a-mallocr.o)
                0x0800af2c                _malloc_r
 .text.memchr   0x0800b484       0x8c c:/program files (x86)/gnu tools arm embedded/5.2 2015q4/bin/../lib/gcc/arm-none-eabi/5.2.1/../../../../arm-none-eabi/lib/armv7-m\libg.a(lib_a-memchr-stub.o)
                0x0800b484                memchr
 .text.__malloc_lock
                0x0800b510        0x4 c:/program files (x86)/gnu tools arm embedded/5.2 2015q4/bin/../lib/gcc/arm-none-eabi/5.2.1/../../../../arm-none-eabi/lib/armv7-m\libg.a(lib_a-mlock.o)
                0x0800b510                __malloc_lock
 .text.__malloc_unlock
                0x0800b514        0x4 c:/program files (x86)/gnu tools arm embedded/5.2 2015q4/bin/../lib/gcc/arm-none-eabi/5.2.1/../../../../arm-none-eabi/lib/armv7-m\libg.a(lib_a-mlock.o)
                0x0800b514                __malloc_unlock
 .text._Balloc  0x0800b518       0x50 c:/program files (x86)/gnu tools arm embedded/5.2 2015q4/bin/../lib/gcc/arm-none-eabi/5.2.1/../../../../arm-none-eabi/lib/armv7-m\libg.a(lib_a-mprec.o)
                0x0800b518                _Balloc
 .text._Bfree   0x0800b568       0x14 c:/program files (x86)/gnu tools arm embedded/5.2 2015q4/bin/../lib/gcc/arm-none-eabi/5.2.1/../../../../arm-none-eabi/lib/armv7-m\libg.a(lib_a-mprec.o)
                0x0800b568                _Bfree
 .text.__multadd
                0x0800b57c       0x80 c:/program files (x86)/gnu tools arm embedded/5.2 2015q4/bin/../lib/gcc/arm-none-eabi/5.2.1/../../../../arm-none-eabi/lib/armv7-m\libg.a(lib_a-mprec.o)
                0x0800b57c                __multadd
 .text.__hi0bits
                0x0800b5fc       0x40 c:/program files (x86)/gnu tools arm embedded/5.2 2015q4/bin/../lib/gcc/arm-none-eabi/5.2.1/../../../../arm-none-eabi/lib/armv7-m\libg.a(lib_a-mprec.o)
                0x0800b5fc                __hi0bits
 .text.__lo0bits
                0x0800b63c       0x5c c:/program files (x86)/gnu tools arm embedded/5.2 2015q4/bin/../lib/gcc/arm-none-eabi/5.2.1/../../../../arm-none-eabi/lib/armv7-m\libg.a(lib_a-mprec.o)
                0x0800b63c                __lo0bits
 .text.__i2b    0x0800b698       0x14 c:/program files (x86)/gnu tools arm embedded/5.2 2015q4/bin/../lib/gcc/arm-none-eabi/5.2.1/../../../../arm-none-eabi/lib/armv7-m\libg.a(lib_a-mprec.o)
                0x0800b698                __i2b
 .text.__multiply
                0x0800b6ac      0x13c c:/program files (x86)/gnu tools arm embedded/5.2 2015q4/bin/../lib/gcc/arm-none-eabi/5.2.1/../../../../arm-none-eabi/lib/armv7-m\libg.a(lib_a-mprec.o)
                0x0800b6ac                __multiply
 .text.__pow5mult
                0x0800b7e8       0xa0 c:/program files (x86)/gnu tools arm embedded/5.2 2015q4/bin/../lib/gcc/arm-none-eabi/5.2.1/../../../../arm-none-eabi/lib/armv7-m\libg.a(lib_a-mprec.o)
                0x0800b7e8                __pow5mult
 .text.__lshift
                0x0800b888       0xac c:/program files (x86)/gnu tools arm embedded/5.2 2015q4/bin/../lib/gcc/arm-none-eabi/5.2.1/../../../../arm-none-eabi/lib/armv7-m\libg.a(lib_a-mprec.o)
                0x0800b888                __lshift
 .text.__mcmp   0x0800b934       0x40 c:/program files (x86)/gnu tools arm embedded/5.2 2015q4/bin/../lib/gcc/arm-none-eabi/5.2.1/../../../../arm-none-eabi/lib/armv7-m\libg.a(lib_a-mprec.o)
                0x0800b934                __mcmp
 .text.__mdiff  0x0800b974      0x128 c:/program files (x86)/gnu tools arm embedded/5.2 2015q4/bin/../lib/gcc/arm-none-eabi/5.2.1/../../../../arm-none-eabi/lib/armv7-m\libg.a(lib_a-mprec.o)
                0x0800b974                __mdiff
 .text.__d2b    0x0800ba9c       0xa8 c:/program files (x86)/gnu tools arm embedded/5.2 2015q4/bin/../lib/gcc/arm-none-eabi/5.2.1/../../../../arm-none-eabi/lib/armv7-m\libg.a(lib_a-mprec.o)
                0x0800ba9c                __d2b
 .text.__fpclassifyd
                0x0800bb44       0x54 c:/program files (x86)/gnu tools arm embedded/5.2 2015q4/bin/../lib/gcc/arm-none-eabi/5.2.1/../../../../arm-none-eabi/lib/armv7-m\libg.a(lib_a-s_fpclassify.o)
                0x0800bb44                __fpclassifyd
 .text._sbrk_r  0x0800bb98       0x24 c:/program files (x86)/gnu tools arm embedded/5.2 2015q4/bin/../lib/gcc/arm-none-eabi/5.2.1/../../../../arm-none-eabi/lib/armv7-m\libg.a(lib_a-sbrkr.o)
                0x0800bb98                _sbrk_r
 .text.__ssprint_r
                0x0800bbbc      0x100 c:/program files (x86)/gnu tools arm embedded/5.2 2015q4/bin/../lib/gcc/arm-none-eabi/5.2.1/../../../../arm-none-eabi/lib/armv7-m\libg.a(lib_a-svfiprintf.o)
                0x0800bbbc                __ssprint_r
 .text._calloc_r
                0x0800bcbc       0x60 c:/program files (x86)/gnu tools arm embedded/5.2 2015q4/bin/../lib/gcc/arm-none-eabi/5.2.1/../../../../arm-none-eabi/lib/armv7-m\libg.a(lib_a-callocr.o)
                0x0800bcbc                _calloc_r
 .text._malloc_trim_r
                0x0800bd1c       0x9c c:/program files (x86)/gnu tools arm embedded/5.2 2015q4/bin/../lib/gcc/arm-none-eabi/5.2.1/../../../../arm-none-eabi/lib/armv7-m\libg.a(lib_a-freer.o)
                0x0800bd1c                _malloc_trim_r
 .text._free_r  0x0800bdb8      0x1d0 c:/program files (x86)/gnu tools arm embedded/5.2 2015q4/bin/../lib/gcc/arm-none-eabi/5.2.1/../../../../arm-none-eabi/lib/armv7-m\libg.a(lib_a-freer.o)
                0x0800bdb8                _free_r
 .text.memmove  0x0800bf88       0xc8 c:/program files (x86)/gnu tools arm embedded/5.2 2015q4/bin/../lib/gcc/arm-none-eabi/5.2.1/../../../../arm-none-eabi/lib/armv7-m\libg.a(lib_a-memmove.o)
                0x0800bf88                memmove
 .text._realloc_r
                0x0800c050      0x3d4 c:/program files (x86)/gnu tools arm embedded/5.2 2015q4/bin/../lib/gcc/arm-none-eabi/5.2.1/../../../../arm-none-eabi/lib/armv7-m\libg.a(lib_a-reallocr.o)
                0x0800c050                _realloc_r
 *(.glue_7)
 .glue_7        0x0800c424        0x0 linker stubs
 *(.glue_7t)
 .glue_7t       0x0800c424        0x0 linker stubs
 *(.eh_frame)
 .eh_frame      0x0800c424        0x0 c:/program files (x86)/gnu tools arm embedded/5.2 2015q4/bin/../lib/gcc/arm-none-eabi/5.2.1/armv7-m/crtbegin.o
 *(.init)
 .init          0x0800c424        0x4 c:/program files (x86)/gnu tools arm embedded/5.2 2015q4/bin/../lib/gcc/arm-none-eabi/5.2.1/armv7-m/crti.o
                0x0800c424                _init
 .init          0x0800c428        0x8 c:/program files (x86)/gnu tools arm embedded/5.2 2015q4/bin/../lib/gcc/arm-none-eabi/5.2.1/armv7-m/crtn.o
 *(.fini)
 .fini          0x0800c430        0x4 c:/program files (x86)/gnu tools arm embedded/5.2 2015q4/bin/../lib/gcc/arm-none-eabi/5.2.1/armv7-m/crti.o
                0x0800c430                _fini
 .fini          0x0800c434        0x8 c:/program files (x86)/gnu tools arm embedded/5.2 2015q4/bin/../lib/gcc/arm-none-eabi/5.2.1/armv7-m/crtn.o
                0x0800c43c                . = ALIGN (0x4)
                0x0800c43c                _etext = .

.vfp11_veneer   0x0800c43c        0x0
 .vfp11_veneer  0x0800c43c        0x0 linker stubs

.v4_bx          0x0800c43c        0x0
 .v4_bx         0x0800c43c        0x0 linker stubs

.iplt           0x0800c43c        0x0
 .iplt          0x0800c43c        0x0 c:/program files (x86)/gnu tools arm embedded/5.2 2015q4/bin/../lib/gcc/arm-none-eabi/5.2.1/armv7-m/crtbegin.o

.rodata         0x0800c440      0x1f0
                0x0800c440                . = ALIGN (0x4)
 *(.rodata)
 .rodata        0x0800c440       0x12 ..\obj\stm32f1xx_hal_rcc.o
 .rodata        0x0800c452       0x12 ..\obj\stm32f1xx_hal_rcc_ex.o
 .rodata        0x0800c464       0x18 ..\obj\system_stm32f1xx.o
                0x0800c464                AHBPrescTable
                0x0800c474                APBPrescTable
 *(.rodata*)
 .rodata.str1.4
                0x0800c47c        0x2 c:/program files (x86)/gnu tools arm embedded/5.2 2015q4/bin/../lib/gcc/arm-none-eabi/5.2.1/../../../../arm-none-eabi/lib/armv7-m\libc.a(lib_a-impure.o)
 *fill*         0x0800c47e        0x2 
 .rodata._global_impure_ptr
                0x0800c480        0x4 c:/program files (x86)/gnu tools arm embedded/5.2 2015q4/bin/../lib/gcc/arm-none-eabi/5.2.1/../../../../arm-none-eabi/lib/armv7-m\libc.a(lib_a-impure.o)
                0x0800c480                _global_impure_ptr
 .rodata.str1.1
                0x0800c484       0x1a ..\obj\main.o
 .rodata.str1.1
                0x0800c49e       0x12 ..\obj\stm32f1xx_it.o
 .rodata.blanks.7007
                0x0800c4b0       0x10 c:/program files (x86)/gnu tools arm embedded/5.2 2015q4/bin/../lib/gcc/arm-none-eabi/5.2.1/../../../../arm-none-eabi/lib/armv7-m\libg.a(lib_a-svfprintf.o)
 .rodata.str1.4
                0x0800c4c0       0x42 c:/program files (x86)/gnu tools arm embedded/5.2 2015q4/bin/../lib/gcc/arm-none-eabi/5.2.1/../../../../arm-none-eabi/lib/armv7-m\libg.a(lib_a-svfprintf.o)
 *fill*         0x0800c502        0x2 
 .rodata.zeroes.7008
                0x0800c504       0x10 c:/program files (x86)/gnu tools arm embedded/5.2 2015q4/bin/../lib/gcc/arm-none-eabi/5.2.1/../../../../arm-none-eabi/lib/armv7-m\libg.a(lib_a-svfprintf.o)
 .rodata.str1.4
                0x0800c514       0x10 c:/program files (x86)/gnu tools arm embedded/5.2 2015q4/bin/../lib/gcc/arm-none-eabi/5.2.1/../../../../arm-none-eabi/lib/armv7-m\libg.a(lib_a-dtoa.o)
                                 0x12 (size before relaxing)
 .rodata.str1.4
                0x0800c524        0xc c:/program files (x86)/gnu tools arm embedded/5.2 2015q4/bin/../lib/gcc/arm-none-eabi/5.2.1/../../../../arm-none-eabi/lib/armv7-m\libg.a(lib_a-locale.o)
                                 0x12 (size before relaxing)
 .rodata.p05.5402
                0x0800c530        0xc c:/program files (x86)/gnu tools arm embedded/5.2 2015q4/bin/../lib/gcc/arm-none-eabi/5.2.1/../../../../arm-none-eabi/lib/armv7-m\libg.a(lib_a-mprec.o)
 *fill*         0x0800c53c        0x4 
 .rodata.__mprec_tens
                0x0800c540       0xc8 c:/program files (x86)/gnu tools arm embedded/5.2 2015q4/bin/../lib/gcc/arm-none-eabi/5.2.1/../../../../arm-none-eabi/lib/armv7-m\libg.a(lib_a-mprec.o)
                0x0800c540                __mprec_tens
 .rodata.__mprec_bigtens
                0x0800c608       0x28 c:/program files (x86)/gnu tools arm embedded/5.2 2015q4/bin/../lib/gcc/arm-none-eabi/5.2.1/../../../../arm-none-eabi/lib/armv7-m\libg.a(lib_a-mprec.o)
                0x0800c608                __mprec_bigtens
                0x0800c630                . = ALIGN (0x4)

.ARM.extab
 *(.ARM.extab* .gnu.linkonce.armextab.*)

.ARM            0x0800c630        0x8
                0x0800c630                __exidx_start = .
 *(.ARM.exidx*)
 .ARM.exidx     0x0800c630        0x8 c:/program files (x86)/gnu tools arm embedded/5.2 2015q4/bin/../lib/gcc/arm-none-eabi/5.2.1/armv7-m\libgcc.a(_udivmoddi4.o)
                0x0800c638                __exidx_end = .

.rel.dyn        0x0800c638        0x0
 .rel.iplt      0x0800c638        0x0 c:/program files (x86)/gnu tools arm embedded/5.2 2015q4/bin/../lib/gcc/arm-none-eabi/5.2.1/armv7-m/crtbegin.o

.preinit_array  0x0800c638        0x0
                0x0800c638                PROVIDE (__preinit_array_start, .)
 *(.preinit_array*)
                0x0800c638                PROVIDE (__preinit_array_end, .)

.init_array     0x0800c638        0x8
                0x0800c638                PROVIDE (__init_array_start, .)
 *(SORT(.init_array.*))
 .init_array.00000
                0x0800c638        0x4 c:/program files (x86)/gnu tools arm embedded/5.2 2015q4/bin/../lib/gcc/arm-none-eabi/5.2.1/../../../../arm-none-eabi/lib/armv7-m\libc.a(lib_a-__call_atexit.o)
 *(.init_array*)
 .init_array    0x0800c63c        0x4 c:/program files (x86)/gnu tools arm embedded/5.2 2015q4/bin/../lib/gcc/arm-none-eabi/5.2.1/armv7-m/crtbegin.o
                0x0800c640                PROVIDE (__init_array_end, .)

.fini_array     0x0800c640        0x4
                0x0800c640                PROVIDE (__fini_array_start, .)
 *(SORT(.fini_array.*))
 *(.fini_array*)
 .fini_array    0x0800c640        0x4 c:/program files (x86)/gnu tools arm embedded/5.2 2015q4/bin/../lib/gcc/arm-none-eabi/5.2.1/armv7-m/crtbegin.o
                0x0800c644                PROVIDE (__fini_array_end, .)
                0x0800c644                _sidata = LOADADDR (.data)

.data           0x20000000      0x89c load address 0x0800c644
                0x20000000                . = ALIGN (0x4)
                0x20000000                _sdata = .
 *(.data)
 .data          0x20000000       0x1e ..\obj\main.o
                0x20000000                datDebug
 *fill*         0x2000001e        0x2 
 .data          0x20000020        0x4 ..\obj\system_stm32f1xx.o
                0x20000020                SystemCoreClock
 *(.data*)
 *fill*         0x20000024        0x4 
 .data.impure_data
                0x20000028      0x428 c:/program files (x86)/gnu tools arm embedded/5.2 2015q4/bin/../lib/gcc/arm-none-eabi/5.2.1/../../../../arm-none-eabi/lib/armv7-m\libc.a(lib_a-impure.o)
 .data._impure_ptr
                0x20000450        0x4 c:/program files (x86)/gnu tools arm embedded/5.2 2015q4/bin/../lib/gcc/arm-none-eabi/5.2.1/../../../../arm-none-eabi/lib/armv7-m\libc.a(lib_a-impure.o)
                0x20000450                _impure_ptr
 .data.lconv    0x20000454       0x38 c:/program files (x86)/gnu tools arm embedded/5.2 2015q4/bin/../lib/gcc/arm-none-eabi/5.2.1/../../../../arm-none-eabi/lib/armv7-m\libg.a(lib_a-locale.o)
 .data.__malloc_av_
                0x2000048c      0x408 c:/program files (x86)/gnu tools arm embedded/5.2 2015q4/bin/../lib/gcc/arm-none-eabi/5.2.1/../../../../arm-none-eabi/lib/armv7-m\libg.a(lib_a-mallocr.o)
                0x2000048c                __malloc_av_
 .data.__malloc_trim_threshold
                0x20000894        0x4 c:/program files (x86)/gnu tools arm embedded/5.2 2015q4/bin/../lib/gcc/arm-none-eabi/5.2.1/../../../../arm-none-eabi/lib/armv7-m\libg.a(lib_a-mallocr.o)
                0x20000894                __malloc_trim_threshold
 .data.__malloc_sbrk_base
                0x20000898        0x4 c:/program files (x86)/gnu tools arm embedded/5.2 2015q4/bin/../lib/gcc/arm-none-eabi/5.2.1/../../../../arm-none-eabi/lib/armv7-m\libg.a(lib_a-mallocr.o)
                0x20000898                __malloc_sbrk_base
                0x2000089c                . = ALIGN (0x4)
                0x2000089c                _edata = .

.jcr            0x2000089c        0x0 load address 0x0800cee0
 .jcr           0x2000089c        0x0 c:/program files (x86)/gnu tools arm embedded/5.2 2015q4/bin/../lib/gcc/arm-none-eabi/5.2.1/armv7-m/crtbegin.o

.tm_clone_table
                0x2000089c        0x0 load address 0x0800cee0
 .tm_clone_table
                0x2000089c        0x0 c:/program files (x86)/gnu tools arm embedded/5.2 2015q4/bin/../lib/gcc/arm-none-eabi/5.2.1/armv7-m/crtbegin.o
 .tm_clone_table
                0x2000089c        0x0 c:/program files (x86)/gnu tools arm embedded/5.2 2015q4/bin/../lib/gcc/arm-none-eabi/5.2.1/armv7-m/crtend.o

.igot.plt       0x2000089c        0x0 load address 0x0800cee0
 .igot.plt      0x2000089c        0x0 c:/program files (x86)/gnu tools arm embedded/5.2 2015q4/bin/../lib/gcc/arm-none-eabi/5.2.1/armv7-m/crtbegin.o
                0x2000089c                . = ALIGN (0x4)

.bss            0x2000089c      0x160 load address 0x0800cee0
                0x2000089c                _sbss = .
                0x2000089c                __bss_start__ = _sbss
 *(.bss)
 .bss           0x2000089c       0x1c c:/program files (x86)/gnu tools arm embedded/5.2 2015q4/bin/../lib/gcc/arm-none-eabi/5.2.1/armv7-m/crtbegin.o
 .bss           0x200008b8        0x4 ..\obj\stm32f1xx_hal.o
 .bss           0x200008bc        0x4 ..\obj\main.o
 *(.bss*)
 .bss.__malloc_max_total_mem
                0x200008c0        0x4 c:/program files (x86)/gnu tools arm embedded/5.2 2015q4/bin/../lib/gcc/arm-none-eabi/5.2.1/../../../../arm-none-eabi/lib/armv7-m\libg.a(lib_a-mallocr.o)
                0x200008c0                __malloc_max_total_mem
 .bss.__malloc_max_sbrked_mem
                0x200008c4        0x4 c:/program files (x86)/gnu tools arm embedded/5.2 2015q4/bin/../lib/gcc/arm-none-eabi/5.2.1/../../../../arm-none-eabi/lib/armv7-m\libg.a(lib_a-mallocr.o)
                0x200008c4                __malloc_max_sbrked_mem
 .bss.__malloc_top_pad
                0x200008c8        0x4 c:/program files (x86)/gnu tools arm embedded/5.2 2015q4/bin/../lib/gcc/arm-none-eabi/5.2.1/../../../../arm-none-eabi/lib/armv7-m\libg.a(lib_a-mallocr.o)
                0x200008c8                __malloc_top_pad
 .bss.__malloc_current_mallinfo
                0x200008cc       0x28 c:/program files (x86)/gnu tools arm embedded/5.2 2015q4/bin/../lib/gcc/arm-none-eabi/5.2.1/../../../../arm-none-eabi/lib/armv7-m\libg.a(lib_a-mallocr.o)
                0x200008cc                __malloc_current_mallinfo
 *(COMMON)
 COMMON         0x200008f4      0x104 ..\obj\main.o
                0x200008f4                htim4
                0x20000930                hi2c1
                0x2000096c                hdma_usart2_tx
                0x200009a4                hrtc
                0x200009b8                huart2
 COMMON         0x200009f8        0x4 c:/program files (x86)/gnu tools arm embedded/5.2 2015q4/bin/../lib/gcc/arm-none-eabi/5.2.1/../../../../arm-none-eabi/lib/armv7-m\libg.a(lib_a-reent.o)
                0x200009f8                errno
                0x200009fc                . = ALIGN (0x4)
                0x200009fc                _ebss = .
                0x200009fc                __bss_end__ = _ebss

._user_heap_stack
                0x200009fc      0x604 load address 0x0800cee0
                0x20000a00                . = ALIGN (0x8)
 *fill*         0x200009fc        0x4 
                [!provide]                PROVIDE (end, .)
                [!provide]                PROVIDE (_end, .)
                0x20000c00                . = (. + _Min_Heap_Size)
 *fill*         0x20000a00      0x200 
                0x20001000                . = (. + _Min_Stack_Size)
 *fill*         0x20000c00      0x400 
                0x20001000                . = ALIGN (0x8)

/DISCARD/
 libc.a(*)
 libm.a(*)
 libgcc.a(*)

.ARM.attributes
                0x00000000       0x29
 *(.ARM.attributes)
 .ARM.attributes
                0x00000000       0x1d c:/program files (x86)/gnu tools arm embedded/5.2 2015q4/bin/../lib/gcc/arm-none-eabi/5.2.1/armv7-m/crti.o
 .ARM.attributes
                0x0000001d       0x2d c:/program files (x86)/gnu tools arm embedded/5.2 2015q4/bin/../lib/gcc/arm-none-eabi/5.2.1/armv7-m/crtbegin.o
 .ARM.attributes
                0x0000004a       0x33 ..\obj\stm32f1xx_hal_i2c.o
 .ARM.attributes
                0x0000007d       0x33 ..\obj\stm32f1xx_hal_pwr.o
 .ARM.attributes
                0x000000b0       0x33 ..\obj\stm32f1xx_hal.o
 .ARM.attributes
                0x000000e3       0x21 ..\obj\startup_stm32f103xb.o
 .ARM.attributes
                0x00000104       0x33 ..\obj\stm32f1xx_hal_rtc.o
 .ARM.attributes
                0x00000137       0x33 ..\obj\stm32f1xx_hal_rtc_ex.o
 .ARM.attributes
                0x0000016a       0x33 ..\obj\stm32f1xx_hal_rcc.o
 .ARM.attributes
                0x0000019d       0x33 ..\obj\stm32f1xx_hal_cortex.o
 .ARM.attributes
                0x000001d0       0x33 ..\obj\stm32f1xx_hal_msp.o
 .ARM.attributes
                0x00000203       0x33 ..\obj\stm32f1xx_hal_gpio.o
 .ARM.attributes
                0x00000236       0x33 ..\obj\stm32f1xx_hal_tim_ex.o
 .ARM.attributes
                0x00000269       0x33 ..\obj\main.o
 .ARM.attributes
                0x0000029c       0x33 ..\obj\stm32f1xx_hal_uart.o
 .ARM.attributes
                0x000002cf       0x33 ..\obj\stm32f1xx_it.o
 .ARM.attributes
                0x00000302       0x33 ..\obj\stm32f1xx_hal_dma.o
 .ARM.attributes
                0x00000335       0x33 ..\obj\stm32f1xx_hal_tim.o
 .ARM.attributes
                0x00000368       0x33 ..\obj\stm32f1xx_hal_rcc_ex.o
 .ARM.attributes
                0x0000039b       0x33 ..\obj\system_stm32f1xx.o
 .ARM.attributes
                0x000003ce       0x2d c:/program files (x86)/gnu tools arm embedded/5.2 2015q4/bin/../lib/gcc/arm-none-eabi/5.2.1/../../../../arm-none-eabi/lib/armv7-m\libg.a(lib_a-errno.o)
 .ARM.attributes
                0x000003fb       0x2d c:/program files (x86)/gnu tools arm embedded/5.2 2015q4/bin/../lib/gcc/arm-none-eabi/5.2.1/../../../../arm-none-eabi/lib/armv7-m\libg.a(lib_a-sprintf.o)
 .ARM.attributes
                0x00000428       0x2d c:/program files (x86)/gnu tools arm embedded/5.2 2015q4/bin/../lib/gcc/arm-none-eabi/5.2.1/../../../../arm-none-eabi/lib/armv7-m\libg.a(lib_a-strlen-stub.o)
 .ARM.attributes
                0x00000455       0x2d c:/program files (x86)/gnu tools arm embedded/5.2 2015q4/bin/../lib/gcc/arm-none-eabi/5.2.1/../../../../arm-none-eabi/lib/armv7-m\libg.a(lib_a-svfprintf.o)
 .ARM.attributes
                0x00000482       0x2d c:/program files (x86)/gnu tools arm embedded/5.2 2015q4/bin/../lib/gcc/arm-none-eabi/5.2.1/../../../../arm-none-eabi/lib/armv7-m\libg.a(lib_a-dtoa.o)
 .ARM.attributes
                0x000004af       0x2d c:/program files (x86)/gnu tools arm embedded/5.2 2015q4/bin/../lib/gcc/arm-none-eabi/5.2.1/../../../../arm-none-eabi/lib/armv7-m\libg.a(lib_a-locale.o)
 .ARM.attributes
                0x000004dc       0x2d c:/program files (x86)/gnu tools arm embedded/5.2 2015q4/bin/../lib/gcc/arm-none-eabi/5.2.1/../../../../arm-none-eabi/lib/armv7-m\libg.a(lib_a-mallocr.o)
 .ARM.attributes
                0x00000509       0x2d c:/program files (x86)/gnu tools arm embedded/5.2 2015q4/bin/../lib/gcc/arm-none-eabi/5.2.1/../../../../arm-none-eabi/lib/armv7-m\libg.a(lib_a-memchr-stub.o)
 .ARM.attributes
                0x00000536       0x1b c:/program files (x86)/gnu tools arm embedded/5.2 2015q4/bin/../lib/gcc/arm-none-eabi/5.2.1/../../../../arm-none-eabi/lib/armv7-m\libg.a(lib_a-memcpy.o)
 .ARM.attributes
                0x00000551       0x2d c:/program files (x86)/gnu tools arm embedded/5.2 2015q4/bin/../lib/gcc/arm-none-eabi/5.2.1/../../../../arm-none-eabi/lib/armv7-m\libg.a(lib_a-mlock.o)
 .ARM.attributes
                0x0000057e       0x2d c:/program files (x86)/gnu tools arm embedded/5.2 2015q4/bin/../lib/gcc/arm-none-eabi/5.2.1/../../../../arm-none-eabi/lib/armv7-m\libg.a(lib_a-mprec.o)
 .ARM.attributes
                0x000005ab       0x2d c:/program files (x86)/gnu tools arm embedded/5.2 2015q4/bin/../lib/gcc/arm-none-eabi/5.2.1/../../../../arm-none-eabi/lib/armv7-m\libg.a(lib_a-s_fpclassify.o)
 .ARM.attributes
                0x000005d8       0x2d c:/program files (x86)/gnu tools arm embedded/5.2 2015q4/bin/../lib/gcc/arm-none-eabi/5.2.1/../../../../arm-none-eabi/lib/armv7-m\libg.a(lib_a-sbrkr.o)
 .ARM.attributes
                0x00000605       0x2d c:/program files (x86)/gnu tools arm embedded/5.2 2015q4/bin/../lib/gcc/arm-none-eabi/5.2.1/../../../../arm-none-eabi/lib/armv7-m\libg.a(lib_a-svfiprintf.o)
 .ARM.attributes
                0x00000632       0x2d c:/program files (x86)/gnu tools arm embedded/5.2 2015q4/bin/../lib/gcc/arm-none-eabi/5.2.1/../../../../arm-none-eabi/lib/armv7-m\libg.a(lib_a-callocr.o)
 .ARM.attributes
                0x0000065f       0x2d c:/program files (x86)/gnu tools arm embedded/5.2 2015q4/bin/../lib/gcc/arm-none-eabi/5.2.1/../../../../arm-none-eabi/lib/armv7-m\libg.a(lib_a-freer.o)
 .ARM.attributes
                0x0000068c       0x2d c:/program files (x86)/gnu tools arm embedded/5.2 2015q4/bin/../lib/gcc/arm-none-eabi/5.2.1/../../../../arm-none-eabi/lib/armv7-m\libg.a(lib_a-memmove.o)
 .ARM.attributes
                0x000006b9       0x2d c:/program files (x86)/gnu tools arm embedded/5.2 2015q4/bin/../lib/gcc/arm-none-eabi/5.2.1/../../../../arm-none-eabi/lib/armv7-m\libg.a(lib_a-reallocr.o)
 .ARM.attributes
                0x000006e6       0x2d c:/program files (x86)/gnu tools arm embedded/5.2 2015q4/bin/../lib/gcc/arm-none-eabi/5.2.1/../../../../arm-none-eabi/lib/armv7-m\libg.a(lib_a-reent.o)
 .ARM.attributes
                0x00000713       0x1d c:/program files (x86)/gnu tools arm embedded/5.2 2015q4/bin/../lib/gcc/arm-none-eabi/5.2.1/armv7-m\libgcc.a(_arm_addsubdf3.o)
 .ARM.attributes
                0x00000730       0x1d c:/program files (x86)/gnu tools arm embedded/5.2 2015q4/bin/../lib/gcc/arm-none-eabi/5.2.1/armv7-m\libgcc.a(_arm_muldivdf3.o)
 .ARM.attributes
                0x0000074d       0x1d c:/program files (x86)/gnu tools arm embedded/5.2 2015q4/bin/../lib/gcc/arm-none-eabi/5.2.1/armv7-m\libgcc.a(_arm_cmpdf2.o)
 .ARM.attributes
                0x0000076a       0x1d c:/program files (x86)/gnu tools arm embedded/5.2 2015q4/bin/../lib/gcc/arm-none-eabi/5.2.1/armv7-m\libgcc.a(_arm_fixdfsi.o)
 .ARM.attributes
                0x00000787       0x1d c:/program files (x86)/gnu tools arm embedded/5.2 2015q4/bin/../lib/gcc/arm-none-eabi/5.2.1/armv7-m\libgcc.a(_aeabi_uldivmod.o)
 .ARM.attributes
                0x000007a4       0x2d c:/program files (x86)/gnu tools arm embedded/5.2 2015q4/bin/../lib/gcc/arm-none-eabi/5.2.1/armv7-m\libgcc.a(_udivmoddi4.o)
 .ARM.attributes
                0x000007d1       0x1d c:/program files (x86)/gnu tools arm embedded/5.2 2015q4/bin/../lib/gcc/arm-none-eabi/5.2.1/armv7-m\libgcc.a(_dvmd_tls.o)
 .ARM.attributes
                0x000007ee       0x2d c:/program files (x86)/gnu tools arm embedded/5.2 2015q4/bin/../lib/gcc/arm-none-eabi/5.2.1/armv7-m/crtend.o
 .ARM.attributes
                0x0000081b       0x1d c:/program files (x86)/gnu tools arm embedded/5.2 2015q4/bin/../lib/gcc/arm-none-eabi/5.2.1/armv7-m/crtn.o
LOAD ..\obj\stm32f1xx_hal_dac_ex.o
LOAD ..\obj\stm32f1xx_hal_dac.o
LOAD ..\obj\stm32f1xx_hal_gpio_ex.o
LOAD ..\obj\stm32f1xx_hal_spi_ex.o
LOAD ..\obj\stm32f1xx_hal_wwdg.o
LOAD ..\obj\stm32f1xx_hal_i2c.o
LOAD ..\obj\stm32f1xx_hal_cec.o
LOAD ..\obj\stm32f1xx_hal_hcd.o
LOAD ..\obj\stm32f1xx_hal_flash.o
LOAD ..\obj\stm32f1xx_hal_pwr.o
LOAD ..\obj\stm32f1xx_hal_usart.o
LOAD ..\obj\stm32f1xx_hal_sd.o
LOAD ..\obj\stm32f1xx_hal.o
LOAD ..\obj\stm32f1xx_hal_nand.o
LOAD ..\obj\stm32f1xx_ll_fsmc.o
LOAD ..\obj\stm32f1xx_hal_adc.o
LOAD ..\obj\startup_stm32f103xb.o
LOAD ..\obj\stm32f1xx_hal_rtc.o
LOAD ..\obj\stm32f1xx_hal_nor.o
LOAD ..\obj\stm32f1xx_hal_rtc_ex.o
LOAD ..\obj\stm32f1xx_hal_pcd.o
LOAD ..\obj\stm32f1xx_hal_sram.o
LOAD ..\obj\stm32f1xx_hal_rcc.o
LOAD ..\obj\stm32f1xx_hal_cortex.o
LOAD ..\obj\stm32f1xx_hal_pccard.o
LOAD ..\obj\stm32f1xx_hal_msp.o
LOAD ..\obj\stm32f1xx_ll_sdmmc.o
LOAD ..\obj\stm32f1xx_hal_gpio.o
LOAD ..\obj\stm32f1xx_hal_tim_ex.o
LOAD ..\obj\stm32f1xx_ll_usb.o
LOAD ..\obj\WS2812.o
LOAD ..\obj\main.o
LOAD ..\obj\stm32f1xx_hal_uart.o
LOAD ..\obj\stm32f1xx_it.o
LOAD ..\obj\stm32f1xx_hal_eth.o
LOAD ..\obj\stm32f1xx_hal_dma.o
LOAD ..\obj\stm32f1xx_hal_tim.o
LOAD ..\obj\stm32f1xx_hal_crc.o
LOAD ..\obj\stm32f1xx_hal_pcd_ex.o
LOAD ..\obj\stm32f1xx_hal_can.o
LOAD ..\obj\stm32f1xx_hal_i2s.o
LOAD ..\obj\stm32f1xx_hal_rcc_ex.o
LOAD ..\obj\stm32f1xx_hal_smartcard.o
LOAD ..\obj\stm32f1xx_hal_iwdg.o
LOAD ..\obj\stm32f1xx_hal_irda.o
LOAD ..\obj\stm32f1xx_hal_flash_ex.o
LOAD ..\obj\stm32f1xx_hal_adc_ex.o
LOAD ..\obj\system_stm32f1xx.o
LOAD ..\obj\stm32f1xx_hal_spi.o
START GROUP
LOAD c:/program files (x86)/gnu tools arm embedded/5.2 2015q4/bin/../lib/gcc/arm-none-eabi/5.2.1/armv7-m\libgcc.a
LOAD c:/program files (x86)/gnu tools arm embedded/5.2 2015q4/bin/../lib/gcc/arm-none-eabi/5.2.1/../../../../arm-none-eabi/lib/armv7-m\libg.a
LOAD c:/program files (x86)/gnu tools arm embedded/5.2 2015q4/bin/../lib/gcc/arm-none-eabi/5.2.1/../../../../arm-none-eabi/lib/armv7-m\libc.a
END GROUP
LOAD c:/program files (x86)/gnu tools arm embedded/5.2 2015q4/bin/../lib/gcc/arm-none-eabi/5.2.1/armv7-m/crtend.o
LOAD c:/program files (x86)/gnu tools arm embedded/5.2 2015q4/bin/../lib/gcc/arm-none-eabi/5.2.1/armv7-m/crtn.o
OUTPUT(WS2812_clock.elf elf32-littlearm)

.debug_info     0x00000000    0x106ac
 .debug_info    0x00000000     0x2a48 ..\obj\stm32f1xx_hal_i2c.o
 .debug_info    0x00002a48      0x79c ..\obj\stm32f1xx_hal_pwr.o
 .debug_info    0x000031e4      0x686 ..\obj\stm32f1xx_hal.o
 .debug_info    0x0000386a       0xe1 ..\obj\startup_stm32f103xb.o
 .debug_info    0x0000394b     0x120e ..\obj\stm32f1xx_hal_rtc.o
 .debug_info    0x00004b59      0x6e8 ..\obj\stm32f1xx_hal_rtc_ex.o
 .debug_info    0x00005241     0x123b ..\obj\stm32f1xx_hal_rcc.o
 .debug_info    0x0000647c      0xc0c ..\obj\stm32f1xx_hal_cortex.o
 .debug_info    0x00007088     0x1307 ..\obj\stm32f1xx_hal_msp.o
 .debug_info    0x0000838f      0x60b ..\obj\stm32f1xx_hal_gpio.o
 .debug_info    0x0000899a      0xeac ..\obj\stm32f1xx_hal_tim_ex.o
 .debug_info    0x00009846     0x1878 ..\obj\main.o
 .debug_info    0x0000b0be      0xfff ..\obj\stm32f1xx_hal_uart.o
 .debug_info    0x0000c0bd      0x85f ..\obj\stm32f1xx_it.o
 .debug_info    0x0000c91c      0x647 ..\obj\stm32f1xx_hal_dma.o
 .debug_info    0x0000cf63     0x2e1c ..\obj\stm32f1xx_hal_tim.o
 .debug_info    0x0000fd7f      0x572 ..\obj\stm32f1xx_hal_rcc_ex.o
 .debug_info    0x000102f1      0x3bb ..\obj\system_stm32f1xx.o

.debug_abbrev   0x00000000     0x288f
 .debug_abbrev  0x00000000      0x2f7 ..\obj\stm32f1xx_hal_i2c.o
 .debug_abbrev  0x000002f7      0x20b ..\obj\stm32f1xx_hal_pwr.o
 .debug_abbrev  0x00000502      0x22e ..\obj\stm32f1xx_hal.o
 .debug_abbrev  0x00000730       0x12 ..\obj\startup_stm32f103xb.o
 .debug_abbrev  0x00000742      0x2d2 ..\obj\stm32f1xx_hal_rtc.o
 .debug_abbrev  0x00000a14      0x224 ..\obj\stm32f1xx_hal_rtc_ex.o
 .debug_abbrev  0x00000c38      0x2bf ..\obj\stm32f1xx_hal_rcc.o
 .debug_abbrev  0x00000ef7      0x2ee ..\obj\stm32f1xx_hal_cortex.o
 .debug_abbrev  0x000011e5      0x26e ..\obj\stm32f1xx_hal_msp.o
 .debug_abbrev  0x00001453      0x1c8 ..\obj\stm32f1xx_hal_gpio.o
 .debug_abbrev  0x0000161b      0x270 ..\obj\stm32f1xx_hal_tim_ex.o
 .debug_abbrev  0x0000188b      0x308 ..\obj\main.o
 .debug_abbrev  0x00001b93      0x2c5 ..\obj\stm32f1xx_hal_uart.o
 .debug_abbrev  0x00001e58      0x1c8 ..\obj\stm32f1xx_it.o
 .debug_abbrev  0x00002020      0x205 ..\obj\stm32f1xx_hal_dma.o
 .debug_abbrev  0x00002225      0x320 ..\obj\stm32f1xx_hal_tim.o
 .debug_abbrev  0x00002545      0x22a ..\obj\stm32f1xx_hal_rcc_ex.o
 .debug_abbrev  0x0000276f      0x120 ..\obj\system_stm32f1xx.o

.debug_loc      0x00000000     0xa3b5
 .debug_loc     0x00000000     0x2d44 ..\obj\stm32f1xx_hal_i2c.o
 .debug_loc     0x00002d44      0x11f ..\obj\stm32f1xx_hal_pwr.o
 .debug_loc     0x00002e63       0x73 ..\obj\stm32f1xx_hal.o
 .debug_loc     0x00002ed6      0xfc8 ..\obj\stm32f1xx_hal_rtc.o
 .debug_loc     0x00003e9e      0x4a8 ..\obj\stm32f1xx_hal_rtc_ex.o
 .debug_loc     0x00004346      0x8a9 ..\obj\stm32f1xx_hal_rcc.o
 .debug_loc     0x00004bef      0x48f ..\obj\stm32f1xx_hal_cortex.o
 .debug_loc     0x0000507e      0x14a ..\obj\stm32f1xx_hal_msp.o
 .debug_loc     0x000051c8      0x2e8 ..\obj\stm32f1xx_hal_gpio.o
 .debug_loc     0x000054b0      0x7b7 ..\obj\stm32f1xx_hal_tim_ex.o
 .debug_loc     0x00005c67       0x4a ..\obj\main.o
 .debug_loc     0x00005cb1      0xd82 ..\obj\stm32f1xx_hal_uart.o
 .debug_loc     0x00006a33       0x37 ..\obj\stm32f1xx_it.o
 .debug_loc     0x00006a6a      0x438 ..\obj\stm32f1xx_hal_dma.o
 .debug_loc     0x00006ea2     0x30f1 ..\obj\stm32f1xx_hal_tim.o
 .debug_loc     0x00009f93      0x378 ..\obj\stm32f1xx_hal_rcc_ex.o
 .debug_loc     0x0000a30b       0xaa ..\obj\system_stm32f1xx.o

.debug_aranges  0x00000000      0x250
 .debug_aranges
                0x00000000       0x20 ..\obj\stm32f1xx_hal_i2c.o
 .debug_aranges
                0x00000020       0x20 ..\obj\stm32f1xx_hal_pwr.o
 .debug_aranges
                0x00000040       0x20 ..\obj\stm32f1xx_hal.o
 .debug_aranges
                0x00000060       0x28 ..\obj\startup_stm32f103xb.o
 .debug_aranges
                0x00000088       0x20 ..\obj\stm32f1xx_hal_rtc.o
 .debug_aranges
                0x000000a8       0x20 ..\obj\stm32f1xx_hal_rtc_ex.o
 .debug_aranges
                0x000000c8       0x20 ..\obj\stm32f1xx_hal_rcc.o
 .debug_aranges
                0x000000e8       0x20 ..\obj\stm32f1xx_hal_cortex.o
 .debug_aranges
                0x00000108       0x20 ..\obj\stm32f1xx_hal_msp.o
 .debug_aranges
                0x00000128       0x20 ..\obj\stm32f1xx_hal_gpio.o
 .debug_aranges
                0x00000148       0x20 ..\obj\stm32f1xx_hal_tim_ex.o
 .debug_aranges
                0x00000168       0x28 ..\obj\main.o
 .debug_aranges
                0x00000190       0x20 ..\obj\stm32f1xx_hal_uart.o
 .debug_aranges
                0x000001b0       0x20 ..\obj\stm32f1xx_it.o
 .debug_aranges
                0x000001d0       0x20 ..\obj\stm32f1xx_hal_dma.o
 .debug_aranges
                0x000001f0       0x20 ..\obj\stm32f1xx_hal_tim.o
 .debug_aranges
                0x00000210       0x20 ..\obj\stm32f1xx_hal_rcc_ex.o
 .debug_aranges
                0x00000230       0x20 ..\obj\system_stm32f1xx.o

.debug_ranges   0x00000000      0x608
 .debug_ranges  0x00000000      0x138 ..\obj\stm32f1xx_hal_i2c.o
 .debug_ranges  0x00000138       0x20 ..\obj\startup_stm32f103xb.o
 .debug_ranges  0x00000158       0x30 ..\obj\stm32f1xx_hal_rtc.o
 .debug_ranges  0x00000188       0xd0 ..\obj\stm32f1xx_hal_rcc.o
 .debug_ranges  0x00000258       0xb0 ..\obj\stm32f1xx_hal_cortex.o
 .debug_ranges  0x00000308       0x40 ..\obj\stm32f1xx_hal_msp.o
 .debug_ranges  0x00000348       0x20 ..\obj\stm32f1xx_hal_gpio.o
 .debug_ranges  0x00000368       0xf0 ..\obj\main.o
 .debug_ranges  0x00000458       0x18 ..\obj\stm32f1xx_hal_uart.o
 .debug_ranges  0x00000470       0x30 ..\obj\stm32f1xx_hal_dma.o
 .debug_ranges  0x000004a0      0x120 ..\obj\stm32f1xx_hal_tim.o
 .debug_ranges  0x000005c0       0x48 ..\obj\stm32f1xx_hal_rcc_ex.o

.debug_line     0x00000000     0x6544
 .debug_line    0x00000000     0x10e3 ..\obj\stm32f1xx_hal_i2c.o
 .debug_line    0x000010e3      0x366 ..\obj\stm32f1xx_hal_pwr.o
 .debug_line    0x00001449      0x324 ..\obj\stm32f1xx_hal.o
 .debug_line    0x0000176d       0xd5 ..\obj\startup_stm32f103xb.o
 .debug_line    0x00001842      0x5c5 ..\obj\stm32f1xx_hal_rtc.o
 .debug_line    0x00001e07      0x436 ..\obj\stm32f1xx_hal_rtc_ex.o
 .debug_line    0x0000223d      0x782 ..\obj\stm32f1xx_hal_rcc.o
 .debug_line    0x000029bf      0x342 ..\obj\stm32f1xx_hal_cortex.o
 .debug_line    0x00002d01      0x3df ..\obj\stm32f1xx_hal_msp.o
 .debug_line    0x000030e0      0x3c8 ..\obj\stm32f1xx_hal_gpio.o
 .debug_line    0x000034a8      0x576 ..\obj\stm32f1xx_hal_tim_ex.o
 .debug_line    0x00003a1e      0x4e3 ..\obj\main.o
 .debug_line    0x00003f01      0x8ab ..\obj\stm32f1xx_hal_uart.o
 .debug_line    0x000047ac      0x343 ..\obj\stm32f1xx_it.o
 .debug_line    0x00004aef      0x6b0 ..\obj\stm32f1xx_hal_dma.o
 .debug_line    0x0000519f      0xd5f ..\obj\stm32f1xx_hal_tim.o
 .debug_line    0x00005efe      0x3ef ..\obj\stm32f1xx_hal_rcc_ex.o
 .debug_line    0x000062ed      0x257 ..\obj\system_stm32f1xx.o

.debug_str      0x00000000     0x3d3d
 .debug_str     0x00000000      0xaea ..\obj\stm32f1xx_hal_i2c.o
                                0xba4 (size before relaxing)
 .debug_str     0x00000aea      0x334 ..\obj\stm32f1xx_hal_pwr.o
                                0x4d4 (size before relaxing)
 .debug_str     0x00000e1e      0x53f ..\obj\stm32f1xx_hal.o
                                0x768 (size before relaxing)
 .debug_str     0x0000135d      0x471 ..\obj\stm32f1xx_hal_rtc.o
                                0x714 (size before relaxing)
 .debug_str     0x000017ce      0x210 ..\obj\stm32f1xx_hal_rtc_ex.o
                                0x58e (size before relaxing)
 .debug_str     0x000019de      0x348 ..\obj\stm32f1xx_hal_rcc.o
                                0x631 (size before relaxing)
 .debug_str     0x00001d26      0x2ac ..\obj\stm32f1xx_hal_cortex.o
                                0x8d2 (size before relaxing)
 .debug_str     0x00001fd2      0x4b0 ..\obj\stm32f1xx_hal_msp.o
                                0xf4f (size before relaxing)
 .debug_str     0x00002482      0x15b ..\obj\stm32f1xx_hal_gpio.o
                                0x42d (size before relaxing)
 .debug_str     0x000025dd      0x558 ..\obj\stm32f1xx_hal_tim_ex.o
                                0xae1 (size before relaxing)
 .debug_str     0x00002b35      0x219 ..\obj\main.o
                               0x12c8 (size before relaxing)
 .debug_str     0x00002d4e      0x2f9 ..\obj\stm32f1xx_hal_uart.o
                                0x919 (size before relaxing)
 .debug_str     0x00003047       0xe0 ..\obj\stm32f1xx_it.o
                                0x7c3 (size before relaxing)
 .debug_str     0x00003127      0x123 ..\obj\stm32f1xx_hal_dma.o
                                0x519 (size before relaxing)
 .debug_str     0x0000324a      0x9a1 ..\obj\stm32f1xx_hal_tim.o
                               0x10b0 (size before relaxing)
 .debug_str     0x00003beb       0xad ..\obj\stm32f1xx_hal_rcc_ex.o
                                0x3f5 (size before relaxing)
 .debug_str     0x00003c98       0xa5 ..\obj\system_stm32f1xx.o
                                0x2af (size before relaxing)

.comment        0x00000000       0x6e
 .comment       0x00000000       0x6e ..\obj\stm32f1xx_hal_i2c.o
                                 0x6f (size before relaxing)
 .comment       0x0000006e       0x6f ..\obj\stm32f1xx_hal_pwr.o
 .comment       0x0000006e       0x6f ..\obj\stm32f1xx_hal.o
 .comment       0x0000006e       0x6f ..\obj\stm32f1xx_hal_rtc.o
 .comment       0x0000006e       0x6f ..\obj\stm32f1xx_hal_rtc_ex.o
 .comment       0x0000006e       0x6f ..\obj\stm32f1xx_hal_rcc.o
 .comment       0x0000006e       0x6f ..\obj\stm32f1xx_hal_cortex.o
 .comment       0x0000006e       0x6f ..\obj\stm32f1xx_hal_msp.o
 .comment       0x0000006e       0x6f ..\obj\stm32f1xx_hal_gpio.o
 .comment       0x0000006e       0x6f ..\obj\stm32f1xx_hal_tim_ex.o
 .comment       0x0000006e       0x6f ..\obj\main.o
 .comment       0x0000006e       0x6f ..\obj\stm32f1xx_hal_uart.o
 .comment       0x0000006e       0x6f ..\obj\stm32f1xx_it.o
 .comment       0x0000006e       0x6f ..\obj\stm32f1xx_hal_dma.o
 .comment       0x0000006e       0x6f ..\obj\stm32f1xx_hal_tim.o
 .comment       0x0000006e       0x6f ..\obj\stm32f1xx_hal_rcc_ex.o
 .comment       0x0000006e       0x6f ..\obj\system_stm32f1xx.o

.debug_frame    0x00000000     0x2a28
 .debug_frame   0x00000000      0x5f4 ..\obj\stm32f1xx_hal_i2c.o
 .debug_frame   0x000005f4      0x140 ..\obj\stm32f1xx_hal_pwr.o
 .debug_frame   0x00000734      0x164 ..\obj\stm32f1xx_hal.o
 .debug_frame   0x00000898      0x2b4 ..\obj\stm32f1xx_hal_rtc.o
 .debug_frame   0x00000b4c      0x12c ..\obj\stm32f1xx_hal_rtc_ex.o
 .debug_frame   0x00000c78      0x14c ..\obj\stm32f1xx_hal_rcc.o
 .debug_frame   0x00000dc4      0x120 ..\obj\stm32f1xx_hal_cortex.o
 .debug_frame   0x00000ee4      0x100 ..\obj\stm32f1xx_hal_msp.o
 .debug_frame   0x00000fe4       0xd4 ..\obj\stm32f1xx_hal_gpio.o
 .debug_frame   0x000010b8      0x324 ..\obj\stm32f1xx_hal_tim_ex.o
 .debug_frame   0x000013dc       0x7c ..\obj\main.o
 .debug_frame   0x00001458      0x318 ..\obj\stm32f1xx_hal_uart.o
 .debug_frame   0x00001770       0xc8 ..\obj\stm32f1xx_it.o
 .debug_frame   0x00001838      0x104 ..\obj\stm32f1xx_hal_dma.o
 .debug_frame   0x0000193c      0x854 ..\obj\stm32f1xx_hal_tim.o
 .debug_frame   0x00002190       0x6c ..\obj\stm32f1xx_hal_rcc_ex.o
 .debug_frame   0x000021fc       0x30 ..\obj\system_stm32f1xx.o
 .debug_frame   0x0000222c       0x20 c:/program files (x86)/gnu tools arm embedded/5.2 2015q4/bin/../lib/gcc/arm-none-eabi/5.2.1/../../../../arm-none-eabi/lib/armv7-m\libg.a(lib_a-errno.o)
 .debug_frame   0x0000224c       0x84 c:/program files (x86)/gnu tools arm embedded/5.2 2015q4/bin/../lib/gcc/arm-none-eabi/5.2.1/../../../../arm-none-eabi/lib/armv7-m\libg.a(lib_a-sprintf.o)
 .debug_frame   0x000022d0       0x20 c:/program files (x86)/gnu tools arm embedded/5.2 2015q4/bin/../lib/gcc/arm-none-eabi/5.2.1/../../../../arm-none-eabi/lib/armv7-m\libg.a(lib_a-strlen-stub.o)
 .debug_frame   0x000022f0       0x44 c:/program files (x86)/gnu tools arm embedded/5.2 2015q4/bin/../lib/gcc/arm-none-eabi/5.2.1/../../../../arm-none-eabi/lib/armv7-m\libg.a(lib_a-svfprintf.o)
 .debug_frame   0x00002334       0x84 c:/program files (x86)/gnu tools arm embedded/5.2 2015q4/bin/../lib/gcc/arm-none-eabi/5.2.1/../../../../arm-none-eabi/lib/armv7-m\libg.a(lib_a-dtoa.o)
 .debug_frame   0x000023b8       0x9c c:/program files (x86)/gnu tools arm embedded/5.2 2015q4/bin/../lib/gcc/arm-none-eabi/5.2.1/../../../../arm-none-eabi/lib/armv7-m\libg.a(lib_a-locale.o)
 .debug_frame   0x00002454       0x54 c:/program files (x86)/gnu tools arm embedded/5.2 2015q4/bin/../lib/gcc/arm-none-eabi/5.2.1/../../../../arm-none-eabi/lib/armv7-m\libg.a(lib_a-mallocr.o)
 .debug_frame   0x000024a8       0x34 c:/program files (x86)/gnu tools arm embedded/5.2 2015q4/bin/../lib/gcc/arm-none-eabi/5.2.1/../../../../arm-none-eabi/lib/armv7-m\libg.a(lib_a-memchr-stub.o)
 .debug_frame   0x000024dc       0x30 c:/program files (x86)/gnu tools arm embedded/5.2 2015q4/bin/../lib/gcc/arm-none-eabi/5.2.1/../../../../arm-none-eabi/lib/armv7-m\libg.a(lib_a-mlock.o)
 .debug_frame   0x0000250c      0x264 c:/program files (x86)/gnu tools arm embedded/5.2 2015q4/bin/../lib/gcc/arm-none-eabi/5.2.1/../../../../arm-none-eabi/lib/armv7-m\libg.a(lib_a-mprec.o)
 .debug_frame   0x00002770       0x34 c:/program files (x86)/gnu tools arm embedded/5.2 2015q4/bin/../lib/gcc/arm-none-eabi/5.2.1/../../../../arm-none-eabi/lib/armv7-m\libg.a(lib_a-s_fpclassify.o)
 .debug_frame   0x000027a4       0x2c c:/program files (x86)/gnu tools arm embedded/5.2 2015q4/bin/../lib/gcc/arm-none-eabi/5.2.1/../../../../arm-none-eabi/lib/armv7-m\libg.a(lib_a-sbrkr.o)
 .debug_frame   0x000027d0       0x78 c:/program files (x86)/gnu tools arm embedded/5.2 2015q4/bin/../lib/gcc/arm-none-eabi/5.2.1/../../../../arm-none-eabi/lib/armv7-m\libg.a(lib_a-svfiprintf.o)
 .debug_frame   0x00002848       0x28 c:/program files (x86)/gnu tools arm embedded/5.2 2015q4/bin/../lib/gcc/arm-none-eabi/5.2.1/../../../../arm-none-eabi/lib/armv7-m\libg.a(lib_a-callocr.o)
 .debug_frame   0x00002870       0x74 c:/program files (x86)/gnu tools arm embedded/5.2 2015q4/bin/../lib/gcc/arm-none-eabi/5.2.1/../../../../arm-none-eabi/lib/armv7-m\libg.a(lib_a-freer.o)
 .debug_frame   0x000028e4       0x30 c:/program files (x86)/gnu tools arm embedded/5.2 2015q4/bin/../lib/gcc/arm-none-eabi/5.2.1/../../../../arm-none-eabi/lib/armv7-m\libg.a(lib_a-memmove.o)
 .debug_frame   0x00002914       0x58 c:/program files (x86)/gnu tools arm embedded/5.2 2015q4/bin/../lib/gcc/arm-none-eabi/5.2.1/../../../../arm-none-eabi/lib/armv7-m\libg.a(lib_a-reallocr.o)
 .debug_frame   0x0000296c       0x58 c:/program files (x86)/gnu tools arm embedded/5.2 2015q4/bin/../lib/gcc/arm-none-eabi/5.2.1/../../../../arm-none-eabi/lib/armv7-m\libg.a(lib_a-reent.o)
 .debug_frame   0x000029c4       0x2c c:/program files (x86)/gnu tools arm embedded/5.2 2015q4/bin/../lib/gcc/arm-none-eabi/5.2.1/armv7-m\libgcc.a(_aeabi_uldivmod.o)
 .debug_frame   0x000029f0       0x38 c:/program files (x86)/gnu tools arm embedded/5.2 2015q4/bin/../lib/gcc/arm-none-eabi/5.2.1/armv7-m\libgcc.a(_udivmoddi4.o)
